

================================================================
== Vivado HLS Report for 'fill_buffer'
================================================================
* Date:           Thu Oct 10 10:37:04 2024

* Version:        2019.1 (Build 2552052 on Fri May 24 15:28:33 MDT 2019)
* Project:        myproject_prj
* Solution:       solution1
* Product family: virtexuplus
* Target device:  xcvu9p-flga2577-2-e


================================================================
== Performance Estimates
================================================================
+ Timing (ns): 
    * Summary: 
    +--------+-------+----------+------------+
    |  Clock | Target| Estimated| Uncertainty|
    +--------+-------+----------+------------+
    |ap_clk  |   5.00|     4.263|        0.62|
    +--------+-------+----------+------------+

+ Latency (clock cycles): 
    * Summary: 
    +-----+-----+-----+-----+----------+
    |  Latency  |  Interval | Pipeline |
    | min | max | min | max |   Type   |
    +-----+-----+-----+-----+----------+
    |    1|    1|    1|    1| function |
    +-----+-----+-----+-----+----------+

    + Detail: 
        * Instance: 
        N/A

        * Loop: 
        N/A



================================================================
== Utilization Estimates
================================================================
* Summary: 
+---------------------+---------+-------+---------+---------+-----+
|         Name        | BRAM_18K| DSP48E|    FF   |   LUT   | URAM|
+---------------------+---------+-------+---------+---------+-----+
|DSP                  |        -|      -|        -|        -|    -|
|Expression           |        -|      -|        0|     1651|    -|
|FIFO                 |        -|      -|        -|        -|    -|
|Instance             |        -|      -|        -|        -|    -|
|Memory               |        -|      -|        -|        -|    -|
|Multiplexer          |        -|      -|        -|        9|    -|
|Register             |        -|      -|      970|        -|    -|
+---------------------+---------+-------+---------+---------+-----+
|Total                |        0|      0|      970|     1660|    0|
+---------------------+---------+-------+---------+---------+-----+
|Available SLR        |     1440|   2280|   788160|   394080|  320|
+---------------------+---------+-------+---------+---------+-----+
|Utilization SLR (%)  |        0|      0|    ~0   |    ~0   |    0|
+---------------------+---------+-------+---------+---------+-----+
|Available            |     4320|   6840|  2364480|  1182240|  960|
+---------------------+---------+-------+---------+---------+-----+
|Utilization (%)      |        0|      0|    ~0   |    ~0   |    0|
+---------------------+---------+-------+---------+---------+-----+

+ Detail: 
    * Instance: 
    N/A

    * DSP48E: 
    N/A

    * Memory: 
    N/A

    * FIFO: 
    N/A

    * Expression: 
    +-------------------------+----------+-------+---+----+------------+------------+
    |      Variable Name      | Operation| DSP48E| FF| LUT| Bitwidth P0| Bitwidth P1|
    +-------------------------+----------+-------+---+----+------------+------------+
    |icmp_ln101_fu_740_p2     |   icmp   |      0|  0|  11|           6|           5|
    |icmp_ln105_fu_764_p2     |   icmp   |      0|  0|  11|           6|           5|
    |icmp_ln109_fu_788_p2     |   icmp   |      0|  0|  11|           6|           5|
    |icmp_ln113_fu_812_p2     |   icmp   |      0|  0|  11|           6|           5|
    |icmp_ln117_fu_836_p2     |   icmp   |      0|  0|  11|           6|           5|
    |icmp_ln121_fu_860_p2     |   icmp   |      0|  0|  11|           6|           5|
    |icmp_ln125_fu_884_p2     |   icmp   |      0|  0|  11|           6|           5|
    |icmp_ln129_fu_908_p2     |   icmp   |      0|  0|  11|           6|           5|
    |icmp_ln133_fu_932_p2     |   icmp   |      0|  0|  11|           6|           5|
    |icmp_ln137_fu_956_p2     |   icmp   |      0|  0|  11|           6|           5|
    |icmp_ln141_fu_980_p2     |   icmp   |      0|  0|  11|           6|           5|
    |icmp_ln145_fu_1004_p2    |   icmp   |      0|  0|  11|           6|           5|
    |icmp_ln149_fu_1028_p2    |   icmp   |      0|  0|  11|           6|           5|
    |icmp_ln153_fu_1052_p2    |   icmp   |      0|  0|  11|           6|           5|
    |icmp_ln157_fu_1076_p2    |   icmp   |      0|  0|  11|           6|           5|
    |icmp_ln161_fu_1268_p2    |   icmp   |      0|  0|  11|           6|           5|
    |icmp_ln165_fu_1289_p2    |   icmp   |      0|  0|  11|           6|           7|
    |icmp_ln169_fu_1311_p2    |   icmp   |      0|  0|  11|           6|           6|
    |icmp_ln173_fu_1333_p2    |   icmp   |      0|  0|  11|           6|           6|
    |icmp_ln177_fu_1355_p2    |   icmp   |      0|  0|  11|           6|           6|
    |icmp_ln181_fu_1377_p2    |   icmp   |      0|  0|  11|           6|           6|
    |icmp_ln185_fu_1399_p2    |   icmp   |      0|  0|  11|           6|           6|
    |icmp_ln189_fu_1421_p2    |   icmp   |      0|  0|  11|           6|           6|
    |icmp_ln193_fu_1443_p2    |   icmp   |      0|  0|  11|           6|           6|
    |icmp_ln197_fu_1465_p2    |   icmp   |      0|  0|  11|           6|           6|
    |icmp_ln201_fu_1487_p2    |   icmp   |      0|  0|  11|           6|           6|
    |icmp_ln205_fu_1509_p2    |   icmp   |      0|  0|  11|           6|           6|
    |icmp_ln209_fu_1531_p2    |   icmp   |      0|  0|  11|           6|           6|
    |icmp_ln213_fu_1553_p2    |   icmp   |      0|  0|  11|           6|           6|
    |icmp_ln217_fu_1575_p2    |   icmp   |      0|  0|  11|           6|           6|
    |icmp_ln221_fu_1597_p2    |   icmp   |      0|  0|  11|           6|           6|
    |icmp_ln225_fu_1619_p2    |   icmp   |      0|  0|  11|           6|           6|
    |icmp_ln229_fu_1641_p2    |   icmp   |      0|  0|  11|           6|           6|
    |icmp_ln233_fu_1663_p2    |   icmp   |      0|  0|  11|           6|           5|
    |icmp_ln237_fu_1685_p2    |   icmp   |      0|  0|  11|           6|           5|
    |icmp_ln241_fu_1707_p2    |   icmp   |      0|  0|  11|           6|           5|
    |icmp_ln245_fu_1729_p2    |   icmp   |      0|  0|  11|           6|           5|
    |icmp_ln249_fu_1751_p2    |   icmp   |      0|  0|  11|           6|           5|
    |icmp_ln253_fu_1773_p2    |   icmp   |      0|  0|  11|           6|           5|
    |icmp_ln257_fu_1795_p2    |   icmp   |      0|  0|  11|           6|           5|
    |icmp_ln261_fu_1817_p2    |   icmp   |      0|  0|  11|           6|           5|
    |icmp_ln37_fu_370_p2      |   icmp   |      0|  0|  11|           6|           1|
    |icmp_ln41_fu_380_p2      |   icmp   |      0|  0|  11|           6|           1|
    |icmp_ln45_fu_404_p2      |   icmp   |      0|  0|  11|           6|           2|
    |icmp_ln49_fu_428_p2      |   icmp   |      0|  0|  11|           6|           2|
    |icmp_ln53_fu_452_p2      |   icmp   |      0|  0|  11|           6|           3|
    |icmp_ln57_fu_476_p2      |   icmp   |      0|  0|  11|           6|           3|
    |icmp_ln61_fu_500_p2      |   icmp   |      0|  0|  11|           6|           3|
    |icmp_ln65_fu_524_p2      |   icmp   |      0|  0|  11|           6|           3|
    |icmp_ln69_fu_548_p2      |   icmp   |      0|  0|  11|           6|           4|
    |icmp_ln73_fu_572_p2      |   icmp   |      0|  0|  11|           6|           4|
    |icmp_ln77_fu_596_p2      |   icmp   |      0|  0|  11|           6|           4|
    |icmp_ln81_fu_620_p2      |   icmp   |      0|  0|  11|           6|           4|
    |icmp_ln85_fu_644_p2      |   icmp   |      0|  0|  11|           6|           4|
    |icmp_ln89_fu_668_p2      |   icmp   |      0|  0|  11|           6|           4|
    |icmp_ln93_fu_692_p2      |   icmp   |      0|  0|  11|           6|           4|
    |icmp_ln97_fu_716_p2      |   icmp   |      0|  0|  11|           6|           4|
    |or_ln261_10_fu_1160_p2   |    or    |      0|  0|   2|           1|           1|
    |or_ln261_11_fu_1166_p2   |    or    |      0|  0|   2|           1|           1|
    |or_ln261_12_fu_1172_p2   |    or    |      0|  0|   2|           1|           1|
    |or_ln261_13_fu_1178_p2   |    or    |      0|  0|   2|           1|           1|
    |or_ln261_14_fu_1184_p2   |    or    |      0|  0|   2|           1|           1|
    |or_ln261_15_fu_1190_p2   |    or    |      0|  0|   2|           1|           1|
    |or_ln261_16_fu_1196_p2   |    or    |      0|  0|   2|           1|           1|
    |or_ln261_17_fu_1202_p2   |    or    |      0|  0|   2|           1|           1|
    |or_ln261_18_fu_1208_p2   |    or    |      0|  0|   2|           1|           1|
    |or_ln261_19_fu_1214_p2   |    or    |      0|  0|   2|           1|           1|
    |or_ln261_1_fu_1106_p2    |    or    |      0|  0|   2|           1|           1|
    |or_ln261_20_fu_1220_p2   |    or    |      0|  0|   2|           1|           1|
    |or_ln261_21_fu_1226_p2   |    or    |      0|  0|   2|           1|           1|
    |or_ln261_22_fu_1232_p2   |    or    |      0|  0|   2|           1|           1|
    |or_ln261_23_fu_1238_p2   |    or    |      0|  0|   2|           1|           1|
    |or_ln261_24_fu_1244_p2   |    or    |      0|  0|   2|           1|           1|
    |or_ln261_25_fu_1250_p2   |    or    |      0|  0|   2|           1|           1|
    |or_ln261_26_fu_1831_p2   |    or    |      0|  0|   2|           1|           1|
    |or_ln261_27_fu_1256_p2   |    or    |      0|  0|   2|           1|           1|
    |or_ln261_28_fu_1262_p2   |    or    |      0|  0|   2|           1|           1|
    |or_ln261_29_fu_1835_p2   |    or    |      0|  0|   2|           1|           1|
    |or_ln261_2_fu_1112_p2    |    or    |      0|  0|   2|           1|           1|
    |or_ln261_30_fu_1841_p2   |    or    |      0|  0|   2|           1|           1|
    |or_ln261_31_fu_1847_p2   |    or    |      0|  0|   2|           1|           1|
    |or_ln261_32_fu_1853_p2   |    or    |      0|  0|   2|           1|           1|
    |or_ln261_33_fu_1858_p2   |    or    |      0|  0|   2|           1|           1|
    |or_ln261_34_fu_1864_p2   |    or    |      0|  0|   2|           1|           1|
    |or_ln261_35_fu_1870_p2   |    or    |      0|  0|   2|           1|           1|
    |or_ln261_36_fu_1876_p2   |    or    |      0|  0|   2|           1|           1|
    |or_ln261_37_fu_1882_p2   |    or    |      0|  0|   2|           1|           1|
    |or_ln261_38_fu_1888_p2   |    or    |      0|  0|   2|           1|           1|
    |or_ln261_39_fu_1894_p2   |    or    |      0|  0|   2|           1|           1|
    |or_ln261_3_fu_1118_p2    |    or    |      0|  0|   2|           1|           1|
    |or_ln261_40_fu_1900_p2   |    or    |      0|  0|   2|           1|           1|
    |or_ln261_41_fu_1906_p2   |    or    |      0|  0|   2|           1|           1|
    |or_ln261_42_fu_1912_p2   |    or    |      0|  0|   2|           1|           1|
    |or_ln261_43_fu_1918_p2   |    or    |      0|  0|   2|           1|           1|
    |or_ln261_44_fu_1924_p2   |    or    |      0|  0|   2|           1|           1|
    |or_ln261_45_fu_1930_p2   |    or    |      0|  0|   2|           1|           1|
    |or_ln261_46_fu_1936_p2   |    or    |      0|  0|   2|           1|           1|
    |or_ln261_47_fu_1942_p2   |    or    |      0|  0|   2|           1|           1|
    |or_ln261_48_fu_1948_p2   |    or    |      0|  0|   2|           1|           1|
    |or_ln261_49_fu_1954_p2   |    or    |      0|  0|   2|           1|           1|
    |or_ln261_4_fu_1124_p2    |    or    |      0|  0|   2|           1|           1|
    |or_ln261_50_fu_1960_p2   |    or    |      0|  0|   2|           1|           1|
    |or_ln261_51_fu_1966_p2   |    or    |      0|  0|   2|           1|           1|
    |or_ln261_52_fu_1972_p2   |    or    |      0|  0|   2|           1|           1|
    |or_ln261_53_fu_1978_p2   |    or    |      0|  0|   2|           1|           1|
    |or_ln261_54_fu_1984_p2   |    or    |      0|  0|   2|           1|           1|
    |or_ln261_55_fu_1990_p2   |    or    |      0|  0|   2|           1|           1|
    |or_ln261_5_fu_1130_p2    |    or    |      0|  0|   2|           1|           1|
    |or_ln261_6_fu_1136_p2    |    or    |      0|  0|   2|           1|           1|
    |or_ln261_7_fu_1142_p2    |    or    |      0|  0|   2|           1|           1|
    |or_ln261_8_fu_1148_p2    |    or    |      0|  0|   2|           1|           1|
    |or_ln261_9_fu_1154_p2    |    or    |      0|  0|   2|           1|           1|
    |or_ln261_fu_1100_p2      |    or    |      0|  0|   2|           1|           1|
    |select_ln101_fu_756_p3   |  select  |      0|  0|  16|           1|          16|
    |select_ln105_fu_780_p3   |  select  |      0|  0|  16|           1|          16|
    |select_ln109_fu_804_p3   |  select  |      0|  0|  16|           1|          16|
    |select_ln113_fu_828_p3   |  select  |      0|  0|  16|           1|          16|
    |select_ln117_fu_852_p3   |  select  |      0|  0|  16|           1|          16|
    |select_ln121_fu_876_p3   |  select  |      0|  0|  16|           1|          16|
    |select_ln125_fu_900_p3   |  select  |      0|  0|  16|           1|          16|
    |select_ln129_fu_924_p3   |  select  |      0|  0|  16|           1|          16|
    |select_ln133_fu_948_p3   |  select  |      0|  0|  16|           1|          16|
    |select_ln137_fu_972_p3   |  select  |      0|  0|  16|           1|          16|
    |select_ln141_fu_996_p3   |  select  |      0|  0|  16|           1|          16|
    |select_ln145_fu_1020_p3  |  select  |      0|  0|  16|           1|          16|
    |select_ln149_fu_1044_p3  |  select  |      0|  0|  16|           1|          16|
    |select_ln153_fu_1068_p3  |  select  |      0|  0|  16|           1|          16|
    |select_ln157_fu_1092_p3  |  select  |      0|  0|  16|           1|          16|
    |select_ln161_fu_1282_p3  |  select  |      0|  0|  16|           1|          16|
    |select_ln165_fu_1303_p3  |  select  |      0|  0|  16|           1|          16|
    |select_ln169_fu_1325_p3  |  select  |      0|  0|  16|           1|          16|
    |select_ln173_fu_1347_p3  |  select  |      0|  0|  16|           1|          16|
    |select_ln177_fu_1369_p3  |  select  |      0|  0|  16|           1|          16|
    |select_ln181_fu_1391_p3  |  select  |      0|  0|  16|           1|          16|
    |select_ln185_fu_1413_p3  |  select  |      0|  0|  16|           1|          16|
    |select_ln189_fu_1435_p3  |  select  |      0|  0|  16|           1|          16|
    |select_ln193_fu_1457_p3  |  select  |      0|  0|  16|           1|          16|
    |select_ln197_fu_1479_p3  |  select  |      0|  0|  16|           1|          16|
    |select_ln201_fu_1501_p3  |  select  |      0|  0|  16|           1|          16|
    |select_ln205_fu_1523_p3  |  select  |      0|  0|  16|           1|          16|
    |select_ln209_fu_1545_p3  |  select  |      0|  0|  16|           1|          16|
    |select_ln213_fu_1567_p3  |  select  |      0|  0|  16|           1|          16|
    |select_ln217_fu_1589_p3  |  select  |      0|  0|  16|           1|          16|
    |select_ln221_fu_1611_p3  |  select  |      0|  0|  16|           1|          16|
    |select_ln225_fu_1633_p3  |  select  |      0|  0|  16|           1|          16|
    |select_ln229_fu_1655_p3  |  select  |      0|  0|  16|           1|          16|
    |select_ln233_fu_1677_p3  |  select  |      0|  0|  16|           1|          16|
    |select_ln237_fu_1699_p3  |  select  |      0|  0|  16|           1|          16|
    |select_ln241_fu_1721_p3  |  select  |      0|  0|  16|           1|          16|
    |select_ln245_fu_1743_p3  |  select  |      0|  0|  16|           1|          16|
    |select_ln249_fu_1765_p3  |  select  |      0|  0|  16|           1|          16|
    |select_ln253_fu_1787_p3  |  select  |      0|  0|  16|           1|          16|
    |select_ln257_fu_1809_p3  |  select  |      0|  0|  16|           1|          16|
    |select_ln261_fu_1996_p3  |  select  |      0|  0|  16|           1|          16|
    |select_ln265_fu_2004_p3  |  select  |      0|  0|  16|           1|          16|
    |select_ln41_fu_396_p3    |  select  |      0|  0|  16|           1|          16|
    |select_ln45_fu_420_p3    |  select  |      0|  0|  16|           1|          16|
    |select_ln49_fu_444_p3    |  select  |      0|  0|  16|           1|          16|
    |select_ln53_fu_468_p3    |  select  |      0|  0|  16|           1|          16|
    |select_ln57_fu_492_p3    |  select  |      0|  0|  16|           1|          16|
    |select_ln61_fu_516_p3    |  select  |      0|  0|  16|           1|          16|
    |select_ln65_fu_540_p3    |  select  |      0|  0|  16|           1|          16|
    |select_ln69_fu_564_p3    |  select  |      0|  0|  16|           1|          16|
    |select_ln73_fu_588_p3    |  select  |      0|  0|  16|           1|          16|
    |select_ln77_fu_612_p3    |  select  |      0|  0|  16|           1|          16|
    |select_ln81_fu_636_p3    |  select  |      0|  0|  16|           1|          16|
    |select_ln85_fu_660_p3    |  select  |      0|  0|  16|           1|          16|
    |select_ln89_fu_684_p3    |  select  |      0|  0|  16|           1|          16|
    |select_ln93_fu_708_p3    |  select  |      0|  0|  16|           1|          16|
    |select_ln97_fu_732_p3    |  select  |      0|  0|  16|           1|          16|
    +-------------------------+----------+-------+---+----+------------+------------+
    |Total                    |          |      0|  0|1651|         455|        1241|
    +-------------------------+----------+-------+---+----+------------+------------+

    * Multiplexer: 
    +-----------+----+-----------+-----+-----------+
    |    Name   | LUT| Input Size| Bits| Total Bits|
    +-----------+----+-----------+-----+-----------+
    |ap_return  |   9|          2|   16|         32|
    +-----------+----+-----------+-----+-----------+
    |Total      |   9|          2|   16|         32|
    +-----------+----+-----------+-----+-----------+

    * Register: 
    +-------------------------+-----+----+-----+-----------+
    |           Name          |  FF | LUT| Bits| Const Bits|
    +-------------------------+-----+----+-----+-----------+
    |ap_ce_reg                |    1|   0|    1|          0|
    |ap_return_int_reg        |   16|   0|   16|          0|
    |data_V_read_2_reg_2046   |  912|   0|  912|          0|
    |or_ln261_12_reg_2081     |    1|   0|    1|          0|
    |or_ln261_25_reg_2086     |    1|   0|    1|          0|
    |or_ln261_28_reg_2091     |    1|   0|    1|          0|
    |p_read_reg_2041          |   16|   0|   16|          0|
    |partition_read_reg_2011  |    6|   0|    6|          0|
    |select_ln157_reg_2076    |   16|   0|   16|          0|
    +-------------------------+-----+----+-----+-----------+
    |Total                    |  970|   0|  970|          0|
    +-------------------------+-----+----+-----+-----------+



================================================================
== Interface
================================================================
* Summary: 
+-------------+-----+-----+------------+--------------+--------------+
|  RTL Ports  | Dir | Bits|  Protocol  | Source Object|    C Type    |
+-------------+-----+-----+------------+--------------+--------------+
|ap_clk       |  in |    1| ap_ctrl_hs |  fill_buffer | return value |
|ap_rst       |  in |    1| ap_ctrl_hs |  fill_buffer | return value |
|ap_return    | out |   16| ap_ctrl_hs |  fill_buffer | return value |
|ap_ce        |  in |    1| ap_ctrl_hs |  fill_buffer | return value |
|data_V_read  |  in |  912|   ap_none  |  data_V_read |    scalar    |
|p_read1      |  in |   16|   ap_none  |    p_read1   |    scalar    |
|partition    |  in |    6|   ap_none  |   partition  |    scalar    |
+-------------+-----+-----+------------+--------------+--------------+

