

================================================================
== Vivado HLS Report for 'klloss_ap_fixed_ap_fixed_16_6_5_3_0_ap_fixed_16_6_5_3_0_config6_s'
================================================================
* Date:           Thu Oct 10 10:37:05 2024

* Version:        2019.1 (Build 2552052 on Fri May 24 15:28:33 MDT 2019)
* Project:        myproject_prj
* Solution:       solution1
* Product family: virtexuplus
* Target device:  xcvu9p-flga2577-2-e


================================================================
== Performance Estimates
================================================================
+ Timing (ns): 
    * Summary: 
    +--------+-------+----------+------------+
    |  Clock | Target| Estimated| Uncertainty|
    +--------+-------+----------+------------+
    |ap_clk  |   5.00|     3.858|        0.62|
    +--------+-------+----------+------------+

+ Latency (clock cycles): 
    * Summary: 
    +-----+-----+-----+-----+----------+
    |  Latency  |  Interval | Pipeline |
    | min | max | min | max |   Type   |
    +-----+-----+-----+-----+----------+
    |    2|    2|    1|    1| function |
    +-----+-----+-----+-----+----------+

    + Detail: 
        * Instance: 
        N/A

        * Loop: 
        N/A



================================================================
== Utilization Estimates
================================================================
* Summary: 
+---------------------+---------+-------+---------+---------+-----+
|         Name        | BRAM_18K| DSP48E|    FF   |   LUT   | URAM|
+---------------------+---------+-------+---------+---------+-----+
|DSP                  |        -|     20|        -|        -|    -|
|Expression           |        -|      -|        0|     3110|    -|
|FIFO                 |        -|      -|        -|        -|    -|
|Instance             |        -|      -|        -|        -|    -|
|Memory               |       10|      -|        0|        0|    -|
|Multiplexer          |        -|      -|        -|        9|    -|
|Register             |        -|      -|      660|        -|    -|
+---------------------+---------+-------+---------+---------+-----+
|Total                |       10|     20|      660|     3119|    0|
+---------------------+---------+-------+---------+---------+-----+
|Available SLR        |     1440|   2280|   788160|   394080|  320|
+---------------------+---------+-------+---------+---------+-----+
|Utilization SLR (%)  |    ~0   |   ~0  |    ~0   |    ~0   |    0|
+---------------------+---------+-------+---------+---------+-----+
|Available            |     4320|   6840|  2364480|  1182240|  960|
+---------------------+---------+-------+---------+---------+-----+
|Utilization (%)      |    ~0   |   ~0  |    ~0   |    ~0   |    0|
+---------------------+---------+-------+---------+---------+-----+

+ Detail: 
    * Instance: 
    N/A

    * DSP48E: 
    +--------------------------------------+----------------------------------+-----------+
    |               Instance               |              Module              | Expression|
    +--------------------------------------+----------------------------------+-----------+
    |myproject_mul_mul_16s_16s_26_1_1_U37  |myproject_mul_mul_16s_16s_26_1_1  |  i0 * i0  |
    |myproject_mul_mul_16s_16s_26_1_1_U38  |myproject_mul_mul_16s_16s_26_1_1  |  i0 * i0  |
    |myproject_mul_mul_16s_16s_26_1_1_U39  |myproject_mul_mul_16s_16s_26_1_1  |  i0 * i0  |
    |myproject_mul_mul_16s_16s_26_1_1_U40  |myproject_mul_mul_16s_16s_26_1_1  |  i0 * i0  |
    |myproject_mul_mul_16s_16s_26_1_1_U41  |myproject_mul_mul_16s_16s_26_1_1  |  i0 * i0  |
    |myproject_mul_mul_16s_16s_26_1_1_U42  |myproject_mul_mul_16s_16s_26_1_1  |  i0 * i0  |
    |myproject_mul_mul_16s_16s_26_1_1_U43  |myproject_mul_mul_16s_16s_26_1_1  |  i0 * i0  |
    |myproject_mul_mul_16s_16s_26_1_1_U44  |myproject_mul_mul_16s_16s_26_1_1  |  i0 * i0  |
    |myproject_mul_mul_16s_16s_26_1_1_U45  |myproject_mul_mul_16s_16s_26_1_1  |  i0 * i0  |
    |myproject_mul_mul_16s_16s_26_1_1_U46  |myproject_mul_mul_16s_16s_26_1_1  |  i0 * i0  |
    |myproject_mul_mul_16s_16s_26_1_1_U47  |myproject_mul_mul_16s_16s_26_1_1  |  i0 * i0  |
    |myproject_mul_mul_16s_16s_26_1_1_U48  |myproject_mul_mul_16s_16s_26_1_1  |  i0 * i0  |
    |myproject_mul_mul_16s_16s_26_1_1_U49  |myproject_mul_mul_16s_16s_26_1_1  |  i0 * i0  |
    |myproject_mul_mul_16s_16s_26_1_1_U50  |myproject_mul_mul_16s_16s_26_1_1  |  i0 * i0  |
    |myproject_mul_mul_16s_16s_26_1_1_U51  |myproject_mul_mul_16s_16s_26_1_1  |  i0 * i0  |
    |myproject_mul_mul_16s_16s_26_1_1_U52  |myproject_mul_mul_16s_16s_26_1_1  |  i0 * i0  |
    |myproject_mul_mul_16s_16s_26_1_1_U53  |myproject_mul_mul_16s_16s_26_1_1  |  i0 * i0  |
    |myproject_mul_mul_16s_16s_26_1_1_U54  |myproject_mul_mul_16s_16s_26_1_1  |  i0 * i0  |
    |myproject_mul_mul_16s_16s_26_1_1_U55  |myproject_mul_mul_16s_16s_26_1_1  |  i0 * i0  |
    |myproject_mul_mul_7ns_16s_23_1_1_U56  |myproject_mul_mul_7ns_16s_23_1_1  |  i0 * i1  |
    +--------------------------------------+----------------------------------+-----------+

    * Memory: 
    +--------------+------------------------------------------------------------------------------+---------+---+----+-----+------+-----+------+-------------+
    |    Memory    |                                    Module                                    | BRAM_18K| FF| LUT| URAM| Words| Bits| Banks| W*Bits*Banks|
    +--------------+------------------------------------------------------------------------------+---------+---+----+-----+------+-----+------+-------------+
    |exp_table1_U  |klloss_ap_fixed_ap_fixed_16_6_5_3_0_ap_fixed_16_6_5_3_0_config6_s_exp_table1  |       10|  0|   0|    0|  1024|   17|     1|        17408|
    +--------------+------------------------------------------------------------------------------+---------+---+----+-----+------+-----+------+-------------+
    |Total         |                                                                              |       10|  0|   0|    0|  1024|   17|     1|        17408|
    +--------------+------------------------------------------------------------------------------+---------+---+----+-----+------+-----+------+-------------+

    * FIFO: 
    N/A

    * Expression: 
    +----------------------------------+----------+-------+---+----+------------+------------+
    |           Variable Name          | Operation| DSP48E| FF| LUT| Bitwidth P0| Bitwidth P1|
    +----------------------------------+----------+-------+---+----+------------+------------+
    |add_ln1192_10_fu_1549_p2          |     +    |      0|  0|  23|          20|          23|
    |add_ln1192_11_fu_1618_p2          |     +    |      0|  0|  23|          20|          23|
    |add_ln1192_12_fu_1687_p2          |     +    |      0|  0|  23|          20|          23|
    |add_ln1192_13_fu_1756_p2          |     +    |      0|  0|  23|          20|          23|
    |add_ln1192_14_fu_1825_p2          |     +    |      0|  0|  23|          20|          23|
    |add_ln1192_15_fu_1894_p2          |     +    |      0|  0|  23|          20|          23|
    |add_ln1192_16_fu_1963_p2          |     +    |      0|  0|  23|          20|          23|
    |add_ln1192_17_fu_2032_p2          |     +    |      0|  0|  23|          20|          23|
    |add_ln1192_18_fu_2101_p2          |     +    |      0|  0|  23|          20|          23|
    |add_ln1192_1_fu_928_p2            |     +    |      0|  0|  23|          20|          23|
    |add_ln1192_2_fu_997_p2            |     +    |      0|  0|  23|          20|          23|
    |add_ln1192_3_fu_1066_p2           |     +    |      0|  0|  23|          20|          23|
    |add_ln1192_4_fu_1135_p2           |     +    |      0|  0|  23|          20|          23|
    |add_ln1192_5_fu_1204_p2           |     +    |      0|  0|  23|          20|          23|
    |add_ln1192_6_fu_1273_p2           |     +    |      0|  0|  23|          20|          23|
    |add_ln1192_7_fu_1342_p2           |     +    |      0|  0|  23|          20|          23|
    |add_ln1192_8_fu_1411_p2           |     +    |      0|  0|  23|          20|          23|
    |add_ln1192_9_fu_1480_p2           |     +    |      0|  0|  23|          20|          23|
    |add_ln1192_fu_859_p2              |     +    |      0|  0|  23|          20|          23|
    |add_ln1495_10_fu_1555_p2          |     +    |      0|  0|  22|          20|          22|
    |add_ln1495_11_fu_1624_p2          |     +    |      0|  0|  22|          20|          22|
    |add_ln1495_12_fu_1693_p2          |     +    |      0|  0|  22|          20|          22|
    |add_ln1495_13_fu_1762_p2          |     +    |      0|  0|  22|          20|          22|
    |add_ln1495_14_fu_1831_p2          |     +    |      0|  0|  22|          20|          22|
    |add_ln1495_15_fu_1900_p2          |     +    |      0|  0|  22|          20|          22|
    |add_ln1495_16_fu_1969_p2          |     +    |      0|  0|  22|          20|          22|
    |add_ln1495_17_fu_2038_p2          |     +    |      0|  0|  22|          20|          22|
    |add_ln1495_18_fu_2107_p2          |     +    |      0|  0|  22|          20|          22|
    |add_ln1495_1_fu_934_p2            |     +    |      0|  0|  22|          20|          22|
    |add_ln1495_2_fu_1003_p2           |     +    |      0|  0|  22|          20|          22|
    |add_ln1495_3_fu_1072_p2           |     +    |      0|  0|  22|          20|          22|
    |add_ln1495_4_fu_1141_p2           |     +    |      0|  0|  22|          20|          22|
    |add_ln1495_5_fu_1210_p2           |     +    |      0|  0|  22|          20|          22|
    |add_ln1495_6_fu_1279_p2           |     +    |      0|  0|  22|          20|          22|
    |add_ln1495_7_fu_1348_p2           |     +    |      0|  0|  22|          20|          22|
    |add_ln1495_8_fu_1417_p2           |     +    |      0|  0|  22|          20|          22|
    |add_ln1495_9_fu_1486_p2           |     +    |      0|  0|  22|          20|          22|
    |add_ln1495_fu_865_p2              |     +    |      0|  0|  22|          20|          22|
    |add_ln703_10_fu_2208_p2           |     +    |      0|  0|  16|          11|          16|
    |add_ln703_11_fu_2213_p2           |     +    |      0|  0|  16|          11|          16|
    |add_ln703_12_fu_2218_p2           |     +    |      0|  0|  16|          11|          16|
    |add_ln703_13_fu_2223_p2           |     +    |      0|  0|  16|          11|          16|
    |add_ln703_14_fu_2228_p2           |     +    |      0|  0|  16|          11|          16|
    |add_ln703_15_fu_2233_p2           |     +    |      0|  0|  16|          11|          16|
    |add_ln703_16_fu_2238_p2           |     +    |      0|  0|  16|          11|          16|
    |add_ln703_17_fu_2243_p2           |     +    |      0|  0|  16|          11|          16|
    |add_ln703_18_fu_2248_p2           |     +    |      0|  0|  16|          11|          16|
    |add_ln703_19_fu_2538_p2           |     +    |      0|  0|  16|          16|          16|
    |add_ln703_1_fu_2163_p2            |     +    |      0|  0|  16|          11|          16|
    |add_ln703_20_fu_2544_p2           |     +    |      0|  0|  16|          16|          16|
    |add_ln703_21_fu_2550_p2           |     +    |      0|  0|  16|          16|          16|
    |add_ln703_22_fu_2556_p2           |     +    |      0|  0|  16|          16|          16|
    |add_ln703_23_fu_2562_p2           |     +    |      0|  0|  16|          16|          16|
    |add_ln703_24_fu_2568_p2           |     +    |      0|  0|  16|          16|          16|
    |add_ln703_25_fu_2574_p2           |     +    |      0|  0|  16|          16|          16|
    |add_ln703_26_fu_2634_p2           |     +    |      0|  0|  16|          16|          16|
    |add_ln703_27_fu_2580_p2           |     +    |      0|  0|  16|          16|          16|
    |add_ln703_28_fu_2586_p2           |     +    |      0|  0|  16|          16|          16|
    |add_ln703_29_fu_2592_p2           |     +    |      0|  0|  16|          16|          16|
    |add_ln703_2_fu_2168_p2            |     +    |      0|  0|  16|          11|          16|
    |add_ln703_30_fu_2598_p2           |     +    |      0|  0|  16|          16|          16|
    |add_ln703_31_fu_2604_p2           |     +    |      0|  0|  16|          16|          16|
    |add_ln703_32_fu_2610_p2           |     +    |      0|  0|  16|          16|          16|
    |add_ln703_33_fu_2616_p2           |     +    |      0|  0|  16|          16|          16|
    |add_ln703_34_fu_2622_p2           |     +    |      0|  0|  16|          16|          16|
    |add_ln703_35_fu_2628_p2           |     +    |      0|  0|  16|          16|          16|
    |add_ln703_3_fu_2173_p2            |     +    |      0|  0|  16|          11|          16|
    |add_ln703_4_fu_2178_p2            |     +    |      0|  0|  16|          11|          16|
    |add_ln703_5_fu_2183_p2            |     +    |      0|  0|  16|          11|          16|
    |add_ln703_6_fu_2188_p2            |     +    |      0|  0|  16|          11|          16|
    |add_ln703_7_fu_2193_p2            |     +    |      0|  0|  16|          11|          16|
    |add_ln703_8_fu_2198_p2            |     +    |      0|  0|  16|          11|          16|
    |add_ln703_9_fu_2203_p2            |     +    |      0|  0|  16|          11|          16|
    |add_ln703_fu_2158_p2              |     +    |      0|  0|  16|          11|          16|
    |kl_sum_V_fu_2638_p2               |     +    |      0|  0|  16|          16|          16|
    |kl_0_V_fu_2443_p2                 |     -    |      0|  0|  16|          16|          16|
    |kl_10_V_fu_2493_p2                |     -    |      0|  0|  16|          16|          16|
    |kl_11_V_fu_2498_p2                |     -    |      0|  0|  16|          16|          16|
    |kl_12_V_fu_2503_p2                |     -    |      0|  0|  16|          16|          16|
    |kl_13_V_fu_2508_p2                |     -    |      0|  0|  16|          16|          16|
    |kl_14_V_fu_2513_p2                |     -    |      0|  0|  16|          16|          16|
    |kl_15_V_fu_2518_p2                |     -    |      0|  0|  16|          16|          16|
    |kl_16_V_fu_2523_p2                |     -    |      0|  0|  16|          16|          16|
    |kl_17_V_fu_2528_p2                |     -    |      0|  0|  16|          16|          16|
    |kl_18_V_fu_2533_p2                |     -    |      0|  0|  16|          16|          16|
    |kl_1_V_fu_2448_p2                 |     -    |      0|  0|  16|          16|          16|
    |kl_2_V_fu_2453_p2                 |     -    |      0|  0|  16|          16|          16|
    |kl_3_V_fu_2458_p2                 |     -    |      0|  0|  16|          16|          16|
    |kl_4_V_fu_2463_p2                 |     -    |      0|  0|  16|          16|          16|
    |kl_5_V_fu_2468_p2                 |     -    |      0|  0|  16|          16|          16|
    |kl_6_V_fu_2473_p2                 |     -    |      0|  0|  16|          16|          16|
    |kl_7_V_fu_2478_p2                 |     -    |      0|  0|  16|          16|          16|
    |kl_8_V_fu_2483_p2                 |     -    |      0|  0|  16|          16|          16|
    |kl_9_V_fu_2488_p2                 |     -    |      0|  0|  16|          16|          16|
    |r_V_1_fu_2668_p2                  |     -    |      0|  0|  23|           1|          23|
    |sub_ln703_10_fu_2357_p2           |     -    |      0|  0|  16|          16|          16|
    |sub_ln703_11_fu_2367_p2           |     -    |      0|  0|  16|          16|          16|
    |sub_ln703_12_fu_2377_p2           |     -    |      0|  0|  16|          16|          16|
    |sub_ln703_13_fu_2387_p2           |     -    |      0|  0|  16|          16|          16|
    |sub_ln703_14_fu_2397_p2           |     -    |      0|  0|  16|          16|          16|
    |sub_ln703_15_fu_2407_p2           |     -    |      0|  0|  16|          16|          16|
    |sub_ln703_16_fu_2417_p2           |     -    |      0|  0|  16|          16|          16|
    |sub_ln703_17_fu_2427_p2           |     -    |      0|  0|  16|          16|          16|
    |sub_ln703_18_fu_2437_p2           |     -    |      0|  0|  16|          16|          16|
    |sub_ln703_1_fu_2267_p2            |     -    |      0|  0|  16|          16|          16|
    |sub_ln703_2_fu_2277_p2            |     -    |      0|  0|  16|          16|          16|
    |sub_ln703_3_fu_2287_p2            |     -    |      0|  0|  16|          16|          16|
    |sub_ln703_4_fu_2297_p2            |     -    |      0|  0|  16|          16|          16|
    |sub_ln703_5_fu_2307_p2            |     -    |      0|  0|  16|          16|          16|
    |sub_ln703_6_fu_2317_p2            |     -    |      0|  0|  16|          16|          16|
    |sub_ln703_7_fu_2327_p2            |     -    |      0|  0|  16|          16|          16|
    |sub_ln703_8_fu_2337_p2            |     -    |      0|  0|  16|          16|          16|
    |sub_ln703_9_fu_2347_p2            |     -    |      0|  0|  16|          16|          16|
    |sub_ln703_fu_2257_p2              |     -    |      0|  0|  16|          16|          16|
    |icmp_ln1494_10_fu_1577_p2         |   icmp   |      0|  0|  20|          22|          20|
    |icmp_ln1494_11_fu_1646_p2         |   icmp   |      0|  0|  20|          22|          20|
    |icmp_ln1494_12_fu_1715_p2         |   icmp   |      0|  0|  20|          22|          20|
    |icmp_ln1494_13_fu_1784_p2         |   icmp   |      0|  0|  20|          22|          20|
    |icmp_ln1494_14_fu_1853_p2         |   icmp   |      0|  0|  20|          22|          20|
    |icmp_ln1494_15_fu_1922_p2         |   icmp   |      0|  0|  20|          22|          20|
    |icmp_ln1494_16_fu_1991_p2         |   icmp   |      0|  0|  20|          22|          20|
    |icmp_ln1494_17_fu_2060_p2         |   icmp   |      0|  0|  20|          22|          20|
    |icmp_ln1494_18_fu_2129_p2         |   icmp   |      0|  0|  20|          22|          20|
    |icmp_ln1494_1_fu_956_p2           |   icmp   |      0|  0|  20|          22|          20|
    |icmp_ln1494_2_fu_1025_p2          |   icmp   |      0|  0|  20|          22|          20|
    |icmp_ln1494_3_fu_1094_p2          |   icmp   |      0|  0|  20|          22|          20|
    |icmp_ln1494_4_fu_1163_p2          |   icmp   |      0|  0|  20|          22|          20|
    |icmp_ln1494_5_fu_1232_p2          |   icmp   |      0|  0|  20|          22|          20|
    |icmp_ln1494_6_fu_1301_p2          |   icmp   |      0|  0|  20|          22|          20|
    |icmp_ln1494_7_fu_1370_p2          |   icmp   |      0|  0|  20|          22|          20|
    |icmp_ln1494_8_fu_1439_p2          |   icmp   |      0|  0|  20|          22|          20|
    |icmp_ln1494_9_fu_1508_p2          |   icmp   |      0|  0|  20|          22|          20|
    |icmp_ln1494_fu_887_p2             |   icmp   |      0|  0|  20|          22|          20|
    |ap_block_pp0_stage0_01001         |    or    |      0|  0|   2|           1|           1|
    |ap_block_state1_pp0_stage0_iter0  |    or    |      0|  0|   2|           1|           1|
    |select_ln68_10_fu_1569_p3         |  select  |      0|  0|  22|           1|           1|
    |select_ln68_11_fu_1638_p3         |  select  |      0|  0|  22|           1|           1|
    |select_ln68_12_fu_1707_p3         |  select  |      0|  0|  22|           1|           1|
    |select_ln68_13_fu_1776_p3         |  select  |      0|  0|  22|           1|           1|
    |select_ln68_14_fu_1845_p3         |  select  |      0|  0|  22|           1|           1|
    |select_ln68_15_fu_1914_p3         |  select  |      0|  0|  22|           1|           1|
    |select_ln68_16_fu_1983_p3         |  select  |      0|  0|  22|           1|           1|
    |select_ln68_17_fu_2052_p3         |  select  |      0|  0|  22|           1|           1|
    |select_ln68_18_fu_2121_p3         |  select  |      0|  0|  22|           1|           1|
    |select_ln68_1_fu_948_p3           |  select  |      0|  0|  22|           1|           1|
    |select_ln68_2_fu_1017_p3          |  select  |      0|  0|  22|           1|           1|
    |select_ln68_3_fu_1086_p3          |  select  |      0|  0|  22|           1|           1|
    |select_ln68_4_fu_1155_p3          |  select  |      0|  0|  22|           1|           1|
    |select_ln68_5_fu_1224_p3          |  select  |      0|  0|  22|           1|           1|
    |select_ln68_6_fu_1293_p3          |  select  |      0|  0|  22|           1|           1|
    |select_ln68_7_fu_1362_p3          |  select  |      0|  0|  22|           1|           1|
    |select_ln68_8_fu_1431_p3          |  select  |      0|  0|  22|           1|           1|
    |select_ln68_9_fu_1500_p3          |  select  |      0|  0|  22|           1|           1|
    |select_ln68_fu_879_p3             |  select  |      0|  0|  22|           1|           1|
    |select_ln70_10_fu_1593_p3         |  select  |      0|  0|  12|           1|          10|
    |select_ln70_11_fu_1662_p3         |  select  |      0|  0|  12|           1|          10|
    |select_ln70_12_fu_1731_p3         |  select  |      0|  0|  12|           1|          10|
    |select_ln70_13_fu_1800_p3         |  select  |      0|  0|  12|           1|          10|
    |select_ln70_14_fu_1869_p3         |  select  |      0|  0|  12|           1|          10|
    |select_ln70_15_fu_1938_p3         |  select  |      0|  0|  12|           1|          10|
    |select_ln70_16_fu_2007_p3         |  select  |      0|  0|  12|           1|          10|
    |select_ln70_17_fu_2076_p3         |  select  |      0|  0|  12|           1|          10|
    |select_ln70_18_fu_2145_p3         |  select  |      0|  0|  12|           1|          10|
    |select_ln70_1_fu_972_p3           |  select  |      0|  0|  12|           1|          10|
    |select_ln70_2_fu_1041_p3          |  select  |      0|  0|  12|           1|          10|
    |select_ln70_3_fu_1110_p3          |  select  |      0|  0|  12|           1|          10|
    |select_ln70_4_fu_1179_p3          |  select  |      0|  0|  12|           1|          10|
    |select_ln70_5_fu_1248_p3          |  select  |      0|  0|  12|           1|          10|
    |select_ln70_6_fu_1317_p3          |  select  |      0|  0|  12|           1|          10|
    |select_ln70_7_fu_1386_p3          |  select  |      0|  0|  12|           1|          10|
    |select_ln70_8_fu_1455_p3          |  select  |      0|  0|  12|           1|          10|
    |select_ln70_9_fu_1524_p3          |  select  |      0|  0|  12|           1|          10|
    |select_ln70_fu_903_p3             |  select  |      0|  0|  12|           1|          10|
    |ap_enable_pp0                     |    xor   |      0|  0|   2|           1|           2|
    +----------------------------------+----------+-------+---+----+------------+------------+
    |Total                             |          |      0|  0|3110|        2325|        2671|
    +----------------------------------+----------+-------+---+----+------------+------------+

    * Multiplexer: 
    +---------+----+-----------+-----+-----------+
    |   Name  | LUT| Input Size| Bits| Total Bits|
    +---------+----+-----------+-----+-----------+
    |ap_done  |   9|          2|    1|          2|
    +---------+----+-----------+-----+-----------+
    |Total    |   9|          2|    1|          2|
    +---------+----+-----------+-----+-----------+

    * Register: 
    +------------------------------+----+----+-----+-----------+
    |             Name             | FF | LUT| Bits| Const Bits|
    +------------------------------+----+----+-----+-----------+
    |add_ln703_21_reg_3114         |  16|   0|   16|          0|
    |add_ln703_25_reg_3119         |  16|   0|   16|          0|
    |add_ln703_35_reg_3124         |  16|   0|   16|          0|
    |ap_CS_fsm                     |   1|   0|    1|          0|
    |ap_done_reg                   |   1|   0|    1|          0|
    |ap_enable_reg_pp0_iter1       |   1|   0|    1|          0|
    |ap_enable_reg_pp0_iter2       |   1|   0|    1|          0|
    |log_var_0_V_read_1_reg_2919   |  16|   0|   16|          0|
    |log_var_10_V_read_1_reg_2869  |  16|   0|   16|          0|
    |log_var_11_V_read_1_reg_2864  |  16|   0|   16|          0|
    |log_var_12_V_read_1_reg_2859  |  16|   0|   16|          0|
    |log_var_13_V_read_1_reg_2854  |  16|   0|   16|          0|
    |log_var_14_V_read_1_reg_2849  |  16|   0|   16|          0|
    |log_var_15_V_read_1_reg_2844  |  16|   0|   16|          0|
    |log_var_16_V_read_1_reg_2839  |  16|   0|   16|          0|
    |log_var_17_V_read_1_reg_2834  |  16|   0|   16|          0|
    |log_var_18_V_read_1_reg_2829  |  16|   0|   16|          0|
    |log_var_1_V_read_1_reg_2914   |  16|   0|   16|          0|
    |log_var_2_V_read_1_reg_2909   |  16|   0|   16|          0|
    |log_var_3_V_read_1_reg_2904   |  16|   0|   16|          0|
    |log_var_4_V_read_1_reg_2899   |  16|   0|   16|          0|
    |log_var_5_V_read_1_reg_2894   |  16|   0|   16|          0|
    |log_var_6_V_read_1_reg_2889   |  16|   0|   16|          0|
    |log_var_7_V_read_1_reg_2884   |  16|   0|   16|          0|
    |log_var_8_V_read_1_reg_2879   |  16|   0|   16|          0|
    |log_var_9_V_read_1_reg_2874   |  16|   0|   16|          0|
    |trunc_ln708_10_reg_2974       |  16|   0|   16|          0|
    |trunc_ln708_11_reg_2979       |  16|   0|   16|          0|
    |trunc_ln708_12_reg_2984       |  16|   0|   16|          0|
    |trunc_ln708_13_reg_2989       |  16|   0|   16|          0|
    |trunc_ln708_14_reg_2994       |  16|   0|   16|          0|
    |trunc_ln708_15_reg_2999       |  16|   0|   16|          0|
    |trunc_ln708_16_reg_3004       |  16|   0|   16|          0|
    |trunc_ln708_17_reg_3009       |  16|   0|   16|          0|
    |trunc_ln708_18_reg_3014       |  16|   0|   16|          0|
    |trunc_ln708_1_reg_2929        |  16|   0|   16|          0|
    |trunc_ln708_3_reg_2939        |  16|   0|   16|          0|
    |trunc_ln708_4_reg_2944        |  16|   0|   16|          0|
    |trunc_ln708_5_reg_2949        |  16|   0|   16|          0|
    |trunc_ln708_6_reg_2954        |  16|   0|   16|          0|
    |trunc_ln708_7_reg_2959        |  16|   0|   16|          0|
    |trunc_ln708_8_reg_2964        |  16|   0|   16|          0|
    |trunc_ln708_9_reg_2969        |  16|   0|   16|          0|
    |trunc_ln708_s_reg_2934        |  16|   0|   16|          0|
    |trunc_ln_reg_2924             |  16|   0|   16|          0|
    +------------------------------+----+----+-----+-----------+
    |Total                         | 660|   0|  660|          0|
    +------------------------------+----+----+-----+-----------+



================================================================
== Interface
================================================================
* Summary: 
+-------------------+-----+-----+------------+--------------------------------------------------------------------+--------------+
|     RTL Ports     | Dir | Bits|  Protocol  |                            Source Object                           |    C Type    |
+-------------------+-----+-----+------------+--------------------------------------------------------------------+--------------+
|ap_clk             |  in |    1| ap_ctrl_hs | klloss<ap_fixed,ap_fixed<16,6,5,3,0>,ap_fixed<16,6,5,3,0>,config6> | return value |
|ap_rst             |  in |    1| ap_ctrl_hs | klloss<ap_fixed,ap_fixed<16,6,5,3,0>,ap_fixed<16,6,5,3,0>,config6> | return value |
|ap_start           |  in |    1| ap_ctrl_hs | klloss<ap_fixed,ap_fixed<16,6,5,3,0>,ap_fixed<16,6,5,3,0>,config6> | return value |
|ap_done            | out |    1| ap_ctrl_hs | klloss<ap_fixed,ap_fixed<16,6,5,3,0>,ap_fixed<16,6,5,3,0>,config6> | return value |
|ap_continue        |  in |    1| ap_ctrl_hs | klloss<ap_fixed,ap_fixed<16,6,5,3,0>,ap_fixed<16,6,5,3,0>,config6> | return value |
|ap_idle            | out |    1| ap_ctrl_hs | klloss<ap_fixed,ap_fixed<16,6,5,3,0>,ap_fixed<16,6,5,3,0>,config6> | return value |
|ap_ready           | out |    1| ap_ctrl_hs | klloss<ap_fixed,ap_fixed<16,6,5,3,0>,ap_fixed<16,6,5,3,0>,config6> | return value |
|mean_0_V_read      |  in |   16|   ap_none  |                            mean_0_V_read                           |    scalar    |
|mean_1_V_read      |  in |   16|   ap_none  |                            mean_1_V_read                           |    scalar    |
|mean_2_V_read      |  in |   16|   ap_none  |                            mean_2_V_read                           |    scalar    |
|mean_3_V_read      |  in |   16|   ap_none  |                            mean_3_V_read                           |    scalar    |
|mean_4_V_read      |  in |   16|   ap_none  |                            mean_4_V_read                           |    scalar    |
|mean_5_V_read      |  in |   16|   ap_none  |                            mean_5_V_read                           |    scalar    |
|mean_6_V_read      |  in |   16|   ap_none  |                            mean_6_V_read                           |    scalar    |
|mean_7_V_read      |  in |   16|   ap_none  |                            mean_7_V_read                           |    scalar    |
|mean_8_V_read      |  in |   16|   ap_none  |                            mean_8_V_read                           |    scalar    |
|mean_9_V_read      |  in |   16|   ap_none  |                            mean_9_V_read                           |    scalar    |
|mean_10_V_read     |  in |   16|   ap_none  |                           mean_10_V_read                           |    scalar    |
|mean_11_V_read     |  in |   16|   ap_none  |                           mean_11_V_read                           |    scalar    |
|mean_12_V_read     |  in |   16|   ap_none  |                           mean_12_V_read                           |    scalar    |
|mean_13_V_read     |  in |   16|   ap_none  |                           mean_13_V_read                           |    scalar    |
|mean_14_V_read     |  in |   16|   ap_none  |                           mean_14_V_read                           |    scalar    |
|mean_15_V_read     |  in |   16|   ap_none  |                           mean_15_V_read                           |    scalar    |
|mean_16_V_read     |  in |   16|   ap_none  |                           mean_16_V_read                           |    scalar    |
|mean_17_V_read     |  in |   16|   ap_none  |                           mean_17_V_read                           |    scalar    |
|mean_18_V_read     |  in |   16|   ap_none  |                           mean_18_V_read                           |    scalar    |
|log_var_0_V_read   |  in |   16|   ap_none  |                          log_var_0_V_read                          |    scalar    |
|log_var_1_V_read   |  in |   16|   ap_none  |                          log_var_1_V_read                          |    scalar    |
|log_var_2_V_read   |  in |   16|   ap_none  |                          log_var_2_V_read                          |    scalar    |
|log_var_3_V_read   |  in |   16|   ap_none  |                          log_var_3_V_read                          |    scalar    |
|log_var_4_V_read   |  in |   16|   ap_none  |                          log_var_4_V_read                          |    scalar    |
|log_var_5_V_read   |  in |   16|   ap_none  |                          log_var_5_V_read                          |    scalar    |
|log_var_6_V_read   |  in |   16|   ap_none  |                          log_var_6_V_read                          |    scalar    |
|log_var_7_V_read   |  in |   16|   ap_none  |                          log_var_7_V_read                          |    scalar    |
|log_var_8_V_read   |  in |   16|   ap_none  |                          log_var_8_V_read                          |    scalar    |
|log_var_9_V_read   |  in |   16|   ap_none  |                          log_var_9_V_read                          |    scalar    |
|log_var_10_V_read  |  in |   16|   ap_none  |                          log_var_10_V_read                         |    scalar    |
|log_var_11_V_read  |  in |   16|   ap_none  |                          log_var_11_V_read                         |    scalar    |
|log_var_12_V_read  |  in |   16|   ap_none  |                          log_var_12_V_read                         |    scalar    |
|log_var_13_V_read  |  in |   16|   ap_none  |                          log_var_13_V_read                         |    scalar    |
|log_var_14_V_read  |  in |   16|   ap_none  |                          log_var_14_V_read                         |    scalar    |
|log_var_15_V_read  |  in |   16|   ap_none  |                          log_var_15_V_read                         |    scalar    |
|log_var_16_V_read  |  in |   16|   ap_none  |                          log_var_16_V_read                         |    scalar    |
|log_var_17_V_read  |  in |   16|   ap_none  |                          log_var_17_V_read                         |    scalar    |
|log_var_18_V_read  |  in |   16|   ap_none  |                          log_var_18_V_read                         |    scalar    |
|res_V              | out |   16|   ap_vld   |                                res_V                               |    pointer   |
|res_V_ap_vld       | out |    1|   ap_vld   |                                res_V                               |    pointer   |
+-------------------+-----+-----+------------+--------------------------------------------------------------------+--------------+

