

================================================================
== Vivado HLS Report for 'myproject'
================================================================
* Date:           Thu Oct 10 10:37:06 2024

* Version:        2019.1 (Build 2552052 on Fri May 24 15:28:33 MDT 2019)
* Project:        myproject_prj
* Solution:       solution1
* Product family: virtexuplus
* Target device:  xcvu9p-flga2577-2-e


================================================================
== Performance Estimates
================================================================
+ Timing (ns): 
    * Summary: 
    +--------+-------+----------+------------+
    |  Clock | Target| Estimated| Uncertainty|
    +--------+-------+----------+------------+
    |ap_clk  |   5.00|     4.263|        0.62|
    +--------+-------+----------+------------+

+ Latency (clock cycles): 
    * Summary: 
    +-----+-----+-----+-----+----------+
    |  Latency  |  Interval | Pipeline |
    | min | max | min | max |   Type   |
    +-----+-----+-----+-----+----------+
    |  120|  121|  114|  114| dataflow |
    +-----+-----+-----+-----+----------+

    + Detail: 
        * Instance: 
        +--------------------------------------------------------------------+-------------------------------------------------------------------+-----+-----+-----+-----+---------------------------------------------+
        |                                                                    |                                                                   |  Latency  |  Interval |                   Pipeline                  |
        |                              Instance                              |                               Module                              | min | max | min | max |                     Type                    |
        +--------------------------------------------------------------------+-------------------------------------------------------------------+-----+-----+-----+-----+---------------------------------------------+
        |pointwise_conv_2d_cl_ap_fixed_ap_fixed_16_6_5_3_0_config9_U0        |pointwise_conv_2d_cl_ap_fixed_ap_fixed_16_6_5_3_0_config9_s        |  117|  118|  114|  114| loop rewind(delay=0 initiation interval(s)) |
        |pointwise_conv_2d_cl_ap_fixed_ap_fixed_16_6_5_3_0_config10_U0       |pointwise_conv_2d_cl_ap_fixed_ap_fixed_16_6_5_3_0_config10_s       |  117|  118|  114|  114| loop rewind(delay=0 initiation interval(s)) |
        |klloss_ap_fixed_ap_fixed_16_6_5_3_0_ap_fixed_16_6_5_3_0_config6_U0  |klloss_ap_fixed_ap_fixed_16_6_5_3_0_ap_fixed_16_6_5_3_0_config6_s  |    2|    2|    1|    1|                   function                  |
        |myproject_entry120_U0                                               |myproject_entry120                                                 |    0|    0|    0|    0|                     none                    |
        +--------------------------------------------------------------------+-------------------------------------------------------------------+-----+-----+-----+-----+---------------------------------------------+

        * Loop: 
        N/A



================================================================
== Utilization Estimates
================================================================
* Summary: 
+---------------------+---------+-------+---------+---------+-----+
|         Name        | BRAM_18K| DSP48E|    FF   |   LUT   | URAM|
+---------------------+---------+-------+---------+---------+-----+
|DSP                  |        -|      -|        -|        -|    -|
|Expression           |        -|      -|        0|      162|    -|
|FIFO                 |      102|      -|     2034|     2858|    -|
|Instance             |       10|     39|     9665|     8241|    -|
|Memory               |        -|      -|        -|        -|    -|
|Multiplexer          |        -|      -|        -|      342|    -|
|Register             |        -|      -|       38|        -|    -|
+---------------------+---------+-------+---------+---------+-----+
|Total                |      112|     39|    11737|    11603|    0|
+---------------------+---------+-------+---------+---------+-----+
|Available SLR        |     1440|   2280|   788160|   394080|  320|
+---------------------+---------+-------+---------+---------+-----+
|Utilization SLR (%)  |        7|      1|        1|        2|    0|
+---------------------+---------+-------+---------+---------+-----+
|Available            |     4320|   6840|  2364480|  1182240|  960|
+---------------------+---------+-------+---------+---------+-----+
|Utilization (%)      |        2|   ~0  |    ~0   |    ~0   |    0|
+---------------------+---------+-------+---------+---------+-----+

+ Detail: 
    * Instance: 
    +--------------------------------------------------------------------+-------------------------------------------------------------------+---------+-------+------+------+-----+
    |                              Instance                              |                               Module                              | BRAM_18K| DSP48E|  FF  |  LUT | URAM|
    +--------------------------------------------------------------------+-------------------------------------------------------------------+---------+-------+------+------+-----+
    |klloss_ap_fixed_ap_fixed_16_6_5_3_0_ap_fixed_16_6_5_3_0_config6_U0  |klloss_ap_fixed_ap_fixed_16_6_5_3_0_ap_fixed_16_6_5_3_0_config6_s  |       10|     20|   660|  3119|    0|
    |myproject_entry120_U0                                               |myproject_entry120                                                 |        0|      0|     3|    47|    0|
    |pointwise_conv_2d_cl_ap_fixed_ap_fixed_16_6_5_3_0_config10_U0       |pointwise_conv_2d_cl_ap_fixed_ap_fixed_16_6_5_3_0_config10_s       |        0|     10|  4494|  2525|    0|
    |pointwise_conv_2d_cl_ap_fixed_ap_fixed_16_6_5_3_0_config9_U0        |pointwise_conv_2d_cl_ap_fixed_ap_fixed_16_6_5_3_0_config9_s        |        0|      9|  4508|  2550|    0|
    +--------------------------------------------------------------------+-------------------------------------------------------------------+---------+-------+------+------+-----+
    |Total                                                               |                                                                   |       10|     39|  9665|  8241|    0|
    +--------------------------------------------------------------------+-------------------------------------------------------------------+---------+-------+------+------+-----+

    * DSP48E: 
    N/A

    * Memory: 
    N/A

    * FIFO: 
    +--------------------+---------+-----+----+-----+------+-----+---------+
    |        Name        | BRAM_18K|  FF | LUT| URAM| Depth| Bits| Size:D*B|
    +--------------------+---------+-----+----+-----+------+-----+---------+
    |input_5_V_c7_U      |       51|  922|   0|    -|     2|  912|     1824|
    |input_5_V_c_U       |       51|  922|   0|    -|     2|  912|     1824|
    |layer10_out_0_V_U   |        0|    5|   0|    -|     2|   16|       32|
    |layer10_out_10_V_U  |        0|    5|   0|    -|     2|   16|       32|
    |layer10_out_11_V_U  |        0|    5|   0|    -|     2|   16|       32|
    |layer10_out_12_V_U  |        0|    5|   0|    -|     2|   16|       32|
    |layer10_out_13_V_U  |        0|    5|   0|    -|     2|   16|       32|
    |layer10_out_14_V_U  |        0|    5|   0|    -|     2|   16|       32|
    |layer10_out_15_V_U  |        0|    5|   0|    -|     2|   16|       32|
    |layer10_out_16_V_U  |        0|    5|   0|    -|     2|   16|       32|
    |layer10_out_17_V_U  |        0|    5|   0|    -|     2|   16|       32|
    |layer10_out_18_V_U  |        0|    5|   0|    -|     2|   16|       32|
    |layer10_out_1_V_U   |        0|    5|   0|    -|     2|   16|       32|
    |layer10_out_2_V_U   |        0|    5|   0|    -|     2|   16|       32|
    |layer10_out_3_V_U   |        0|    5|   0|    -|     2|   16|       32|
    |layer10_out_4_V_U   |        0|    5|   0|    -|     2|   16|       32|
    |layer10_out_5_V_U   |        0|    5|   0|    -|     2|   16|       32|
    |layer10_out_6_V_U   |        0|    5|   0|    -|     2|   16|       32|
    |layer10_out_7_V_U   |        0|    5|   0|    -|     2|   16|       32|
    |layer10_out_8_V_U   |        0|    5|   0|    -|     2|   16|       32|
    |layer10_out_9_V_U   |        0|    5|   0|    -|     2|   16|       32|
    |layer9_out_0_V_U    |        0|    5|   0|    -|     2|   16|       32|
    |layer9_out_10_V_U   |        0|    5|   0|    -|     2|   16|       32|
    |layer9_out_11_V_U   |        0|    5|   0|    -|     2|   16|       32|
    |layer9_out_12_V_U   |        0|    5|   0|    -|     2|   16|       32|
    |layer9_out_13_V_U   |        0|    5|   0|    -|     2|   16|       32|
    |layer9_out_14_V_U   |        0|    5|   0|    -|     2|   16|       32|
    |layer9_out_15_V_U   |        0|    5|   0|    -|     2|   16|       32|
    |layer9_out_16_V_U   |        0|    5|   0|    -|     2|   16|       32|
    |layer9_out_17_V_U   |        0|    5|   0|    -|     2|   16|       32|
    |layer9_out_18_V_U   |        0|    5|   0|    -|     2|   16|       32|
    |layer9_out_1_V_U    |        0|    5|   0|    -|     2|   16|       32|
    |layer9_out_2_V_U    |        0|    5|   0|    -|     2|   16|       32|
    |layer9_out_3_V_U    |        0|    5|   0|    -|     2|   16|       32|
    |layer9_out_4_V_U    |        0|    5|   0|    -|     2|   16|       32|
    |layer9_out_5_V_U    |        0|    5|   0|    -|     2|   16|       32|
    |layer9_out_6_V_U    |        0|    5|   0|    -|     2|   16|       32|
    |layer9_out_7_V_U    |        0|    5|   0|    -|     2|   16|       32|
    |layer9_out_8_V_U    |        0|    5|   0|    -|     2|   16|       32|
    |layer9_out_9_V_U    |        0|    5|   0|    -|     2|   16|       32|
    +--------------------+---------+-----+----+-----+------+-----+---------+
    |Total               |      102| 2034|   0|    0|    80| 2432|     4864|
    +--------------------+---------+-----+----+-----+------+-----+---------+

    * Expression: 
    +-----------------------------------------------------------------------------+----------+-------+---+----+------------+------------+
    |                                Variable Name                                | Operation| DSP48E| FF| LUT| Bitwidth P0| Bitwidth P1|
    +-----------------------------------------------------------------------------+----------+-------+---+----+------------+------------+
    |ap_channel_done_layer10_out_0_V                                              |    and   |      0|  0|   2|           1|           1|
    |ap_channel_done_layer10_out_10_V                                             |    and   |      0|  0|   2|           1|           1|
    |ap_channel_done_layer10_out_11_V                                             |    and   |      0|  0|   2|           1|           1|
    |ap_channel_done_layer10_out_12_V                                             |    and   |      0|  0|   2|           1|           1|
    |ap_channel_done_layer10_out_13_V                                             |    and   |      0|  0|   2|           1|           1|
    |ap_channel_done_layer10_out_14_V                                             |    and   |      0|  0|   2|           1|           1|
    |ap_channel_done_layer10_out_15_V                                             |    and   |      0|  0|   2|           1|           1|
    |ap_channel_done_layer10_out_16_V                                             |    and   |      0|  0|   2|           1|           1|
    |ap_channel_done_layer10_out_17_V                                             |    and   |      0|  0|   2|           1|           1|
    |ap_channel_done_layer10_out_18_V                                             |    and   |      0|  0|   2|           1|           1|
    |ap_channel_done_layer10_out_1_V                                              |    and   |      0|  0|   2|           1|           1|
    |ap_channel_done_layer10_out_2_V                                              |    and   |      0|  0|   2|           1|           1|
    |ap_channel_done_layer10_out_3_V                                              |    and   |      0|  0|   2|           1|           1|
    |ap_channel_done_layer10_out_4_V                                              |    and   |      0|  0|   2|           1|           1|
    |ap_channel_done_layer10_out_5_V                                              |    and   |      0|  0|   2|           1|           1|
    |ap_channel_done_layer10_out_6_V                                              |    and   |      0|  0|   2|           1|           1|
    |ap_channel_done_layer10_out_7_V                                              |    and   |      0|  0|   2|           1|           1|
    |ap_channel_done_layer10_out_8_V                                              |    and   |      0|  0|   2|           1|           1|
    |ap_channel_done_layer10_out_9_V                                              |    and   |      0|  0|   2|           1|           1|
    |ap_channel_done_layer9_out_0_V                                               |    and   |      0|  0|   2|           1|           1|
    |ap_channel_done_layer9_out_10_V                                              |    and   |      0|  0|   2|           1|           1|
    |ap_channel_done_layer9_out_11_V                                              |    and   |      0|  0|   2|           1|           1|
    |ap_channel_done_layer9_out_12_V                                              |    and   |      0|  0|   2|           1|           1|
    |ap_channel_done_layer9_out_13_V                                              |    and   |      0|  0|   2|           1|           1|
    |ap_channel_done_layer9_out_14_V                                              |    and   |      0|  0|   2|           1|           1|
    |ap_channel_done_layer9_out_15_V                                              |    and   |      0|  0|   2|           1|           1|
    |ap_channel_done_layer9_out_16_V                                              |    and   |      0|  0|   2|           1|           1|
    |ap_channel_done_layer9_out_17_V                                              |    and   |      0|  0|   2|           1|           1|
    |ap_channel_done_layer9_out_18_V                                              |    and   |      0|  0|   2|           1|           1|
    |ap_channel_done_layer9_out_1_V                                               |    and   |      0|  0|   2|           1|           1|
    |ap_channel_done_layer9_out_2_V                                               |    and   |      0|  0|   2|           1|           1|
    |ap_channel_done_layer9_out_3_V                                               |    and   |      0|  0|   2|           1|           1|
    |ap_channel_done_layer9_out_4_V                                               |    and   |      0|  0|   2|           1|           1|
    |ap_channel_done_layer9_out_5_V                                               |    and   |      0|  0|   2|           1|           1|
    |ap_channel_done_layer9_out_6_V                                               |    and   |      0|  0|   2|           1|           1|
    |ap_channel_done_layer9_out_7_V                                               |    and   |      0|  0|   2|           1|           1|
    |ap_channel_done_layer9_out_8_V                                               |    and   |      0|  0|   2|           1|           1|
    |ap_channel_done_layer9_out_9_V                                               |    and   |      0|  0|   2|           1|           1|
    |ap_idle                                                                      |    and   |      0|  0|   2|           1|           1|
    |klloss_ap_fixed_ap_fixed_16_6_5_3_0_ap_fixed_16_6_5_3_0_config6_U0_ap_start  |    and   |      0|  0|   2|           1|           1|
    |myproject_entry120_U0_start_full_n                                           |    and   |      0|  0|   2|           1|           1|
    |pointwise_conv_2d_cl_ap_fixed_ap_fixed_16_6_5_3_0_config10_U0_ap_continue    |    and   |      0|  0|   2|           1|           1|
    |pointwise_conv_2d_cl_ap_fixed_ap_fixed_16_6_5_3_0_config9_U0_ap_continue     |    and   |      0|  0|   2|           1|           1|
    |ap_sync_channel_write_layer10_out_0_V                                        |    or    |      0|  0|   2|           1|           1|
    |ap_sync_channel_write_layer10_out_10_V                                       |    or    |      0|  0|   2|           1|           1|
    |ap_sync_channel_write_layer10_out_11_V                                       |    or    |      0|  0|   2|           1|           1|
    |ap_sync_channel_write_layer10_out_12_V                                       |    or    |      0|  0|   2|           1|           1|
    |ap_sync_channel_write_layer10_out_13_V                                       |    or    |      0|  0|   2|           1|           1|
    |ap_sync_channel_write_layer10_out_14_V                                       |    or    |      0|  0|   2|           1|           1|
    |ap_sync_channel_write_layer10_out_15_V                                       |    or    |      0|  0|   2|           1|           1|
    |ap_sync_channel_write_layer10_out_16_V                                       |    or    |      0|  0|   2|           1|           1|
    |ap_sync_channel_write_layer10_out_17_V                                       |    or    |      0|  0|   2|           1|           1|
    |ap_sync_channel_write_layer10_out_18_V                                       |    or    |      0|  0|   2|           1|           1|
    |ap_sync_channel_write_layer10_out_1_V                                        |    or    |      0|  0|   2|           1|           1|
    |ap_sync_channel_write_layer10_out_2_V                                        |    or    |      0|  0|   2|           1|           1|
    |ap_sync_channel_write_layer10_out_3_V                                        |    or    |      0|  0|   2|           1|           1|
    |ap_sync_channel_write_layer10_out_4_V                                        |    or    |      0|  0|   2|           1|           1|
    |ap_sync_channel_write_layer10_out_5_V                                        |    or    |      0|  0|   2|           1|           1|
    |ap_sync_channel_write_layer10_out_6_V                                        |    or    |      0|  0|   2|           1|           1|
    |ap_sync_channel_write_layer10_out_7_V                                        |    or    |      0|  0|   2|           1|           1|
    |ap_sync_channel_write_layer10_out_8_V                                        |    or    |      0|  0|   2|           1|           1|
    |ap_sync_channel_write_layer10_out_9_V                                        |    or    |      0|  0|   2|           1|           1|
    |ap_sync_channel_write_layer9_out_0_V                                         |    or    |      0|  0|   2|           1|           1|
    |ap_sync_channel_write_layer9_out_10_V                                        |    or    |      0|  0|   2|           1|           1|
    |ap_sync_channel_write_layer9_out_11_V                                        |    or    |      0|  0|   2|           1|           1|
    |ap_sync_channel_write_layer9_out_12_V                                        |    or    |      0|  0|   2|           1|           1|
    |ap_sync_channel_write_layer9_out_13_V                                        |    or    |      0|  0|   2|           1|           1|
    |ap_sync_channel_write_layer9_out_14_V                                        |    or    |      0|  0|   2|           1|           1|
    |ap_sync_channel_write_layer9_out_15_V                                        |    or    |      0|  0|   2|           1|           1|
    |ap_sync_channel_write_layer9_out_16_V                                        |    or    |      0|  0|   2|           1|           1|
    |ap_sync_channel_write_layer9_out_17_V                                        |    or    |      0|  0|   2|           1|           1|
    |ap_sync_channel_write_layer9_out_18_V                                        |    or    |      0|  0|   2|           1|           1|
    |ap_sync_channel_write_layer9_out_1_V                                         |    or    |      0|  0|   2|           1|           1|
    |ap_sync_channel_write_layer9_out_2_V                                         |    or    |      0|  0|   2|           1|           1|
    |ap_sync_channel_write_layer9_out_3_V                                         |    or    |      0|  0|   2|           1|           1|
    |ap_sync_channel_write_layer9_out_4_V                                         |    or    |      0|  0|   2|           1|           1|
    |ap_sync_channel_write_layer9_out_5_V                                         |    or    |      0|  0|   2|           1|           1|
    |ap_sync_channel_write_layer9_out_6_V                                         |    or    |      0|  0|   2|           1|           1|
    |ap_sync_channel_write_layer9_out_7_V                                         |    or    |      0|  0|   2|           1|           1|
    |ap_sync_channel_write_layer9_out_8_V                                         |    or    |      0|  0|   2|           1|           1|
    |ap_sync_channel_write_layer9_out_9_V                                         |    or    |      0|  0|   2|           1|           1|
    +-----------------------------------------------------------------------------+----------+-------+---+----+------------+------------+
    |Total                                                                        |          |      0|  0| 162|          81|          81|
    +-----------------------------------------------------------------------------+----------+-------+---+----+------------+------------+

    * Multiplexer: 
    +--------------------------------------------+----+-----------+-----+-----------+
    |                    Name                    | LUT| Input Size| Bits| Total Bits|
    +--------------------------------------------+----+-----------+-----+-----------+
    |ap_sync_reg_channel_write_layer10_out_0_V   |   9|          2|    1|          2|
    |ap_sync_reg_channel_write_layer10_out_10_V  |   9|          2|    1|          2|
    |ap_sync_reg_channel_write_layer10_out_11_V  |   9|          2|    1|          2|
    |ap_sync_reg_channel_write_layer10_out_12_V  |   9|          2|    1|          2|
    |ap_sync_reg_channel_write_layer10_out_13_V  |   9|          2|    1|          2|
    |ap_sync_reg_channel_write_layer10_out_14_V  |   9|          2|    1|          2|
    |ap_sync_reg_channel_write_layer10_out_15_V  |   9|          2|    1|          2|
    |ap_sync_reg_channel_write_layer10_out_16_V  |   9|          2|    1|          2|
    |ap_sync_reg_channel_write_layer10_out_17_V  |   9|          2|    1|          2|
    |ap_sync_reg_channel_write_layer10_out_18_V  |   9|          2|    1|          2|
    |ap_sync_reg_channel_write_layer10_out_1_V   |   9|          2|    1|          2|
    |ap_sync_reg_channel_write_layer10_out_2_V   |   9|          2|    1|          2|
    |ap_sync_reg_channel_write_layer10_out_3_V   |   9|          2|    1|          2|
    |ap_sync_reg_channel_write_layer10_out_4_V   |   9|          2|    1|          2|
    |ap_sync_reg_channel_write_layer10_out_5_V   |   9|          2|    1|          2|
    |ap_sync_reg_channel_write_layer10_out_6_V   |   9|          2|    1|          2|
    |ap_sync_reg_channel_write_layer10_out_7_V   |   9|          2|    1|          2|
    |ap_sync_reg_channel_write_layer10_out_8_V   |   9|          2|    1|          2|
    |ap_sync_reg_channel_write_layer10_out_9_V   |   9|          2|    1|          2|
    |ap_sync_reg_channel_write_layer9_out_0_V    |   9|          2|    1|          2|
    |ap_sync_reg_channel_write_layer9_out_10_V   |   9|          2|    1|          2|
    |ap_sync_reg_channel_write_layer9_out_11_V   |   9|          2|    1|          2|
    |ap_sync_reg_channel_write_layer9_out_12_V   |   9|          2|    1|          2|
    |ap_sync_reg_channel_write_layer9_out_13_V   |   9|          2|    1|          2|
    |ap_sync_reg_channel_write_layer9_out_14_V   |   9|          2|    1|          2|
    |ap_sync_reg_channel_write_layer9_out_15_V   |   9|          2|    1|          2|
    |ap_sync_reg_channel_write_layer9_out_16_V   |   9|          2|    1|          2|
    |ap_sync_reg_channel_write_layer9_out_17_V   |   9|          2|    1|          2|
    |ap_sync_reg_channel_write_layer9_out_18_V   |   9|          2|    1|          2|
    |ap_sync_reg_channel_write_layer9_out_1_V    |   9|          2|    1|          2|
    |ap_sync_reg_channel_write_layer9_out_2_V    |   9|          2|    1|          2|
    |ap_sync_reg_channel_write_layer9_out_3_V    |   9|          2|    1|          2|
    |ap_sync_reg_channel_write_layer9_out_4_V    |   9|          2|    1|          2|
    |ap_sync_reg_channel_write_layer9_out_5_V    |   9|          2|    1|          2|
    |ap_sync_reg_channel_write_layer9_out_6_V    |   9|          2|    1|          2|
    |ap_sync_reg_channel_write_layer9_out_7_V    |   9|          2|    1|          2|
    |ap_sync_reg_channel_write_layer9_out_8_V    |   9|          2|    1|          2|
    |ap_sync_reg_channel_write_layer9_out_9_V    |   9|          2|    1|          2|
    +--------------------------------------------+----+-----------+-----+-----------+
    |Total                                       | 342|         76|   38|         76|
    +--------------------------------------------+----+-----------+-----+-----------+

    * Register: 
    +--------------------------------------------+---+----+-----+-----------+
    |                    Name                    | FF| LUT| Bits| Const Bits|
    +--------------------------------------------+---+----+-----+-----------+
    |ap_sync_reg_channel_write_layer10_out_0_V   |  1|   0|    1|          0|
    |ap_sync_reg_channel_write_layer10_out_10_V  |  1|   0|    1|          0|
    |ap_sync_reg_channel_write_layer10_out_11_V  |  1|   0|    1|          0|
    |ap_sync_reg_channel_write_layer10_out_12_V  |  1|   0|    1|          0|
    |ap_sync_reg_channel_write_layer10_out_13_V  |  1|   0|    1|          0|
    |ap_sync_reg_channel_write_layer10_out_14_V  |  1|   0|    1|          0|
    |ap_sync_reg_channel_write_layer10_out_15_V  |  1|   0|    1|          0|
    |ap_sync_reg_channel_write_layer10_out_16_V  |  1|   0|    1|          0|
    |ap_sync_reg_channel_write_layer10_out_17_V  |  1|   0|    1|          0|
    |ap_sync_reg_channel_write_layer10_out_18_V  |  1|   0|    1|          0|
    |ap_sync_reg_channel_write_layer10_out_1_V   |  1|   0|    1|          0|
    |ap_sync_reg_channel_write_layer10_out_2_V   |  1|   0|    1|          0|
    |ap_sync_reg_channel_write_layer10_out_3_V   |  1|   0|    1|          0|
    |ap_sync_reg_channel_write_layer10_out_4_V   |  1|   0|    1|          0|
    |ap_sync_reg_channel_write_layer10_out_5_V   |  1|   0|    1|          0|
    |ap_sync_reg_channel_write_layer10_out_6_V   |  1|   0|    1|          0|
    |ap_sync_reg_channel_write_layer10_out_7_V   |  1|   0|    1|          0|
    |ap_sync_reg_channel_write_layer10_out_8_V   |  1|   0|    1|          0|
    |ap_sync_reg_channel_write_layer10_out_9_V   |  1|   0|    1|          0|
    |ap_sync_reg_channel_write_layer9_out_0_V    |  1|   0|    1|          0|
    |ap_sync_reg_channel_write_layer9_out_10_V   |  1|   0|    1|          0|
    |ap_sync_reg_channel_write_layer9_out_11_V   |  1|   0|    1|          0|
    |ap_sync_reg_channel_write_layer9_out_12_V   |  1|   0|    1|          0|
    |ap_sync_reg_channel_write_layer9_out_13_V   |  1|   0|    1|          0|
    |ap_sync_reg_channel_write_layer9_out_14_V   |  1|   0|    1|          0|
    |ap_sync_reg_channel_write_layer9_out_15_V   |  1|   0|    1|          0|
    |ap_sync_reg_channel_write_layer9_out_16_V   |  1|   0|    1|          0|
    |ap_sync_reg_channel_write_layer9_out_17_V   |  1|   0|    1|          0|
    |ap_sync_reg_channel_write_layer9_out_18_V   |  1|   0|    1|          0|
    |ap_sync_reg_channel_write_layer9_out_1_V    |  1|   0|    1|          0|
    |ap_sync_reg_channel_write_layer9_out_2_V    |  1|   0|    1|          0|
    |ap_sync_reg_channel_write_layer9_out_3_V    |  1|   0|    1|          0|
    |ap_sync_reg_channel_write_layer9_out_4_V    |  1|   0|    1|          0|
    |ap_sync_reg_channel_write_layer9_out_5_V    |  1|   0|    1|          0|
    |ap_sync_reg_channel_write_layer9_out_6_V    |  1|   0|    1|          0|
    |ap_sync_reg_channel_write_layer9_out_7_V    |  1|   0|    1|          0|
    |ap_sync_reg_channel_write_layer9_out_8_V    |  1|   0|    1|          0|
    |ap_sync_reg_channel_write_layer9_out_9_V    |  1|   0|    1|          0|
    +--------------------------------------------+---+----+-----+-----------+
    |Total                                       | 38|   0|   38|          0|
    +--------------------------------------------+---+----+-----+-----------+



================================================================
== Interface
================================================================
* Summary: 
+-----------------------+-----+-----+------------+----------------+--------------+
|       RTL Ports       | Dir | Bits|  Protocol  |  Source Object |    C Type    |
+-----------------------+-----+-----+------------+----------------+--------------+
|input_5_V              |  in |  912|   ap_vld   |    input_5_V   |    pointer   |
|input_5_V_ap_vld       |  in |    1|   ap_vld   |    input_5_V   |    pointer   |
|layer6_out_0_V         | out |   16|   ap_vld   | layer6_out_0_V |    pointer   |
|layer6_out_0_V_ap_vld  | out |    1|   ap_vld   | layer6_out_0_V |    pointer   |
|ap_clk                 |  in |    1| ap_ctrl_hs |    myproject   | return value |
|ap_rst                 |  in |    1| ap_ctrl_hs |    myproject   | return value |
|ap_start               |  in |    1| ap_ctrl_hs |    myproject   | return value |
|ap_done                | out |    1| ap_ctrl_hs |    myproject   | return value |
|ap_ready               | out |    1| ap_ctrl_hs |    myproject   | return value |
|ap_idle                | out |    1| ap_ctrl_hs |    myproject   | return value |
+-----------------------+-----+-----+------------+----------------+--------------+

