Report time       : Thu Oct 10 10:37:09 PDT 2024.
Solution          : solution1.

+----------+----------+-----------------------------------------------+-----------------------------------------------+
|          |          |                    Latency                    |                    Interval                   |
+   RTL    +  Status  +-----------------------------------------------+-----------------------------------------------+
|          |          |      min      |      avg      |      max      |      min      |      avg      |      max      |
+----------+----------+-----------------------------------------------+-----------------------------------------------+
|      VHDL|        NA|             NA|             NA|             NA|             NA|             NA|             NA|
|   Verilog|      Fail|             NA|             NA|             NA|             NA|             NA|             NA|
+----------+----------+-----------------------------------------------+-----------------------------------------------+
