

================================================================
== Vivado HLS Report for 'fill_buffer_1'
================================================================
* Date:           Thu Oct 10 10:37:02 2024

* Version:        2019.1 (Build 2552052 on Fri May 24 15:28:33 MDT 2019)
* Project:        myproject_prj
* Solution:       solution1
* Product family: virtexuplus
* Target device:  xcvu9p-flga2577-2-e


================================================================
== Performance Estimates
================================================================
+ Timing (ns): 
    * Summary: 
    +--------+-------+----------+------------+
    |  Clock | Target| Estimated| Uncertainty|
    +--------+-------+----------+------------+
    |ap_clk  |   5.00|     4.263|        0.62|
    +--------+-------+----------+------------+

+ Latency (clock cycles): 
    * Summary: 
    +-----+-----+-----+-----+----------+
    |  Latency  |  Interval | Pipeline |
    | min | max | min | max |   Type   |
    +-----+-----+-----+-----+----------+
    |    1|    1|    1|    1| function |
    +-----+-----+-----+-----+----------+

    + Detail: 
        * Instance: 
        N/A

        * Loop: 
        N/A

============================================================
+ Verbose Summary: Synthesis Manager
============================================================
InlineROM: 1
ExposeGlobal: 0
============================================================
+ Verbose Summary: CDFG Model
============================================================
IsTopModel: 0
ResetActiveHigh: 1
IsCombinational: 0
IsDatapathOnly: 0
HasWiredReturn: 1
HasMFsm: 2
HasVarLatency: 0
IsPipeline: 1
IsRtlPipelined: 1
IsInstanceOverlapped: 0
IsDontTouch: 0
HasImplIP: 0
IsGatedGlobalClock: 0

+ Individual pipeline summary: 
  * Pipeline-0: initiation interval (II) = 1, depth = 2


============================================================
+ Verbose Summary: Schedule
============================================================
* Number of FSM states : 2
* Pipeline : 1
  Pipeline-0 : II = 1, D = 2, States = { 1 2 }
* Dataflow Pipeline: 0

* FSM state transitions: 
1 --> 2 
2 --> 

* FSM state operations: 

State 1 <SV = 0> <Delay = 4.26>
ST_1 : Operation 3 [1/1] (0.00ns)   --->   "%partition_read = call i6 @_ssdm_op_Read.ap_auto.i6(i6 %partition)" [firmware/nnet_utils/nnet_code_gen.h:271]   --->   Operation 3 'read' 'partition_read' <Predicate = true> <Delay = 0.00>
ST_1 : Operation 4 [1/1] (0.00ns)   --->   "%p_read = call i16 @_ssdm_op_Read.ap_auto.i16(i16 %p_read1)" [firmware/nnet_utils/nnet_code_gen.h:271]   --->   Operation 4 'read' 'p_read' <Predicate = true> <Delay = 0.00>
ST_1 : Operation 5 [1/1] (0.00ns)   --->   "%data_V_read_1 = call i912 @_ssdm_op_Read.ap_auto.i912(i912 %data_V_read)" [firmware/nnet_utils/nnet_code_gen.h:271]   --->   Operation 5 'read' 'data_V_read_1' <Predicate = true> <Delay = 0.00>
ST_1 : Operation 6 [1/1] (0.61ns)   --->   "%icmp_ln275 = icmp eq i6 %partition_read, 0" [firmware/nnet_utils/nnet_code_gen.h:275]   --->   Operation 6 'icmp' 'icmp_ln275' <Predicate = true> <Delay = 0.61> <Core = "Cmp">   --->   Core 25 'Cmp' <Latency = 0> <II = 1> <Delay = 0.61> <FuncUnit> <Opcode : 'icmp'> <InPorts = 2> <OutPorts = 1>
ST_1 : Operation 7 [1/1] (0.00ns) (grouped into LUT with out node select_ln283)   --->   "%trunc_ln203 = trunc i912 %data_V_read_1 to i16" [firmware/nnet_utils/nnet_code_gen.h:276]   --->   Operation 7 'trunc' 'trunc_ln203' <Predicate = true> <Delay = 0.00>
ST_1 : Operation 8 [1/1] (0.61ns)   --->   "%icmp_ln279 = icmp eq i6 %partition_read, 1" [firmware/nnet_utils/nnet_code_gen.h:279]   --->   Operation 8 'icmp' 'icmp_ln279' <Predicate = true> <Delay = 0.61> <Core = "Cmp">   --->   Core 25 'Cmp' <Latency = 0> <II = 1> <Delay = 0.61> <FuncUnit> <Opcode : 'icmp'> <InPorts = 2> <OutPorts = 1>
ST_1 : Operation 9 [1/1] (0.00ns) (grouped into LUT with out node select_ln283)   --->   "%tmp_s = call i16 @_ssdm_op_PartSelect.i16.i912.i32.i32(i912 %data_V_read_1, i32 16, i32 31)" [firmware/nnet_utils/nnet_code_gen.h:280]   --->   Operation 9 'partselect' 'tmp_s' <Predicate = true> <Delay = 0.00>
ST_1 : Operation 10 [1/1] (0.00ns) (grouped into LUT with out node select_ln283)   --->   "%select_ln279 = select i1 %icmp_ln279, i16 %tmp_s, i16 %trunc_ln203" [firmware/nnet_utils/nnet_code_gen.h:279]   --->   Operation 10 'select' 'select_ln279' <Predicate = true> <Delay = 0.00> <Core = "Sel">   --->   Core 26 'Sel' <Latency = 0> <II = 1> <Delay = 0.24> <FuncUnit> <Opcode : 'select'> <InPorts = 3> <OutPorts = 1>
ST_1 : Operation 11 [1/1] (0.61ns)   --->   "%icmp_ln283 = icmp eq i6 %partition_read, 2" [firmware/nnet_utils/nnet_code_gen.h:283]   --->   Operation 11 'icmp' 'icmp_ln283' <Predicate = true> <Delay = 0.61> <Core = "Cmp">   --->   Core 25 'Cmp' <Latency = 0> <II = 1> <Delay = 0.61> <FuncUnit> <Opcode : 'icmp'> <InPorts = 2> <OutPorts = 1>
ST_1 : Operation 12 [1/1] (0.00ns) (grouped into LUT with out node select_ln283)   --->   "%tmp_18 = call i16 @_ssdm_op_PartSelect.i16.i912.i32.i32(i912 %data_V_read_1, i32 32, i32 47)" [firmware/nnet_utils/nnet_code_gen.h:284]   --->   Operation 12 'partselect' 'tmp_18' <Predicate = true> <Delay = 0.00>
ST_1 : Operation 13 [1/1] (0.24ns) (out node of the LUT)   --->   "%select_ln283 = select i1 %icmp_ln283, i16 %tmp_18, i16 %select_ln279" [firmware/nnet_utils/nnet_code_gen.h:283]   --->   Operation 13 'select' 'select_ln283' <Predicate = true> <Delay = 0.24> <Core = "Sel">   --->   Core 26 'Sel' <Latency = 0> <II = 1> <Delay = 0.24> <FuncUnit> <Opcode : 'select'> <InPorts = 3> <OutPorts = 1>
ST_1 : Operation 14 [1/1] (0.61ns)   --->   "%icmp_ln287 = icmp eq i6 %partition_read, 3" [firmware/nnet_utils/nnet_code_gen.h:287]   --->   Operation 14 'icmp' 'icmp_ln287' <Predicate = true> <Delay = 0.61> <Core = "Cmp">   --->   Core 25 'Cmp' <Latency = 0> <II = 1> <Delay = 0.61> <FuncUnit> <Opcode : 'icmp'> <InPorts = 2> <OutPorts = 1>
ST_1 : Operation 15 [1/1] (0.00ns) (grouped into LUT with out node select_ln291)   --->   "%tmp_19 = call i16 @_ssdm_op_PartSelect.i16.i912.i32.i32(i912 %data_V_read_1, i32 48, i32 63)" [firmware/nnet_utils/nnet_code_gen.h:288]   --->   Operation 15 'partselect' 'tmp_19' <Predicate = true> <Delay = 0.00>
ST_1 : Operation 16 [1/1] (0.00ns) (grouped into LUT with out node select_ln291)   --->   "%select_ln287 = select i1 %icmp_ln287, i16 %tmp_19, i16 %select_ln283" [firmware/nnet_utils/nnet_code_gen.h:287]   --->   Operation 16 'select' 'select_ln287' <Predicate = true> <Delay = 0.00> <Core = "Sel">   --->   Core 26 'Sel' <Latency = 0> <II = 1> <Delay = 0.24> <FuncUnit> <Opcode : 'select'> <InPorts = 3> <OutPorts = 1>
ST_1 : Operation 17 [1/1] (0.61ns)   --->   "%icmp_ln291 = icmp eq i6 %partition_read, 4" [firmware/nnet_utils/nnet_code_gen.h:291]   --->   Operation 17 'icmp' 'icmp_ln291' <Predicate = true> <Delay = 0.61> <Core = "Cmp">   --->   Core 25 'Cmp' <Latency = 0> <II = 1> <Delay = 0.61> <FuncUnit> <Opcode : 'icmp'> <InPorts = 2> <OutPorts = 1>
ST_1 : Operation 18 [1/1] (0.00ns) (grouped into LUT with out node select_ln291)   --->   "%tmp_20 = call i16 @_ssdm_op_PartSelect.i16.i912.i32.i32(i912 %data_V_read_1, i32 64, i32 79)" [firmware/nnet_utils/nnet_code_gen.h:292]   --->   Operation 18 'partselect' 'tmp_20' <Predicate = true> <Delay = 0.00>
ST_1 : Operation 19 [1/1] (0.24ns) (out node of the LUT)   --->   "%select_ln291 = select i1 %icmp_ln291, i16 %tmp_20, i16 %select_ln287" [firmware/nnet_utils/nnet_code_gen.h:291]   --->   Operation 19 'select' 'select_ln291' <Predicate = true> <Delay = 0.24> <Core = "Sel">   --->   Core 26 'Sel' <Latency = 0> <II = 1> <Delay = 0.24> <FuncUnit> <Opcode : 'select'> <InPorts = 3> <OutPorts = 1>
ST_1 : Operation 20 [1/1] (0.61ns)   --->   "%icmp_ln295 = icmp eq i6 %partition_read, 5" [firmware/nnet_utils/nnet_code_gen.h:295]   --->   Operation 20 'icmp' 'icmp_ln295' <Predicate = true> <Delay = 0.61> <Core = "Cmp">   --->   Core 25 'Cmp' <Latency = 0> <II = 1> <Delay = 0.61> <FuncUnit> <Opcode : 'icmp'> <InPorts = 2> <OutPorts = 1>
ST_1 : Operation 21 [1/1] (0.00ns) (grouped into LUT with out node select_ln299)   --->   "%tmp_21 = call i16 @_ssdm_op_PartSelect.i16.i912.i32.i32(i912 %data_V_read_1, i32 80, i32 95)" [firmware/nnet_utils/nnet_code_gen.h:296]   --->   Operation 21 'partselect' 'tmp_21' <Predicate = true> <Delay = 0.00>
ST_1 : Operation 22 [1/1] (0.00ns) (grouped into LUT with out node select_ln299)   --->   "%select_ln295 = select i1 %icmp_ln295, i16 %tmp_21, i16 %select_ln291" [firmware/nnet_utils/nnet_code_gen.h:295]   --->   Operation 22 'select' 'select_ln295' <Predicate = true> <Delay = 0.00> <Core = "Sel">   --->   Core 26 'Sel' <Latency = 0> <II = 1> <Delay = 0.24> <FuncUnit> <Opcode : 'select'> <InPorts = 3> <OutPorts = 1>
ST_1 : Operation 23 [1/1] (0.61ns)   --->   "%icmp_ln299 = icmp eq i6 %partition_read, 6" [firmware/nnet_utils/nnet_code_gen.h:299]   --->   Operation 23 'icmp' 'icmp_ln299' <Predicate = true> <Delay = 0.61> <Core = "Cmp">   --->   Core 25 'Cmp' <Latency = 0> <II = 1> <Delay = 0.61> <FuncUnit> <Opcode : 'icmp'> <InPorts = 2> <OutPorts = 1>
ST_1 : Operation 24 [1/1] (0.00ns) (grouped into LUT with out node select_ln299)   --->   "%tmp_22 = call i16 @_ssdm_op_PartSelect.i16.i912.i32.i32(i912 %data_V_read_1, i32 96, i32 111)" [firmware/nnet_utils/nnet_code_gen.h:300]   --->   Operation 24 'partselect' 'tmp_22' <Predicate = true> <Delay = 0.00>
ST_1 : Operation 25 [1/1] (0.24ns) (out node of the LUT)   --->   "%select_ln299 = select i1 %icmp_ln299, i16 %tmp_22, i16 %select_ln295" [firmware/nnet_utils/nnet_code_gen.h:299]   --->   Operation 25 'select' 'select_ln299' <Predicate = true> <Delay = 0.24> <Core = "Sel">   --->   Core 26 'Sel' <Latency = 0> <II = 1> <Delay = 0.24> <FuncUnit> <Opcode : 'select'> <InPorts = 3> <OutPorts = 1>
ST_1 : Operation 26 [1/1] (0.61ns)   --->   "%icmp_ln303 = icmp eq i6 %partition_read, 7" [firmware/nnet_utils/nnet_code_gen.h:303]   --->   Operation 26 'icmp' 'icmp_ln303' <Predicate = true> <Delay = 0.61> <Core = "Cmp">   --->   Core 25 'Cmp' <Latency = 0> <II = 1> <Delay = 0.61> <FuncUnit> <Opcode : 'icmp'> <InPorts = 2> <OutPorts = 1>
ST_1 : Operation 27 [1/1] (0.00ns) (grouped into LUT with out node select_ln307)   --->   "%tmp_23 = call i16 @_ssdm_op_PartSelect.i16.i912.i32.i32(i912 %data_V_read_1, i32 112, i32 127)" [firmware/nnet_utils/nnet_code_gen.h:304]   --->   Operation 27 'partselect' 'tmp_23' <Predicate = true> <Delay = 0.00>
ST_1 : Operation 28 [1/1] (0.00ns) (grouped into LUT with out node select_ln307)   --->   "%select_ln303 = select i1 %icmp_ln303, i16 %tmp_23, i16 %select_ln299" [firmware/nnet_utils/nnet_code_gen.h:303]   --->   Operation 28 'select' 'select_ln303' <Predicate = true> <Delay = 0.00> <Core = "Sel">   --->   Core 26 'Sel' <Latency = 0> <II = 1> <Delay = 0.24> <FuncUnit> <Opcode : 'select'> <InPorts = 3> <OutPorts = 1>
ST_1 : Operation 29 [1/1] (0.61ns)   --->   "%icmp_ln307 = icmp eq i6 %partition_read, 8" [firmware/nnet_utils/nnet_code_gen.h:307]   --->   Operation 29 'icmp' 'icmp_ln307' <Predicate = true> <Delay = 0.61> <Core = "Cmp">   --->   Core 25 'Cmp' <Latency = 0> <II = 1> <Delay = 0.61> <FuncUnit> <Opcode : 'icmp'> <InPorts = 2> <OutPorts = 1>
ST_1 : Operation 30 [1/1] (0.00ns) (grouped into LUT with out node select_ln307)   --->   "%tmp_24 = call i16 @_ssdm_op_PartSelect.i16.i912.i32.i32(i912 %data_V_read_1, i32 128, i32 143)" [firmware/nnet_utils/nnet_code_gen.h:308]   --->   Operation 30 'partselect' 'tmp_24' <Predicate = true> <Delay = 0.00>
ST_1 : Operation 31 [1/1] (0.24ns) (out node of the LUT)   --->   "%select_ln307 = select i1 %icmp_ln307, i16 %tmp_24, i16 %select_ln303" [firmware/nnet_utils/nnet_code_gen.h:307]   --->   Operation 31 'select' 'select_ln307' <Predicate = true> <Delay = 0.24> <Core = "Sel">   --->   Core 26 'Sel' <Latency = 0> <II = 1> <Delay = 0.24> <FuncUnit> <Opcode : 'select'> <InPorts = 3> <OutPorts = 1>
ST_1 : Operation 32 [1/1] (0.61ns)   --->   "%icmp_ln311 = icmp eq i6 %partition_read, 9" [firmware/nnet_utils/nnet_code_gen.h:311]   --->   Operation 32 'icmp' 'icmp_ln311' <Predicate = true> <Delay = 0.61> <Core = "Cmp">   --->   Core 25 'Cmp' <Latency = 0> <II = 1> <Delay = 0.61> <FuncUnit> <Opcode : 'icmp'> <InPorts = 2> <OutPorts = 1>
ST_1 : Operation 33 [1/1] (0.00ns) (grouped into LUT with out node select_ln315)   --->   "%tmp_25 = call i16 @_ssdm_op_PartSelect.i16.i912.i32.i32(i912 %data_V_read_1, i32 144, i32 159)" [firmware/nnet_utils/nnet_code_gen.h:312]   --->   Operation 33 'partselect' 'tmp_25' <Predicate = true> <Delay = 0.00>
ST_1 : Operation 34 [1/1] (0.00ns) (grouped into LUT with out node select_ln315)   --->   "%select_ln311 = select i1 %icmp_ln311, i16 %tmp_25, i16 %select_ln307" [firmware/nnet_utils/nnet_code_gen.h:311]   --->   Operation 34 'select' 'select_ln311' <Predicate = true> <Delay = 0.00> <Core = "Sel">   --->   Core 26 'Sel' <Latency = 0> <II = 1> <Delay = 0.24> <FuncUnit> <Opcode : 'select'> <InPorts = 3> <OutPorts = 1>
ST_1 : Operation 35 [1/1] (0.61ns)   --->   "%icmp_ln315 = icmp eq i6 %partition_read, 10" [firmware/nnet_utils/nnet_code_gen.h:315]   --->   Operation 35 'icmp' 'icmp_ln315' <Predicate = true> <Delay = 0.61> <Core = "Cmp">   --->   Core 25 'Cmp' <Latency = 0> <II = 1> <Delay = 0.61> <FuncUnit> <Opcode : 'icmp'> <InPorts = 2> <OutPorts = 1>
ST_1 : Operation 36 [1/1] (0.00ns) (grouped into LUT with out node select_ln315)   --->   "%tmp_26 = call i16 @_ssdm_op_PartSelect.i16.i912.i32.i32(i912 %data_V_read_1, i32 160, i32 175)" [firmware/nnet_utils/nnet_code_gen.h:316]   --->   Operation 36 'partselect' 'tmp_26' <Predicate = true> <Delay = 0.00>
ST_1 : Operation 37 [1/1] (0.24ns) (out node of the LUT)   --->   "%select_ln315 = select i1 %icmp_ln315, i16 %tmp_26, i16 %select_ln311" [firmware/nnet_utils/nnet_code_gen.h:315]   --->   Operation 37 'select' 'select_ln315' <Predicate = true> <Delay = 0.24> <Core = "Sel">   --->   Core 26 'Sel' <Latency = 0> <II = 1> <Delay = 0.24> <FuncUnit> <Opcode : 'select'> <InPorts = 3> <OutPorts = 1>
ST_1 : Operation 38 [1/1] (0.61ns)   --->   "%icmp_ln319 = icmp eq i6 %partition_read, 11" [firmware/nnet_utils/nnet_code_gen.h:319]   --->   Operation 38 'icmp' 'icmp_ln319' <Predicate = true> <Delay = 0.61> <Core = "Cmp">   --->   Core 25 'Cmp' <Latency = 0> <II = 1> <Delay = 0.61> <FuncUnit> <Opcode : 'icmp'> <InPorts = 2> <OutPorts = 1>
ST_1 : Operation 39 [1/1] (0.00ns) (grouped into LUT with out node select_ln323)   --->   "%tmp_27 = call i16 @_ssdm_op_PartSelect.i16.i912.i32.i32(i912 %data_V_read_1, i32 176, i32 191)" [firmware/nnet_utils/nnet_code_gen.h:320]   --->   Operation 39 'partselect' 'tmp_27' <Predicate = true> <Delay = 0.00>
ST_1 : Operation 40 [1/1] (0.00ns) (grouped into LUT with out node select_ln323)   --->   "%select_ln319 = select i1 %icmp_ln319, i16 %tmp_27, i16 %select_ln315" [firmware/nnet_utils/nnet_code_gen.h:319]   --->   Operation 40 'select' 'select_ln319' <Predicate = true> <Delay = 0.00> <Core = "Sel">   --->   Core 26 'Sel' <Latency = 0> <II = 1> <Delay = 0.24> <FuncUnit> <Opcode : 'select'> <InPorts = 3> <OutPorts = 1>
ST_1 : Operation 41 [1/1] (0.61ns)   --->   "%icmp_ln323 = icmp eq i6 %partition_read, 12" [firmware/nnet_utils/nnet_code_gen.h:323]   --->   Operation 41 'icmp' 'icmp_ln323' <Predicate = true> <Delay = 0.61> <Core = "Cmp">   --->   Core 25 'Cmp' <Latency = 0> <II = 1> <Delay = 0.61> <FuncUnit> <Opcode : 'icmp'> <InPorts = 2> <OutPorts = 1>
ST_1 : Operation 42 [1/1] (0.00ns) (grouped into LUT with out node select_ln323)   --->   "%tmp_28 = call i16 @_ssdm_op_PartSelect.i16.i912.i32.i32(i912 %data_V_read_1, i32 192, i32 207)" [firmware/nnet_utils/nnet_code_gen.h:324]   --->   Operation 42 'partselect' 'tmp_28' <Predicate = true> <Delay = 0.00>
ST_1 : Operation 43 [1/1] (0.24ns) (out node of the LUT)   --->   "%select_ln323 = select i1 %icmp_ln323, i16 %tmp_28, i16 %select_ln319" [firmware/nnet_utils/nnet_code_gen.h:323]   --->   Operation 43 'select' 'select_ln323' <Predicate = true> <Delay = 0.24> <Core = "Sel">   --->   Core 26 'Sel' <Latency = 0> <II = 1> <Delay = 0.24> <FuncUnit> <Opcode : 'select'> <InPorts = 3> <OutPorts = 1>
ST_1 : Operation 44 [1/1] (0.61ns)   --->   "%icmp_ln327 = icmp eq i6 %partition_read, 13" [firmware/nnet_utils/nnet_code_gen.h:327]   --->   Operation 44 'icmp' 'icmp_ln327' <Predicate = true> <Delay = 0.61> <Core = "Cmp">   --->   Core 25 'Cmp' <Latency = 0> <II = 1> <Delay = 0.61> <FuncUnit> <Opcode : 'icmp'> <InPorts = 2> <OutPorts = 1>
ST_1 : Operation 45 [1/1] (0.00ns) (grouped into LUT with out node select_ln331)   --->   "%tmp_29 = call i16 @_ssdm_op_PartSelect.i16.i912.i32.i32(i912 %data_V_read_1, i32 208, i32 223)" [firmware/nnet_utils/nnet_code_gen.h:328]   --->   Operation 45 'partselect' 'tmp_29' <Predicate = true> <Delay = 0.00>
ST_1 : Operation 46 [1/1] (0.00ns) (grouped into LUT with out node select_ln331)   --->   "%select_ln327 = select i1 %icmp_ln327, i16 %tmp_29, i16 %select_ln323" [firmware/nnet_utils/nnet_code_gen.h:327]   --->   Operation 46 'select' 'select_ln327' <Predicate = true> <Delay = 0.00> <Core = "Sel">   --->   Core 26 'Sel' <Latency = 0> <II = 1> <Delay = 0.24> <FuncUnit> <Opcode : 'select'> <InPorts = 3> <OutPorts = 1>
ST_1 : Operation 47 [1/1] (0.61ns)   --->   "%icmp_ln331 = icmp eq i6 %partition_read, 14" [firmware/nnet_utils/nnet_code_gen.h:331]   --->   Operation 47 'icmp' 'icmp_ln331' <Predicate = true> <Delay = 0.61> <Core = "Cmp">   --->   Core 25 'Cmp' <Latency = 0> <II = 1> <Delay = 0.61> <FuncUnit> <Opcode : 'icmp'> <InPorts = 2> <OutPorts = 1>
ST_1 : Operation 48 [1/1] (0.00ns) (grouped into LUT with out node select_ln331)   --->   "%tmp_30 = call i16 @_ssdm_op_PartSelect.i16.i912.i32.i32(i912 %data_V_read_1, i32 224, i32 239)" [firmware/nnet_utils/nnet_code_gen.h:332]   --->   Operation 48 'partselect' 'tmp_30' <Predicate = true> <Delay = 0.00>
ST_1 : Operation 49 [1/1] (0.24ns) (out node of the LUT)   --->   "%select_ln331 = select i1 %icmp_ln331, i16 %tmp_30, i16 %select_ln327" [firmware/nnet_utils/nnet_code_gen.h:331]   --->   Operation 49 'select' 'select_ln331' <Predicate = true> <Delay = 0.24> <Core = "Sel">   --->   Core 26 'Sel' <Latency = 0> <II = 1> <Delay = 0.24> <FuncUnit> <Opcode : 'select'> <InPorts = 3> <OutPorts = 1>
ST_1 : Operation 50 [1/1] (0.61ns)   --->   "%icmp_ln335 = icmp eq i6 %partition_read, 15" [firmware/nnet_utils/nnet_code_gen.h:335]   --->   Operation 50 'icmp' 'icmp_ln335' <Predicate = true> <Delay = 0.61> <Core = "Cmp">   --->   Core 25 'Cmp' <Latency = 0> <II = 1> <Delay = 0.61> <FuncUnit> <Opcode : 'icmp'> <InPorts = 2> <OutPorts = 1>
ST_1 : Operation 51 [1/1] (0.00ns) (grouped into LUT with out node select_ln339)   --->   "%tmp_31 = call i16 @_ssdm_op_PartSelect.i16.i912.i32.i32(i912 %data_V_read_1, i32 240, i32 255)" [firmware/nnet_utils/nnet_code_gen.h:336]   --->   Operation 51 'partselect' 'tmp_31' <Predicate = true> <Delay = 0.00>
ST_1 : Operation 52 [1/1] (0.00ns) (grouped into LUT with out node select_ln339)   --->   "%select_ln335 = select i1 %icmp_ln335, i16 %tmp_31, i16 %select_ln331" [firmware/nnet_utils/nnet_code_gen.h:335]   --->   Operation 52 'select' 'select_ln335' <Predicate = true> <Delay = 0.00> <Core = "Sel">   --->   Core 26 'Sel' <Latency = 0> <II = 1> <Delay = 0.24> <FuncUnit> <Opcode : 'select'> <InPorts = 3> <OutPorts = 1>
ST_1 : Operation 53 [1/1] (0.61ns)   --->   "%icmp_ln339 = icmp eq i6 %partition_read, 16" [firmware/nnet_utils/nnet_code_gen.h:339]   --->   Operation 53 'icmp' 'icmp_ln339' <Predicate = true> <Delay = 0.61> <Core = "Cmp">   --->   Core 25 'Cmp' <Latency = 0> <II = 1> <Delay = 0.61> <FuncUnit> <Opcode : 'icmp'> <InPorts = 2> <OutPorts = 1>
ST_1 : Operation 54 [1/1] (0.00ns) (grouped into LUT with out node select_ln339)   --->   "%tmp_32 = call i16 @_ssdm_op_PartSelect.i16.i912.i32.i32(i912 %data_V_read_1, i32 256, i32 271)" [firmware/nnet_utils/nnet_code_gen.h:340]   --->   Operation 54 'partselect' 'tmp_32' <Predicate = true> <Delay = 0.00>
ST_1 : Operation 55 [1/1] (0.24ns) (out node of the LUT)   --->   "%select_ln339 = select i1 %icmp_ln339, i16 %tmp_32, i16 %select_ln335" [firmware/nnet_utils/nnet_code_gen.h:339]   --->   Operation 55 'select' 'select_ln339' <Predicate = true> <Delay = 0.24> <Core = "Sel">   --->   Core 26 'Sel' <Latency = 0> <II = 1> <Delay = 0.24> <FuncUnit> <Opcode : 'select'> <InPorts = 3> <OutPorts = 1>
ST_1 : Operation 56 [1/1] (0.61ns)   --->   "%icmp_ln343 = icmp eq i6 %partition_read, 17" [firmware/nnet_utils/nnet_code_gen.h:343]   --->   Operation 56 'icmp' 'icmp_ln343' <Predicate = true> <Delay = 0.61> <Core = "Cmp">   --->   Core 25 'Cmp' <Latency = 0> <II = 1> <Delay = 0.61> <FuncUnit> <Opcode : 'icmp'> <InPorts = 2> <OutPorts = 1>
ST_1 : Operation 57 [1/1] (0.00ns) (grouped into LUT with out node select_ln347)   --->   "%tmp_33 = call i16 @_ssdm_op_PartSelect.i16.i912.i32.i32(i912 %data_V_read_1, i32 272, i32 287)" [firmware/nnet_utils/nnet_code_gen.h:344]   --->   Operation 57 'partselect' 'tmp_33' <Predicate = true> <Delay = 0.00>
ST_1 : Operation 58 [1/1] (0.00ns) (grouped into LUT with out node select_ln347)   --->   "%select_ln343 = select i1 %icmp_ln343, i16 %tmp_33, i16 %select_ln339" [firmware/nnet_utils/nnet_code_gen.h:343]   --->   Operation 58 'select' 'select_ln343' <Predicate = true> <Delay = 0.00> <Core = "Sel">   --->   Core 26 'Sel' <Latency = 0> <II = 1> <Delay = 0.24> <FuncUnit> <Opcode : 'select'> <InPorts = 3> <OutPorts = 1>
ST_1 : Operation 59 [1/1] (0.61ns)   --->   "%icmp_ln347 = icmp eq i6 %partition_read, 18" [firmware/nnet_utils/nnet_code_gen.h:347]   --->   Operation 59 'icmp' 'icmp_ln347' <Predicate = true> <Delay = 0.61> <Core = "Cmp">   --->   Core 25 'Cmp' <Latency = 0> <II = 1> <Delay = 0.61> <FuncUnit> <Opcode : 'icmp'> <InPorts = 2> <OutPorts = 1>
ST_1 : Operation 60 [1/1] (0.00ns) (grouped into LUT with out node select_ln347)   --->   "%tmp_34 = call i16 @_ssdm_op_PartSelect.i16.i912.i32.i32(i912 %data_V_read_1, i32 288, i32 303)" [firmware/nnet_utils/nnet_code_gen.h:348]   --->   Operation 60 'partselect' 'tmp_34' <Predicate = true> <Delay = 0.00>
ST_1 : Operation 61 [1/1] (0.24ns) (out node of the LUT)   --->   "%select_ln347 = select i1 %icmp_ln347, i16 %tmp_34, i16 %select_ln343" [firmware/nnet_utils/nnet_code_gen.h:347]   --->   Operation 61 'select' 'select_ln347' <Predicate = true> <Delay = 0.24> <Core = "Sel">   --->   Core 26 'Sel' <Latency = 0> <II = 1> <Delay = 0.24> <FuncUnit> <Opcode : 'select'> <InPorts = 3> <OutPorts = 1>
ST_1 : Operation 62 [1/1] (0.61ns)   --->   "%icmp_ln351 = icmp eq i6 %partition_read, 19" [firmware/nnet_utils/nnet_code_gen.h:351]   --->   Operation 62 'icmp' 'icmp_ln351' <Predicate = true> <Delay = 0.61> <Core = "Cmp">   --->   Core 25 'Cmp' <Latency = 0> <II = 1> <Delay = 0.61> <FuncUnit> <Opcode : 'icmp'> <InPorts = 2> <OutPorts = 1>
ST_1 : Operation 63 [1/1] (0.00ns) (grouped into LUT with out node select_ln355)   --->   "%tmp_35 = call i16 @_ssdm_op_PartSelect.i16.i912.i32.i32(i912 %data_V_read_1, i32 304, i32 319)" [firmware/nnet_utils/nnet_code_gen.h:352]   --->   Operation 63 'partselect' 'tmp_35' <Predicate = true> <Delay = 0.00>
ST_1 : Operation 64 [1/1] (0.00ns) (grouped into LUT with out node select_ln355)   --->   "%select_ln351 = select i1 %icmp_ln351, i16 %tmp_35, i16 %select_ln347" [firmware/nnet_utils/nnet_code_gen.h:351]   --->   Operation 64 'select' 'select_ln351' <Predicate = true> <Delay = 0.00> <Core = "Sel">   --->   Core 26 'Sel' <Latency = 0> <II = 1> <Delay = 0.24> <FuncUnit> <Opcode : 'select'> <InPorts = 3> <OutPorts = 1>
ST_1 : Operation 65 [1/1] (0.61ns)   --->   "%icmp_ln355 = icmp eq i6 %partition_read, 20" [firmware/nnet_utils/nnet_code_gen.h:355]   --->   Operation 65 'icmp' 'icmp_ln355' <Predicate = true> <Delay = 0.61> <Core = "Cmp">   --->   Core 25 'Cmp' <Latency = 0> <II = 1> <Delay = 0.61> <FuncUnit> <Opcode : 'icmp'> <InPorts = 2> <OutPorts = 1>
ST_1 : Operation 66 [1/1] (0.00ns) (grouped into LUT with out node select_ln355)   --->   "%tmp_36 = call i16 @_ssdm_op_PartSelect.i16.i912.i32.i32(i912 %data_V_read_1, i32 320, i32 335)" [firmware/nnet_utils/nnet_code_gen.h:356]   --->   Operation 66 'partselect' 'tmp_36' <Predicate = true> <Delay = 0.00>
ST_1 : Operation 67 [1/1] (0.24ns) (out node of the LUT)   --->   "%select_ln355 = select i1 %icmp_ln355, i16 %tmp_36, i16 %select_ln351" [firmware/nnet_utils/nnet_code_gen.h:355]   --->   Operation 67 'select' 'select_ln355' <Predicate = true> <Delay = 0.24> <Core = "Sel">   --->   Core 26 'Sel' <Latency = 0> <II = 1> <Delay = 0.24> <FuncUnit> <Opcode : 'select'> <InPorts = 3> <OutPorts = 1>
ST_1 : Operation 68 [1/1] (0.61ns)   --->   "%icmp_ln359 = icmp eq i6 %partition_read, 21" [firmware/nnet_utils/nnet_code_gen.h:359]   --->   Operation 68 'icmp' 'icmp_ln359' <Predicate = true> <Delay = 0.61> <Core = "Cmp">   --->   Core 25 'Cmp' <Latency = 0> <II = 1> <Delay = 0.61> <FuncUnit> <Opcode : 'icmp'> <InPorts = 2> <OutPorts = 1>
ST_1 : Operation 69 [1/1] (0.00ns) (grouped into LUT with out node select_ln363)   --->   "%tmp_37 = call i16 @_ssdm_op_PartSelect.i16.i912.i32.i32(i912 %data_V_read_1, i32 336, i32 351)" [firmware/nnet_utils/nnet_code_gen.h:360]   --->   Operation 69 'partselect' 'tmp_37' <Predicate = true> <Delay = 0.00>
ST_1 : Operation 70 [1/1] (0.00ns) (grouped into LUT with out node select_ln363)   --->   "%select_ln359 = select i1 %icmp_ln359, i16 %tmp_37, i16 %select_ln355" [firmware/nnet_utils/nnet_code_gen.h:359]   --->   Operation 70 'select' 'select_ln359' <Predicate = true> <Delay = 0.00> <Core = "Sel">   --->   Core 26 'Sel' <Latency = 0> <II = 1> <Delay = 0.24> <FuncUnit> <Opcode : 'select'> <InPorts = 3> <OutPorts = 1>
ST_1 : Operation 71 [1/1] (0.61ns)   --->   "%icmp_ln363 = icmp eq i6 %partition_read, 22" [firmware/nnet_utils/nnet_code_gen.h:363]   --->   Operation 71 'icmp' 'icmp_ln363' <Predicate = true> <Delay = 0.61> <Core = "Cmp">   --->   Core 25 'Cmp' <Latency = 0> <II = 1> <Delay = 0.61> <FuncUnit> <Opcode : 'icmp'> <InPorts = 2> <OutPorts = 1>
ST_1 : Operation 72 [1/1] (0.00ns) (grouped into LUT with out node select_ln363)   --->   "%tmp_38 = call i16 @_ssdm_op_PartSelect.i16.i912.i32.i32(i912 %data_V_read_1, i32 352, i32 367)" [firmware/nnet_utils/nnet_code_gen.h:364]   --->   Operation 72 'partselect' 'tmp_38' <Predicate = true> <Delay = 0.00>
ST_1 : Operation 73 [1/1] (0.24ns) (out node of the LUT)   --->   "%select_ln363 = select i1 %icmp_ln363, i16 %tmp_38, i16 %select_ln359" [firmware/nnet_utils/nnet_code_gen.h:363]   --->   Operation 73 'select' 'select_ln363' <Predicate = true> <Delay = 0.24> <Core = "Sel">   --->   Core 26 'Sel' <Latency = 0> <II = 1> <Delay = 0.24> <FuncUnit> <Opcode : 'select'> <InPorts = 3> <OutPorts = 1>
ST_1 : Operation 74 [1/1] (0.61ns)   --->   "%icmp_ln367 = icmp eq i6 %partition_read, 23" [firmware/nnet_utils/nnet_code_gen.h:367]   --->   Operation 74 'icmp' 'icmp_ln367' <Predicate = true> <Delay = 0.61> <Core = "Cmp">   --->   Core 25 'Cmp' <Latency = 0> <II = 1> <Delay = 0.61> <FuncUnit> <Opcode : 'icmp'> <InPorts = 2> <OutPorts = 1>
ST_1 : Operation 75 [1/1] (0.00ns) (grouped into LUT with out node select_ln371)   --->   "%tmp_39 = call i16 @_ssdm_op_PartSelect.i16.i912.i32.i32(i912 %data_V_read_1, i32 368, i32 383)" [firmware/nnet_utils/nnet_code_gen.h:368]   --->   Operation 75 'partselect' 'tmp_39' <Predicate = true> <Delay = 0.00>
ST_1 : Operation 76 [1/1] (0.00ns) (grouped into LUT with out node select_ln371)   --->   "%select_ln367 = select i1 %icmp_ln367, i16 %tmp_39, i16 %select_ln363" [firmware/nnet_utils/nnet_code_gen.h:367]   --->   Operation 76 'select' 'select_ln367' <Predicate = true> <Delay = 0.00> <Core = "Sel">   --->   Core 26 'Sel' <Latency = 0> <II = 1> <Delay = 0.24> <FuncUnit> <Opcode : 'select'> <InPorts = 3> <OutPorts = 1>
ST_1 : Operation 77 [1/1] (0.61ns)   --->   "%icmp_ln371 = icmp eq i6 %partition_read, 24" [firmware/nnet_utils/nnet_code_gen.h:371]   --->   Operation 77 'icmp' 'icmp_ln371' <Predicate = true> <Delay = 0.61> <Core = "Cmp">   --->   Core 25 'Cmp' <Latency = 0> <II = 1> <Delay = 0.61> <FuncUnit> <Opcode : 'icmp'> <InPorts = 2> <OutPorts = 1>
ST_1 : Operation 78 [1/1] (0.00ns) (grouped into LUT with out node select_ln371)   --->   "%tmp_40 = call i16 @_ssdm_op_PartSelect.i16.i912.i32.i32(i912 %data_V_read_1, i32 384, i32 399)" [firmware/nnet_utils/nnet_code_gen.h:372]   --->   Operation 78 'partselect' 'tmp_40' <Predicate = true> <Delay = 0.00>
ST_1 : Operation 79 [1/1] (0.24ns) (out node of the LUT)   --->   "%select_ln371 = select i1 %icmp_ln371, i16 %tmp_40, i16 %select_ln367" [firmware/nnet_utils/nnet_code_gen.h:371]   --->   Operation 79 'select' 'select_ln371' <Predicate = true> <Delay = 0.24> <Core = "Sel">   --->   Core 26 'Sel' <Latency = 0> <II = 1> <Delay = 0.24> <FuncUnit> <Opcode : 'select'> <InPorts = 3> <OutPorts = 1>
ST_1 : Operation 80 [1/1] (0.61ns)   --->   "%icmp_ln375 = icmp eq i6 %partition_read, 25" [firmware/nnet_utils/nnet_code_gen.h:375]   --->   Operation 80 'icmp' 'icmp_ln375' <Predicate = true> <Delay = 0.61> <Core = "Cmp">   --->   Core 25 'Cmp' <Latency = 0> <II = 1> <Delay = 0.61> <FuncUnit> <Opcode : 'icmp'> <InPorts = 2> <OutPorts = 1>
ST_1 : Operation 81 [1/1] (0.00ns) (grouped into LUT with out node select_ln379)   --->   "%tmp_41 = call i16 @_ssdm_op_PartSelect.i16.i912.i32.i32(i912 %data_V_read_1, i32 400, i32 415)" [firmware/nnet_utils/nnet_code_gen.h:376]   --->   Operation 81 'partselect' 'tmp_41' <Predicate = true> <Delay = 0.00>
ST_1 : Operation 82 [1/1] (0.00ns) (grouped into LUT with out node select_ln379)   --->   "%select_ln375 = select i1 %icmp_ln375, i16 %tmp_41, i16 %select_ln371" [firmware/nnet_utils/nnet_code_gen.h:375]   --->   Operation 82 'select' 'select_ln375' <Predicate = true> <Delay = 0.00> <Core = "Sel">   --->   Core 26 'Sel' <Latency = 0> <II = 1> <Delay = 0.24> <FuncUnit> <Opcode : 'select'> <InPorts = 3> <OutPorts = 1>
ST_1 : Operation 83 [1/1] (0.61ns)   --->   "%icmp_ln379 = icmp eq i6 %partition_read, 26" [firmware/nnet_utils/nnet_code_gen.h:379]   --->   Operation 83 'icmp' 'icmp_ln379' <Predicate = true> <Delay = 0.61> <Core = "Cmp">   --->   Core 25 'Cmp' <Latency = 0> <II = 1> <Delay = 0.61> <FuncUnit> <Opcode : 'icmp'> <InPorts = 2> <OutPorts = 1>
ST_1 : Operation 84 [1/1] (0.00ns) (grouped into LUT with out node select_ln379)   --->   "%tmp_42 = call i16 @_ssdm_op_PartSelect.i16.i912.i32.i32(i912 %data_V_read_1, i32 416, i32 431)" [firmware/nnet_utils/nnet_code_gen.h:380]   --->   Operation 84 'partselect' 'tmp_42' <Predicate = true> <Delay = 0.00>
ST_1 : Operation 85 [1/1] (0.24ns) (out node of the LUT)   --->   "%select_ln379 = select i1 %icmp_ln379, i16 %tmp_42, i16 %select_ln375" [firmware/nnet_utils/nnet_code_gen.h:379]   --->   Operation 85 'select' 'select_ln379' <Predicate = true> <Delay = 0.24> <Core = "Sel">   --->   Core 26 'Sel' <Latency = 0> <II = 1> <Delay = 0.24> <FuncUnit> <Opcode : 'select'> <InPorts = 3> <OutPorts = 1>
ST_1 : Operation 86 [1/1] (0.61ns)   --->   "%icmp_ln383 = icmp eq i6 %partition_read, 27" [firmware/nnet_utils/nnet_code_gen.h:383]   --->   Operation 86 'icmp' 'icmp_ln383' <Predicate = true> <Delay = 0.61> <Core = "Cmp">   --->   Core 25 'Cmp' <Latency = 0> <II = 1> <Delay = 0.61> <FuncUnit> <Opcode : 'icmp'> <InPorts = 2> <OutPorts = 1>
ST_1 : Operation 87 [1/1] (0.00ns) (grouped into LUT with out node select_ln387)   --->   "%tmp_43 = call i16 @_ssdm_op_PartSelect.i16.i912.i32.i32(i912 %data_V_read_1, i32 432, i32 447)" [firmware/nnet_utils/nnet_code_gen.h:384]   --->   Operation 87 'partselect' 'tmp_43' <Predicate = true> <Delay = 0.00>
ST_1 : Operation 88 [1/1] (0.00ns) (grouped into LUT with out node select_ln387)   --->   "%select_ln383 = select i1 %icmp_ln383, i16 %tmp_43, i16 %select_ln379" [firmware/nnet_utils/nnet_code_gen.h:383]   --->   Operation 88 'select' 'select_ln383' <Predicate = true> <Delay = 0.00> <Core = "Sel">   --->   Core 26 'Sel' <Latency = 0> <II = 1> <Delay = 0.24> <FuncUnit> <Opcode : 'select'> <InPorts = 3> <OutPorts = 1>
ST_1 : Operation 89 [1/1] (0.61ns)   --->   "%icmp_ln387 = icmp eq i6 %partition_read, 28" [firmware/nnet_utils/nnet_code_gen.h:387]   --->   Operation 89 'icmp' 'icmp_ln387' <Predicate = true> <Delay = 0.61> <Core = "Cmp">   --->   Core 25 'Cmp' <Latency = 0> <II = 1> <Delay = 0.61> <FuncUnit> <Opcode : 'icmp'> <InPorts = 2> <OutPorts = 1>
ST_1 : Operation 90 [1/1] (0.00ns) (grouped into LUT with out node select_ln387)   --->   "%tmp_44 = call i16 @_ssdm_op_PartSelect.i16.i912.i32.i32(i912 %data_V_read_1, i32 448, i32 463)" [firmware/nnet_utils/nnet_code_gen.h:388]   --->   Operation 90 'partselect' 'tmp_44' <Predicate = true> <Delay = 0.00>
ST_1 : Operation 91 [1/1] (0.24ns) (out node of the LUT)   --->   "%select_ln387 = select i1 %icmp_ln387, i16 %tmp_44, i16 %select_ln383" [firmware/nnet_utils/nnet_code_gen.h:387]   --->   Operation 91 'select' 'select_ln387' <Predicate = true> <Delay = 0.24> <Core = "Sel">   --->   Core 26 'Sel' <Latency = 0> <II = 1> <Delay = 0.24> <FuncUnit> <Opcode : 'select'> <InPorts = 3> <OutPorts = 1>
ST_1 : Operation 92 [1/1] (0.61ns)   --->   "%icmp_ln391 = icmp eq i6 %partition_read, 29" [firmware/nnet_utils/nnet_code_gen.h:391]   --->   Operation 92 'icmp' 'icmp_ln391' <Predicate = true> <Delay = 0.61> <Core = "Cmp">   --->   Core 25 'Cmp' <Latency = 0> <II = 1> <Delay = 0.61> <FuncUnit> <Opcode : 'icmp'> <InPorts = 2> <OutPorts = 1>
ST_1 : Operation 93 [1/1] (0.00ns) (grouped into LUT with out node select_ln395)   --->   "%tmp_45 = call i16 @_ssdm_op_PartSelect.i16.i912.i32.i32(i912 %data_V_read_1, i32 464, i32 479)" [firmware/nnet_utils/nnet_code_gen.h:392]   --->   Operation 93 'partselect' 'tmp_45' <Predicate = true> <Delay = 0.00>
ST_1 : Operation 94 [1/1] (0.00ns) (grouped into LUT with out node select_ln395)   --->   "%select_ln391 = select i1 %icmp_ln391, i16 %tmp_45, i16 %select_ln387" [firmware/nnet_utils/nnet_code_gen.h:391]   --->   Operation 94 'select' 'select_ln391' <Predicate = true> <Delay = 0.00> <Core = "Sel">   --->   Core 26 'Sel' <Latency = 0> <II = 1> <Delay = 0.24> <FuncUnit> <Opcode : 'select'> <InPorts = 3> <OutPorts = 1>
ST_1 : Operation 95 [1/1] (0.61ns)   --->   "%icmp_ln395 = icmp eq i6 %partition_read, 30" [firmware/nnet_utils/nnet_code_gen.h:395]   --->   Operation 95 'icmp' 'icmp_ln395' <Predicate = true> <Delay = 0.61> <Core = "Cmp">   --->   Core 25 'Cmp' <Latency = 0> <II = 1> <Delay = 0.61> <FuncUnit> <Opcode : 'icmp'> <InPorts = 2> <OutPorts = 1>
ST_1 : Operation 96 [1/1] (0.00ns) (grouped into LUT with out node select_ln395)   --->   "%tmp_46 = call i16 @_ssdm_op_PartSelect.i16.i912.i32.i32(i912 %data_V_read_1, i32 480, i32 495)" [firmware/nnet_utils/nnet_code_gen.h:396]   --->   Operation 96 'partselect' 'tmp_46' <Predicate = true> <Delay = 0.00>
ST_1 : Operation 97 [1/1] (0.24ns) (out node of the LUT)   --->   "%select_ln395 = select i1 %icmp_ln395, i16 %tmp_46, i16 %select_ln391" [firmware/nnet_utils/nnet_code_gen.h:395]   --->   Operation 97 'select' 'select_ln395' <Predicate = true> <Delay = 0.24> <Core = "Sel">   --->   Core 26 'Sel' <Latency = 0> <II = 1> <Delay = 0.24> <FuncUnit> <Opcode : 'select'> <InPorts = 3> <OutPorts = 1>
ST_1 : Operation 98 [1/1] (0.00ns) (grouped into LUT with out node or_ln499_1)   --->   "%or_ln499 = or i1 %icmp_ln275, %icmp_ln283" [firmware/nnet_utils/nnet_code_gen.h:499]   --->   Operation 98 'or' 'or_ln499' <Predicate = true> <Delay = 0.00> <Core = "LogicGate">   --->   Core 27 'LogicGate' <Latency = 0> <II = 1> <Delay = 0.12> <FuncUnit> <Opcode : 'and' 'or' 'xor'> <InPorts = 2> <OutPorts = 1>
ST_1 : Operation 99 [1/1] (0.12ns) (out node of the LUT)   --->   "%or_ln499_1 = or i1 %or_ln499, %icmp_ln279" [firmware/nnet_utils/nnet_code_gen.h:499]   --->   Operation 99 'or' 'or_ln499_1' <Predicate = true> <Delay = 0.12> <Core = "LogicGate">   --->   Core 27 'LogicGate' <Latency = 0> <II = 1> <Delay = 0.12> <FuncUnit> <Opcode : 'and' 'or' 'xor'> <InPorts = 2> <OutPorts = 1>
ST_1 : Operation 100 [1/1] (0.00ns) (grouped into LUT with out node or_ln499_5)   --->   "%or_ln499_2 = or i1 %icmp_ln287, %icmp_ln291" [firmware/nnet_utils/nnet_code_gen.h:499]   --->   Operation 100 'or' 'or_ln499_2' <Predicate = true> <Delay = 0.00> <Core = "LogicGate">   --->   Core 27 'LogicGate' <Latency = 0> <II = 1> <Delay = 0.12> <FuncUnit> <Opcode : 'and' 'or' 'xor'> <InPorts = 2> <OutPorts = 1>
ST_1 : Operation 101 [1/1] (0.00ns) (grouped into LUT with out node or_ln499_5)   --->   "%or_ln499_3 = or i1 %icmp_ln295, %icmp_ln299" [firmware/nnet_utils/nnet_code_gen.h:499]   --->   Operation 101 'or' 'or_ln499_3' <Predicate = true> <Delay = 0.00> <Core = "LogicGate">   --->   Core 27 'LogicGate' <Latency = 0> <II = 1> <Delay = 0.12> <FuncUnit> <Opcode : 'and' 'or' 'xor'> <InPorts = 2> <OutPorts = 1>
ST_1 : Operation 102 [1/1] (0.00ns) (grouped into LUT with out node or_ln499_5)   --->   "%or_ln499_4 = or i1 %or_ln499_3, %or_ln499_2" [firmware/nnet_utils/nnet_code_gen.h:499]   --->   Operation 102 'or' 'or_ln499_4' <Predicate = true> <Delay = 0.00> <Core = "LogicGate">   --->   Core 27 'LogicGate' <Latency = 0> <II = 1> <Delay = 0.12> <FuncUnit> <Opcode : 'and' 'or' 'xor'> <InPorts = 2> <OutPorts = 1>
ST_1 : Operation 103 [1/1] (0.12ns) (out node of the LUT)   --->   "%or_ln499_5 = or i1 %or_ln499_4, %or_ln499_1" [firmware/nnet_utils/nnet_code_gen.h:499]   --->   Operation 103 'or' 'or_ln499_5' <Predicate = true> <Delay = 0.12> <Core = "LogicGate">   --->   Core 27 'LogicGate' <Latency = 0> <II = 1> <Delay = 0.12> <FuncUnit> <Opcode : 'and' 'or' 'xor'> <InPorts = 2> <OutPorts = 1>
ST_1 : Operation 104 [1/1] (0.00ns) (grouped into LUT with out node or_ln499_7)   --->   "%or_ln499_6 = or i1 %icmp_ln307, %icmp_ln311" [firmware/nnet_utils/nnet_code_gen.h:499]   --->   Operation 104 'or' 'or_ln499_6' <Predicate = true> <Delay = 0.00> <Core = "LogicGate">   --->   Core 27 'LogicGate' <Latency = 0> <II = 1> <Delay = 0.12> <FuncUnit> <Opcode : 'and' 'or' 'xor'> <InPorts = 2> <OutPorts = 1>
ST_1 : Operation 105 [1/1] (0.12ns) (out node of the LUT)   --->   "%or_ln499_7 = or i1 %or_ln499_6, %icmp_ln303" [firmware/nnet_utils/nnet_code_gen.h:499]   --->   Operation 105 'or' 'or_ln499_7' <Predicate = true> <Delay = 0.12> <Core = "LogicGate">   --->   Core 27 'LogicGate' <Latency = 0> <II = 1> <Delay = 0.12> <FuncUnit> <Opcode : 'and' 'or' 'xor'> <InPorts = 2> <OutPorts = 1>
ST_1 : Operation 106 [1/1] (0.00ns) (grouped into LUT with out node or_ln499_12)   --->   "%or_ln499_8 = or i1 %icmp_ln315, %icmp_ln319" [firmware/nnet_utils/nnet_code_gen.h:499]   --->   Operation 106 'or' 'or_ln499_8' <Predicate = true> <Delay = 0.00> <Core = "LogicGate">   --->   Core 27 'LogicGate' <Latency = 0> <II = 1> <Delay = 0.12> <FuncUnit> <Opcode : 'and' 'or' 'xor'> <InPorts = 2> <OutPorts = 1>
ST_1 : Operation 107 [1/1] (0.00ns) (grouped into LUT with out node or_ln499_12)   --->   "%or_ln499_9 = or i1 %icmp_ln323, %icmp_ln327" [firmware/nnet_utils/nnet_code_gen.h:499]   --->   Operation 107 'or' 'or_ln499_9' <Predicate = true> <Delay = 0.00> <Core = "LogicGate">   --->   Core 27 'LogicGate' <Latency = 0> <II = 1> <Delay = 0.12> <FuncUnit> <Opcode : 'and' 'or' 'xor'> <InPorts = 2> <OutPorts = 1>
ST_1 : Operation 108 [1/1] (0.00ns) (grouped into LUT with out node or_ln499_12)   --->   "%or_ln499_10 = or i1 %or_ln499_9, %or_ln499_8" [firmware/nnet_utils/nnet_code_gen.h:499]   --->   Operation 108 'or' 'or_ln499_10' <Predicate = true> <Delay = 0.00> <Core = "LogicGate">   --->   Core 27 'LogicGate' <Latency = 0> <II = 1> <Delay = 0.12> <FuncUnit> <Opcode : 'and' 'or' 'xor'> <InPorts = 2> <OutPorts = 1>
ST_1 : Operation 109 [1/1] (0.00ns) (grouped into LUT with out node or_ln499_12)   --->   "%or_ln499_11 = or i1 %or_ln499_10, %or_ln499_7" [firmware/nnet_utils/nnet_code_gen.h:499]   --->   Operation 109 'or' 'or_ln499_11' <Predicate = true> <Delay = 0.00> <Core = "LogicGate">   --->   Core 27 'LogicGate' <Latency = 0> <II = 1> <Delay = 0.12> <FuncUnit> <Opcode : 'and' 'or' 'xor'> <InPorts = 2> <OutPorts = 1>
ST_1 : Operation 110 [1/1] (0.12ns) (out node of the LUT)   --->   "%or_ln499_12 = or i1 %or_ln499_11, %or_ln499_5" [firmware/nnet_utils/nnet_code_gen.h:499]   --->   Operation 110 'or' 'or_ln499_12' <Predicate = true> <Delay = 0.12> <Core = "LogicGate">   --->   Core 27 'LogicGate' <Latency = 0> <II = 1> <Delay = 0.12> <FuncUnit> <Opcode : 'and' 'or' 'xor'> <InPorts = 2> <OutPorts = 1>
ST_1 : Operation 111 [1/1] (0.00ns) (grouped into LUT with out node or_ln499_14)   --->   "%or_ln499_13 = or i1 %icmp_ln335, %icmp_ln339" [firmware/nnet_utils/nnet_code_gen.h:499]   --->   Operation 111 'or' 'or_ln499_13' <Predicate = true> <Delay = 0.00> <Core = "LogicGate">   --->   Core 27 'LogicGate' <Latency = 0> <II = 1> <Delay = 0.12> <FuncUnit> <Opcode : 'and' 'or' 'xor'> <InPorts = 2> <OutPorts = 1>
ST_1 : Operation 112 [1/1] (0.12ns) (out node of the LUT)   --->   "%or_ln499_14 = or i1 %or_ln499_13, %icmp_ln331" [firmware/nnet_utils/nnet_code_gen.h:499]   --->   Operation 112 'or' 'or_ln499_14' <Predicate = true> <Delay = 0.12> <Core = "LogicGate">   --->   Core 27 'LogicGate' <Latency = 0> <II = 1> <Delay = 0.12> <FuncUnit> <Opcode : 'and' 'or' 'xor'> <InPorts = 2> <OutPorts = 1>
ST_1 : Operation 113 [1/1] (0.00ns) (grouped into LUT with out node or_ln499_18)   --->   "%or_ln499_15 = or i1 %icmp_ln343, %icmp_ln347" [firmware/nnet_utils/nnet_code_gen.h:499]   --->   Operation 113 'or' 'or_ln499_15' <Predicate = true> <Delay = 0.00> <Core = "LogicGate">   --->   Core 27 'LogicGate' <Latency = 0> <II = 1> <Delay = 0.12> <FuncUnit> <Opcode : 'and' 'or' 'xor'> <InPorts = 2> <OutPorts = 1>
ST_1 : Operation 114 [1/1] (0.00ns) (grouped into LUT with out node or_ln499_18)   --->   "%or_ln499_16 = or i1 %icmp_ln351, %icmp_ln355" [firmware/nnet_utils/nnet_code_gen.h:499]   --->   Operation 114 'or' 'or_ln499_16' <Predicate = true> <Delay = 0.00> <Core = "LogicGate">   --->   Core 27 'LogicGate' <Latency = 0> <II = 1> <Delay = 0.12> <FuncUnit> <Opcode : 'and' 'or' 'xor'> <InPorts = 2> <OutPorts = 1>
ST_1 : Operation 115 [1/1] (0.00ns) (grouped into LUT with out node or_ln499_18)   --->   "%or_ln499_17 = or i1 %or_ln499_16, %or_ln499_15" [firmware/nnet_utils/nnet_code_gen.h:499]   --->   Operation 115 'or' 'or_ln499_17' <Predicate = true> <Delay = 0.00> <Core = "LogicGate">   --->   Core 27 'LogicGate' <Latency = 0> <II = 1> <Delay = 0.12> <FuncUnit> <Opcode : 'and' 'or' 'xor'> <InPorts = 2> <OutPorts = 1>
ST_1 : Operation 116 [1/1] (0.12ns) (out node of the LUT)   --->   "%or_ln499_18 = or i1 %or_ln499_17, %or_ln499_14" [firmware/nnet_utils/nnet_code_gen.h:499]   --->   Operation 116 'or' 'or_ln499_18' <Predicate = true> <Delay = 0.12> <Core = "LogicGate">   --->   Core 27 'LogicGate' <Latency = 0> <II = 1> <Delay = 0.12> <FuncUnit> <Opcode : 'and' 'or' 'xor'> <InPorts = 2> <OutPorts = 1>
ST_1 : Operation 117 [1/1] (0.00ns) (grouped into LUT with out node or_ln499_20)   --->   "%or_ln499_19 = or i1 %icmp_ln363, %icmp_ln367" [firmware/nnet_utils/nnet_code_gen.h:499]   --->   Operation 117 'or' 'or_ln499_19' <Predicate = true> <Delay = 0.00> <Core = "LogicGate">   --->   Core 27 'LogicGate' <Latency = 0> <II = 1> <Delay = 0.12> <FuncUnit> <Opcode : 'and' 'or' 'xor'> <InPorts = 2> <OutPorts = 1>
ST_1 : Operation 118 [1/1] (0.12ns) (out node of the LUT)   --->   "%or_ln499_20 = or i1 %or_ln499_19, %icmp_ln359" [firmware/nnet_utils/nnet_code_gen.h:499]   --->   Operation 118 'or' 'or_ln499_20' <Predicate = true> <Delay = 0.12> <Core = "LogicGate">   --->   Core 27 'LogicGate' <Latency = 0> <II = 1> <Delay = 0.12> <FuncUnit> <Opcode : 'and' 'or' 'xor'> <InPorts = 2> <OutPorts = 1>
ST_1 : Operation 119 [1/1] (0.00ns) (grouped into LUT with out node or_ln499_25)   --->   "%or_ln499_21 = or i1 %icmp_ln371, %icmp_ln375" [firmware/nnet_utils/nnet_code_gen.h:499]   --->   Operation 119 'or' 'or_ln499_21' <Predicate = true> <Delay = 0.00> <Core = "LogicGate">   --->   Core 27 'LogicGate' <Latency = 0> <II = 1> <Delay = 0.12> <FuncUnit> <Opcode : 'and' 'or' 'xor'> <InPorts = 2> <OutPorts = 1>
ST_1 : Operation 120 [1/1] (0.00ns) (grouped into LUT with out node or_ln499_25)   --->   "%or_ln499_22 = or i1 %icmp_ln379, %icmp_ln383" [firmware/nnet_utils/nnet_code_gen.h:499]   --->   Operation 120 'or' 'or_ln499_22' <Predicate = true> <Delay = 0.00> <Core = "LogicGate">   --->   Core 27 'LogicGate' <Latency = 0> <II = 1> <Delay = 0.12> <FuncUnit> <Opcode : 'and' 'or' 'xor'> <InPorts = 2> <OutPorts = 1>
ST_1 : Operation 121 [1/1] (0.00ns) (grouped into LUT with out node or_ln499_25)   --->   "%or_ln499_23 = or i1 %or_ln499_22, %or_ln499_21" [firmware/nnet_utils/nnet_code_gen.h:499]   --->   Operation 121 'or' 'or_ln499_23' <Predicate = true> <Delay = 0.00> <Core = "LogicGate">   --->   Core 27 'LogicGate' <Latency = 0> <II = 1> <Delay = 0.12> <FuncUnit> <Opcode : 'and' 'or' 'xor'> <InPorts = 2> <OutPorts = 1>
ST_1 : Operation 122 [1/1] (0.00ns) (grouped into LUT with out node or_ln499_25)   --->   "%or_ln499_24 = or i1 %or_ln499_23, %or_ln499_20" [firmware/nnet_utils/nnet_code_gen.h:499]   --->   Operation 122 'or' 'or_ln499_24' <Predicate = true> <Delay = 0.00> <Core = "LogicGate">   --->   Core 27 'LogicGate' <Latency = 0> <II = 1> <Delay = 0.12> <FuncUnit> <Opcode : 'and' 'or' 'xor'> <InPorts = 2> <OutPorts = 1>
ST_1 : Operation 123 [1/1] (0.12ns) (out node of the LUT)   --->   "%or_ln499_25 = or i1 %or_ln499_24, %or_ln499_18" [firmware/nnet_utils/nnet_code_gen.h:499]   --->   Operation 123 'or' 'or_ln499_25' <Predicate = true> <Delay = 0.12> <Core = "LogicGate">   --->   Core 27 'LogicGate' <Latency = 0> <II = 1> <Delay = 0.12> <FuncUnit> <Opcode : 'and' 'or' 'xor'> <InPorts = 2> <OutPorts = 1>
ST_1 : Operation 124 [1/1] (0.00ns) (grouped into LUT with out node or_ln499_28)   --->   "%or_ln499_27 = or i1 %icmp_ln391, %icmp_ln395" [firmware/nnet_utils/nnet_code_gen.h:499]   --->   Operation 124 'or' 'or_ln499_27' <Predicate = true> <Delay = 0.00> <Core = "LogicGate">   --->   Core 27 'LogicGate' <Latency = 0> <II = 1> <Delay = 0.12> <FuncUnit> <Opcode : 'and' 'or' 'xor'> <InPorts = 2> <OutPorts = 1>
ST_1 : Operation 125 [1/1] (0.12ns) (out node of the LUT)   --->   "%or_ln499_28 = or i1 %or_ln499_27, %icmp_ln387" [firmware/nnet_utils/nnet_code_gen.h:499]   --->   Operation 125 'or' 'or_ln499_28' <Predicate = true> <Delay = 0.12> <Core = "LogicGate">   --->   Core 27 'LogicGate' <Latency = 0> <II = 1> <Delay = 0.12> <FuncUnit> <Opcode : 'and' 'or' 'xor'> <InPorts = 2> <OutPorts = 1>

State 2 <SV = 1> <Delay = 4.02>
ST_2 : Operation 126 [1/1] (0.61ns)   --->   "%icmp_ln399 = icmp eq i6 %partition_read, 31" [firmware/nnet_utils/nnet_code_gen.h:399]   --->   Operation 126 'icmp' 'icmp_ln399' <Predicate = true> <Delay = 0.61> <Core = "Cmp">   --->   Core 25 'Cmp' <Latency = 0> <II = 1> <Delay = 0.61> <FuncUnit> <Opcode : 'icmp'> <InPorts = 2> <OutPorts = 1>
ST_2 : Operation 127 [1/1] (0.00ns) (grouped into LUT with out node select_ln403)   --->   "%tmp_47 = call i16 @_ssdm_op_PartSelect.i16.i912.i32.i32(i912 %data_V_read_1, i32 496, i32 511)" [firmware/nnet_utils/nnet_code_gen.h:400]   --->   Operation 127 'partselect' 'tmp_47' <Predicate = true> <Delay = 0.00>
ST_2 : Operation 128 [1/1] (0.00ns) (grouped into LUT with out node select_ln403)   --->   "%select_ln399 = select i1 %icmp_ln399, i16 %tmp_47, i16 %select_ln395" [firmware/nnet_utils/nnet_code_gen.h:399]   --->   Operation 128 'select' 'select_ln399' <Predicate = true> <Delay = 0.00> <Core = "Sel">   --->   Core 26 'Sel' <Latency = 0> <II = 1> <Delay = 0.24> <FuncUnit> <Opcode : 'select'> <InPorts = 3> <OutPorts = 1>
ST_2 : Operation 129 [1/1] (0.61ns)   --->   "%icmp_ln403 = icmp eq i6 %partition_read, -32" [firmware/nnet_utils/nnet_code_gen.h:403]   --->   Operation 129 'icmp' 'icmp_ln403' <Predicate = true> <Delay = 0.61> <Core = "Cmp">   --->   Core 25 'Cmp' <Latency = 0> <II = 1> <Delay = 0.61> <FuncUnit> <Opcode : 'icmp'> <InPorts = 2> <OutPorts = 1>
ST_2 : Operation 130 [1/1] (0.00ns) (grouped into LUT with out node select_ln403)   --->   "%tmp_48 = call i16 @_ssdm_op_PartSelect.i16.i912.i32.i32(i912 %data_V_read_1, i32 512, i32 527)" [firmware/nnet_utils/nnet_code_gen.h:404]   --->   Operation 130 'partselect' 'tmp_48' <Predicate = true> <Delay = 0.00>
ST_2 : Operation 131 [1/1] (0.24ns) (out node of the LUT)   --->   "%select_ln403 = select i1 %icmp_ln403, i16 %tmp_48, i16 %select_ln399" [firmware/nnet_utils/nnet_code_gen.h:403]   --->   Operation 131 'select' 'select_ln403' <Predicate = true> <Delay = 0.24> <Core = "Sel">   --->   Core 26 'Sel' <Latency = 0> <II = 1> <Delay = 0.24> <FuncUnit> <Opcode : 'select'> <InPorts = 3> <OutPorts = 1>
ST_2 : Operation 132 [1/1] (0.61ns)   --->   "%icmp_ln407 = icmp eq i6 %partition_read, -31" [firmware/nnet_utils/nnet_code_gen.h:407]   --->   Operation 132 'icmp' 'icmp_ln407' <Predicate = true> <Delay = 0.61> <Core = "Cmp">   --->   Core 25 'Cmp' <Latency = 0> <II = 1> <Delay = 0.61> <FuncUnit> <Opcode : 'icmp'> <InPorts = 2> <OutPorts = 1>
ST_2 : Operation 133 [1/1] (0.00ns) (grouped into LUT with out node select_ln411)   --->   "%tmp_49 = call i16 @_ssdm_op_PartSelect.i16.i912.i32.i32(i912 %data_V_read_1, i32 528, i32 543)" [firmware/nnet_utils/nnet_code_gen.h:408]   --->   Operation 133 'partselect' 'tmp_49' <Predicate = true> <Delay = 0.00>
ST_2 : Operation 134 [1/1] (0.00ns) (grouped into LUT with out node select_ln411)   --->   "%select_ln407 = select i1 %icmp_ln407, i16 %tmp_49, i16 %select_ln403" [firmware/nnet_utils/nnet_code_gen.h:407]   --->   Operation 134 'select' 'select_ln407' <Predicate = true> <Delay = 0.00> <Core = "Sel">   --->   Core 26 'Sel' <Latency = 0> <II = 1> <Delay = 0.24> <FuncUnit> <Opcode : 'select'> <InPorts = 3> <OutPorts = 1>
ST_2 : Operation 135 [1/1] (0.61ns)   --->   "%icmp_ln411 = icmp eq i6 %partition_read, -30" [firmware/nnet_utils/nnet_code_gen.h:411]   --->   Operation 135 'icmp' 'icmp_ln411' <Predicate = true> <Delay = 0.61> <Core = "Cmp">   --->   Core 25 'Cmp' <Latency = 0> <II = 1> <Delay = 0.61> <FuncUnit> <Opcode : 'icmp'> <InPorts = 2> <OutPorts = 1>
ST_2 : Operation 136 [1/1] (0.00ns) (grouped into LUT with out node select_ln411)   --->   "%tmp_50 = call i16 @_ssdm_op_PartSelect.i16.i912.i32.i32(i912 %data_V_read_1, i32 544, i32 559)" [firmware/nnet_utils/nnet_code_gen.h:412]   --->   Operation 136 'partselect' 'tmp_50' <Predicate = true> <Delay = 0.00>
ST_2 : Operation 137 [1/1] (0.24ns) (out node of the LUT)   --->   "%select_ln411 = select i1 %icmp_ln411, i16 %tmp_50, i16 %select_ln407" [firmware/nnet_utils/nnet_code_gen.h:411]   --->   Operation 137 'select' 'select_ln411' <Predicate = true> <Delay = 0.24> <Core = "Sel">   --->   Core 26 'Sel' <Latency = 0> <II = 1> <Delay = 0.24> <FuncUnit> <Opcode : 'select'> <InPorts = 3> <OutPorts = 1>
ST_2 : Operation 138 [1/1] (0.61ns)   --->   "%icmp_ln415 = icmp eq i6 %partition_read, -29" [firmware/nnet_utils/nnet_code_gen.h:415]   --->   Operation 138 'icmp' 'icmp_ln415' <Predicate = true> <Delay = 0.61> <Core = "Cmp">   --->   Core 25 'Cmp' <Latency = 0> <II = 1> <Delay = 0.61> <FuncUnit> <Opcode : 'icmp'> <InPorts = 2> <OutPorts = 1>
ST_2 : Operation 139 [1/1] (0.00ns) (grouped into LUT with out node select_ln419)   --->   "%tmp_51 = call i16 @_ssdm_op_PartSelect.i16.i912.i32.i32(i912 %data_V_read_1, i32 560, i32 575)" [firmware/nnet_utils/nnet_code_gen.h:416]   --->   Operation 139 'partselect' 'tmp_51' <Predicate = true> <Delay = 0.00>
ST_2 : Operation 140 [1/1] (0.00ns) (grouped into LUT with out node select_ln419)   --->   "%select_ln415 = select i1 %icmp_ln415, i16 %tmp_51, i16 %select_ln411" [firmware/nnet_utils/nnet_code_gen.h:415]   --->   Operation 140 'select' 'select_ln415' <Predicate = true> <Delay = 0.00> <Core = "Sel">   --->   Core 26 'Sel' <Latency = 0> <II = 1> <Delay = 0.24> <FuncUnit> <Opcode : 'select'> <InPorts = 3> <OutPorts = 1>
ST_2 : Operation 141 [1/1] (0.61ns)   --->   "%icmp_ln419 = icmp eq i6 %partition_read, -28" [firmware/nnet_utils/nnet_code_gen.h:419]   --->   Operation 141 'icmp' 'icmp_ln419' <Predicate = true> <Delay = 0.61> <Core = "Cmp">   --->   Core 25 'Cmp' <Latency = 0> <II = 1> <Delay = 0.61> <FuncUnit> <Opcode : 'icmp'> <InPorts = 2> <OutPorts = 1>
ST_2 : Operation 142 [1/1] (0.00ns) (grouped into LUT with out node select_ln419)   --->   "%tmp_52 = call i16 @_ssdm_op_PartSelect.i16.i912.i32.i32(i912 %data_V_read_1, i32 576, i32 591)" [firmware/nnet_utils/nnet_code_gen.h:420]   --->   Operation 142 'partselect' 'tmp_52' <Predicate = true> <Delay = 0.00>
ST_2 : Operation 143 [1/1] (0.24ns) (out node of the LUT)   --->   "%select_ln419 = select i1 %icmp_ln419, i16 %tmp_52, i16 %select_ln415" [firmware/nnet_utils/nnet_code_gen.h:419]   --->   Operation 143 'select' 'select_ln419' <Predicate = true> <Delay = 0.24> <Core = "Sel">   --->   Core 26 'Sel' <Latency = 0> <II = 1> <Delay = 0.24> <FuncUnit> <Opcode : 'select'> <InPorts = 3> <OutPorts = 1>
ST_2 : Operation 144 [1/1] (0.61ns)   --->   "%icmp_ln423 = icmp eq i6 %partition_read, -27" [firmware/nnet_utils/nnet_code_gen.h:423]   --->   Operation 144 'icmp' 'icmp_ln423' <Predicate = true> <Delay = 0.61> <Core = "Cmp">   --->   Core 25 'Cmp' <Latency = 0> <II = 1> <Delay = 0.61> <FuncUnit> <Opcode : 'icmp'> <InPorts = 2> <OutPorts = 1>
ST_2 : Operation 145 [1/1] (0.00ns) (grouped into LUT with out node select_ln427)   --->   "%tmp_53 = call i16 @_ssdm_op_PartSelect.i16.i912.i32.i32(i912 %data_V_read_1, i32 592, i32 607)" [firmware/nnet_utils/nnet_code_gen.h:424]   --->   Operation 145 'partselect' 'tmp_53' <Predicate = true> <Delay = 0.00>
ST_2 : Operation 146 [1/1] (0.00ns) (grouped into LUT with out node select_ln427)   --->   "%select_ln423 = select i1 %icmp_ln423, i16 %tmp_53, i16 %select_ln419" [firmware/nnet_utils/nnet_code_gen.h:423]   --->   Operation 146 'select' 'select_ln423' <Predicate = true> <Delay = 0.00> <Core = "Sel">   --->   Core 26 'Sel' <Latency = 0> <II = 1> <Delay = 0.24> <FuncUnit> <Opcode : 'select'> <InPorts = 3> <OutPorts = 1>
ST_2 : Operation 147 [1/1] (0.61ns)   --->   "%icmp_ln427 = icmp eq i6 %partition_read, -26" [firmware/nnet_utils/nnet_code_gen.h:427]   --->   Operation 147 'icmp' 'icmp_ln427' <Predicate = true> <Delay = 0.61> <Core = "Cmp">   --->   Core 25 'Cmp' <Latency = 0> <II = 1> <Delay = 0.61> <FuncUnit> <Opcode : 'icmp'> <InPorts = 2> <OutPorts = 1>
ST_2 : Operation 148 [1/1] (0.00ns) (grouped into LUT with out node select_ln427)   --->   "%tmp_54 = call i16 @_ssdm_op_PartSelect.i16.i912.i32.i32(i912 %data_V_read_1, i32 608, i32 623)" [firmware/nnet_utils/nnet_code_gen.h:428]   --->   Operation 148 'partselect' 'tmp_54' <Predicate = true> <Delay = 0.00>
ST_2 : Operation 149 [1/1] (0.24ns) (out node of the LUT)   --->   "%select_ln427 = select i1 %icmp_ln427, i16 %tmp_54, i16 %select_ln423" [firmware/nnet_utils/nnet_code_gen.h:427]   --->   Operation 149 'select' 'select_ln427' <Predicate = true> <Delay = 0.24> <Core = "Sel">   --->   Core 26 'Sel' <Latency = 0> <II = 1> <Delay = 0.24> <FuncUnit> <Opcode : 'select'> <InPorts = 3> <OutPorts = 1>
ST_2 : Operation 150 [1/1] (0.61ns)   --->   "%icmp_ln431 = icmp eq i6 %partition_read, -25" [firmware/nnet_utils/nnet_code_gen.h:431]   --->   Operation 150 'icmp' 'icmp_ln431' <Predicate = true> <Delay = 0.61> <Core = "Cmp">   --->   Core 25 'Cmp' <Latency = 0> <II = 1> <Delay = 0.61> <FuncUnit> <Opcode : 'icmp'> <InPorts = 2> <OutPorts = 1>
ST_2 : Operation 151 [1/1] (0.00ns) (grouped into LUT with out node select_ln435)   --->   "%tmp_55 = call i16 @_ssdm_op_PartSelect.i16.i912.i32.i32(i912 %data_V_read_1, i32 624, i32 639)" [firmware/nnet_utils/nnet_code_gen.h:432]   --->   Operation 151 'partselect' 'tmp_55' <Predicate = true> <Delay = 0.00>
ST_2 : Operation 152 [1/1] (0.00ns) (grouped into LUT with out node select_ln435)   --->   "%select_ln431 = select i1 %icmp_ln431, i16 %tmp_55, i16 %select_ln427" [firmware/nnet_utils/nnet_code_gen.h:431]   --->   Operation 152 'select' 'select_ln431' <Predicate = true> <Delay = 0.00> <Core = "Sel">   --->   Core 26 'Sel' <Latency = 0> <II = 1> <Delay = 0.24> <FuncUnit> <Opcode : 'select'> <InPorts = 3> <OutPorts = 1>
ST_2 : Operation 153 [1/1] (0.61ns)   --->   "%icmp_ln435 = icmp eq i6 %partition_read, -24" [firmware/nnet_utils/nnet_code_gen.h:435]   --->   Operation 153 'icmp' 'icmp_ln435' <Predicate = true> <Delay = 0.61> <Core = "Cmp">   --->   Core 25 'Cmp' <Latency = 0> <II = 1> <Delay = 0.61> <FuncUnit> <Opcode : 'icmp'> <InPorts = 2> <OutPorts = 1>
ST_2 : Operation 154 [1/1] (0.00ns) (grouped into LUT with out node select_ln435)   --->   "%tmp_56 = call i16 @_ssdm_op_PartSelect.i16.i912.i32.i32(i912 %data_V_read_1, i32 640, i32 655)" [firmware/nnet_utils/nnet_code_gen.h:436]   --->   Operation 154 'partselect' 'tmp_56' <Predicate = true> <Delay = 0.00>
ST_2 : Operation 155 [1/1] (0.24ns) (out node of the LUT)   --->   "%select_ln435 = select i1 %icmp_ln435, i16 %tmp_56, i16 %select_ln431" [firmware/nnet_utils/nnet_code_gen.h:435]   --->   Operation 155 'select' 'select_ln435' <Predicate = true> <Delay = 0.24> <Core = "Sel">   --->   Core 26 'Sel' <Latency = 0> <II = 1> <Delay = 0.24> <FuncUnit> <Opcode : 'select'> <InPorts = 3> <OutPorts = 1>
ST_2 : Operation 156 [1/1] (0.61ns)   --->   "%icmp_ln439 = icmp eq i6 %partition_read, -23" [firmware/nnet_utils/nnet_code_gen.h:439]   --->   Operation 156 'icmp' 'icmp_ln439' <Predicate = true> <Delay = 0.61> <Core = "Cmp">   --->   Core 25 'Cmp' <Latency = 0> <II = 1> <Delay = 0.61> <FuncUnit> <Opcode : 'icmp'> <InPorts = 2> <OutPorts = 1>
ST_2 : Operation 157 [1/1] (0.00ns) (grouped into LUT with out node select_ln443)   --->   "%tmp_57 = call i16 @_ssdm_op_PartSelect.i16.i912.i32.i32(i912 %data_V_read_1, i32 656, i32 671)" [firmware/nnet_utils/nnet_code_gen.h:440]   --->   Operation 157 'partselect' 'tmp_57' <Predicate = true> <Delay = 0.00>
ST_2 : Operation 158 [1/1] (0.00ns) (grouped into LUT with out node select_ln443)   --->   "%select_ln439 = select i1 %icmp_ln439, i16 %tmp_57, i16 %select_ln435" [firmware/nnet_utils/nnet_code_gen.h:439]   --->   Operation 158 'select' 'select_ln439' <Predicate = true> <Delay = 0.00> <Core = "Sel">   --->   Core 26 'Sel' <Latency = 0> <II = 1> <Delay = 0.24> <FuncUnit> <Opcode : 'select'> <InPorts = 3> <OutPorts = 1>
ST_2 : Operation 159 [1/1] (0.61ns)   --->   "%icmp_ln443 = icmp eq i6 %partition_read, -22" [firmware/nnet_utils/nnet_code_gen.h:443]   --->   Operation 159 'icmp' 'icmp_ln443' <Predicate = true> <Delay = 0.61> <Core = "Cmp">   --->   Core 25 'Cmp' <Latency = 0> <II = 1> <Delay = 0.61> <FuncUnit> <Opcode : 'icmp'> <InPorts = 2> <OutPorts = 1>
ST_2 : Operation 160 [1/1] (0.00ns) (grouped into LUT with out node select_ln443)   --->   "%tmp_58 = call i16 @_ssdm_op_PartSelect.i16.i912.i32.i32(i912 %data_V_read_1, i32 672, i32 687)" [firmware/nnet_utils/nnet_code_gen.h:444]   --->   Operation 160 'partselect' 'tmp_58' <Predicate = true> <Delay = 0.00>
ST_2 : Operation 161 [1/1] (0.24ns) (out node of the LUT)   --->   "%select_ln443 = select i1 %icmp_ln443, i16 %tmp_58, i16 %select_ln439" [firmware/nnet_utils/nnet_code_gen.h:443]   --->   Operation 161 'select' 'select_ln443' <Predicate = true> <Delay = 0.24> <Core = "Sel">   --->   Core 26 'Sel' <Latency = 0> <II = 1> <Delay = 0.24> <FuncUnit> <Opcode : 'select'> <InPorts = 3> <OutPorts = 1>
ST_2 : Operation 162 [1/1] (0.61ns)   --->   "%icmp_ln447 = icmp eq i6 %partition_read, -21" [firmware/nnet_utils/nnet_code_gen.h:447]   --->   Operation 162 'icmp' 'icmp_ln447' <Predicate = true> <Delay = 0.61> <Core = "Cmp">   --->   Core 25 'Cmp' <Latency = 0> <II = 1> <Delay = 0.61> <FuncUnit> <Opcode : 'icmp'> <InPorts = 2> <OutPorts = 1>
ST_2 : Operation 163 [1/1] (0.00ns) (grouped into LUT with out node select_ln451)   --->   "%tmp_59 = call i16 @_ssdm_op_PartSelect.i16.i912.i32.i32(i912 %data_V_read_1, i32 688, i32 703)" [firmware/nnet_utils/nnet_code_gen.h:448]   --->   Operation 163 'partselect' 'tmp_59' <Predicate = true> <Delay = 0.00>
ST_2 : Operation 164 [1/1] (0.00ns) (grouped into LUT with out node select_ln451)   --->   "%select_ln447 = select i1 %icmp_ln447, i16 %tmp_59, i16 %select_ln443" [firmware/nnet_utils/nnet_code_gen.h:447]   --->   Operation 164 'select' 'select_ln447' <Predicate = true> <Delay = 0.00> <Core = "Sel">   --->   Core 26 'Sel' <Latency = 0> <II = 1> <Delay = 0.24> <FuncUnit> <Opcode : 'select'> <InPorts = 3> <OutPorts = 1>
ST_2 : Operation 165 [1/1] (0.61ns)   --->   "%icmp_ln451 = icmp eq i6 %partition_read, -20" [firmware/nnet_utils/nnet_code_gen.h:451]   --->   Operation 165 'icmp' 'icmp_ln451' <Predicate = true> <Delay = 0.61> <Core = "Cmp">   --->   Core 25 'Cmp' <Latency = 0> <II = 1> <Delay = 0.61> <FuncUnit> <Opcode : 'icmp'> <InPorts = 2> <OutPorts = 1>
ST_2 : Operation 166 [1/1] (0.00ns) (grouped into LUT with out node select_ln451)   --->   "%tmp_60 = call i16 @_ssdm_op_PartSelect.i16.i912.i32.i32(i912 %data_V_read_1, i32 704, i32 719)" [firmware/nnet_utils/nnet_code_gen.h:452]   --->   Operation 166 'partselect' 'tmp_60' <Predicate = true> <Delay = 0.00>
ST_2 : Operation 167 [1/1] (0.24ns) (out node of the LUT)   --->   "%select_ln451 = select i1 %icmp_ln451, i16 %tmp_60, i16 %select_ln447" [firmware/nnet_utils/nnet_code_gen.h:451]   --->   Operation 167 'select' 'select_ln451' <Predicate = true> <Delay = 0.24> <Core = "Sel">   --->   Core 26 'Sel' <Latency = 0> <II = 1> <Delay = 0.24> <FuncUnit> <Opcode : 'select'> <InPorts = 3> <OutPorts = 1>
ST_2 : Operation 168 [1/1] (0.61ns)   --->   "%icmp_ln455 = icmp eq i6 %partition_read, -19" [firmware/nnet_utils/nnet_code_gen.h:455]   --->   Operation 168 'icmp' 'icmp_ln455' <Predicate = true> <Delay = 0.61> <Core = "Cmp">   --->   Core 25 'Cmp' <Latency = 0> <II = 1> <Delay = 0.61> <FuncUnit> <Opcode : 'icmp'> <InPorts = 2> <OutPorts = 1>
ST_2 : Operation 169 [1/1] (0.00ns) (grouped into LUT with out node select_ln459)   --->   "%tmp_61 = call i16 @_ssdm_op_PartSelect.i16.i912.i32.i32(i912 %data_V_read_1, i32 720, i32 735)" [firmware/nnet_utils/nnet_code_gen.h:456]   --->   Operation 169 'partselect' 'tmp_61' <Predicate = true> <Delay = 0.00>
ST_2 : Operation 170 [1/1] (0.00ns) (grouped into LUT with out node select_ln459)   --->   "%select_ln455 = select i1 %icmp_ln455, i16 %tmp_61, i16 %select_ln451" [firmware/nnet_utils/nnet_code_gen.h:455]   --->   Operation 170 'select' 'select_ln455' <Predicate = true> <Delay = 0.00> <Core = "Sel">   --->   Core 26 'Sel' <Latency = 0> <II = 1> <Delay = 0.24> <FuncUnit> <Opcode : 'select'> <InPorts = 3> <OutPorts = 1>
ST_2 : Operation 171 [1/1] (0.61ns)   --->   "%icmp_ln459 = icmp eq i6 %partition_read, -18" [firmware/nnet_utils/nnet_code_gen.h:459]   --->   Operation 171 'icmp' 'icmp_ln459' <Predicate = true> <Delay = 0.61> <Core = "Cmp">   --->   Core 25 'Cmp' <Latency = 0> <II = 1> <Delay = 0.61> <FuncUnit> <Opcode : 'icmp'> <InPorts = 2> <OutPorts = 1>
ST_2 : Operation 172 [1/1] (0.00ns) (grouped into LUT with out node select_ln459)   --->   "%tmp_62 = call i16 @_ssdm_op_PartSelect.i16.i912.i32.i32(i912 %data_V_read_1, i32 736, i32 751)" [firmware/nnet_utils/nnet_code_gen.h:460]   --->   Operation 172 'partselect' 'tmp_62' <Predicate = true> <Delay = 0.00>
ST_2 : Operation 173 [1/1] (0.24ns) (out node of the LUT)   --->   "%select_ln459 = select i1 %icmp_ln459, i16 %tmp_62, i16 %select_ln455" [firmware/nnet_utils/nnet_code_gen.h:459]   --->   Operation 173 'select' 'select_ln459' <Predicate = true> <Delay = 0.24> <Core = "Sel">   --->   Core 26 'Sel' <Latency = 0> <II = 1> <Delay = 0.24> <FuncUnit> <Opcode : 'select'> <InPorts = 3> <OutPorts = 1>
ST_2 : Operation 174 [1/1] (0.61ns)   --->   "%icmp_ln463 = icmp eq i6 %partition_read, -17" [firmware/nnet_utils/nnet_code_gen.h:463]   --->   Operation 174 'icmp' 'icmp_ln463' <Predicate = true> <Delay = 0.61> <Core = "Cmp">   --->   Core 25 'Cmp' <Latency = 0> <II = 1> <Delay = 0.61> <FuncUnit> <Opcode : 'icmp'> <InPorts = 2> <OutPorts = 1>
ST_2 : Operation 175 [1/1] (0.00ns) (grouped into LUT with out node select_ln467)   --->   "%tmp_63 = call i16 @_ssdm_op_PartSelect.i16.i912.i32.i32(i912 %data_V_read_1, i32 752, i32 767)" [firmware/nnet_utils/nnet_code_gen.h:464]   --->   Operation 175 'partselect' 'tmp_63' <Predicate = true> <Delay = 0.00>
ST_2 : Operation 176 [1/1] (0.00ns) (grouped into LUT with out node select_ln467)   --->   "%select_ln463 = select i1 %icmp_ln463, i16 %tmp_63, i16 %select_ln459" [firmware/nnet_utils/nnet_code_gen.h:463]   --->   Operation 176 'select' 'select_ln463' <Predicate = true> <Delay = 0.00> <Core = "Sel">   --->   Core 26 'Sel' <Latency = 0> <II = 1> <Delay = 0.24> <FuncUnit> <Opcode : 'select'> <InPorts = 3> <OutPorts = 1>
ST_2 : Operation 177 [1/1] (0.61ns)   --->   "%icmp_ln467 = icmp eq i6 %partition_read, -16" [firmware/nnet_utils/nnet_code_gen.h:467]   --->   Operation 177 'icmp' 'icmp_ln467' <Predicate = true> <Delay = 0.61> <Core = "Cmp">   --->   Core 25 'Cmp' <Latency = 0> <II = 1> <Delay = 0.61> <FuncUnit> <Opcode : 'icmp'> <InPorts = 2> <OutPorts = 1>
ST_2 : Operation 178 [1/1] (0.00ns) (grouped into LUT with out node select_ln467)   --->   "%tmp_64 = call i16 @_ssdm_op_PartSelect.i16.i912.i32.i32(i912 %data_V_read_1, i32 768, i32 783)" [firmware/nnet_utils/nnet_code_gen.h:468]   --->   Operation 178 'partselect' 'tmp_64' <Predicate = true> <Delay = 0.00>
ST_2 : Operation 179 [1/1] (0.24ns) (out node of the LUT)   --->   "%select_ln467 = select i1 %icmp_ln467, i16 %tmp_64, i16 %select_ln463" [firmware/nnet_utils/nnet_code_gen.h:467]   --->   Operation 179 'select' 'select_ln467' <Predicate = true> <Delay = 0.24> <Core = "Sel">   --->   Core 26 'Sel' <Latency = 0> <II = 1> <Delay = 0.24> <FuncUnit> <Opcode : 'select'> <InPorts = 3> <OutPorts = 1>
ST_2 : Operation 180 [1/1] (0.61ns)   --->   "%icmp_ln471 = icmp eq i6 %partition_read, -15" [firmware/nnet_utils/nnet_code_gen.h:471]   --->   Operation 180 'icmp' 'icmp_ln471' <Predicate = true> <Delay = 0.61> <Core = "Cmp">   --->   Core 25 'Cmp' <Latency = 0> <II = 1> <Delay = 0.61> <FuncUnit> <Opcode : 'icmp'> <InPorts = 2> <OutPorts = 1>
ST_2 : Operation 181 [1/1] (0.00ns) (grouped into LUT with out node select_ln475)   --->   "%tmp_65 = call i16 @_ssdm_op_PartSelect.i16.i912.i32.i32(i912 %data_V_read_1, i32 784, i32 799)" [firmware/nnet_utils/nnet_code_gen.h:472]   --->   Operation 181 'partselect' 'tmp_65' <Predicate = true> <Delay = 0.00>
ST_2 : Operation 182 [1/1] (0.00ns) (grouped into LUT with out node select_ln475)   --->   "%select_ln471 = select i1 %icmp_ln471, i16 %tmp_65, i16 %select_ln467" [firmware/nnet_utils/nnet_code_gen.h:471]   --->   Operation 182 'select' 'select_ln471' <Predicate = true> <Delay = 0.00> <Core = "Sel">   --->   Core 26 'Sel' <Latency = 0> <II = 1> <Delay = 0.24> <FuncUnit> <Opcode : 'select'> <InPorts = 3> <OutPorts = 1>
ST_2 : Operation 183 [1/1] (0.61ns)   --->   "%icmp_ln475 = icmp eq i6 %partition_read, -14" [firmware/nnet_utils/nnet_code_gen.h:475]   --->   Operation 183 'icmp' 'icmp_ln475' <Predicate = true> <Delay = 0.61> <Core = "Cmp">   --->   Core 25 'Cmp' <Latency = 0> <II = 1> <Delay = 0.61> <FuncUnit> <Opcode : 'icmp'> <InPorts = 2> <OutPorts = 1>
ST_2 : Operation 184 [1/1] (0.00ns) (grouped into LUT with out node select_ln475)   --->   "%tmp_66 = call i16 @_ssdm_op_PartSelect.i16.i912.i32.i32(i912 %data_V_read_1, i32 800, i32 815)" [firmware/nnet_utils/nnet_code_gen.h:476]   --->   Operation 184 'partselect' 'tmp_66' <Predicate = true> <Delay = 0.00>
ST_2 : Operation 185 [1/1] (0.24ns) (out node of the LUT)   --->   "%select_ln475 = select i1 %icmp_ln475, i16 %tmp_66, i16 %select_ln471" [firmware/nnet_utils/nnet_code_gen.h:475]   --->   Operation 185 'select' 'select_ln475' <Predicate = true> <Delay = 0.24> <Core = "Sel">   --->   Core 26 'Sel' <Latency = 0> <II = 1> <Delay = 0.24> <FuncUnit> <Opcode : 'select'> <InPorts = 3> <OutPorts = 1>
ST_2 : Operation 186 [1/1] (0.61ns)   --->   "%icmp_ln479 = icmp eq i6 %partition_read, -13" [firmware/nnet_utils/nnet_code_gen.h:479]   --->   Operation 186 'icmp' 'icmp_ln479' <Predicate = true> <Delay = 0.61> <Core = "Cmp">   --->   Core 25 'Cmp' <Latency = 0> <II = 1> <Delay = 0.61> <FuncUnit> <Opcode : 'icmp'> <InPorts = 2> <OutPorts = 1>
ST_2 : Operation 187 [1/1] (0.00ns) (grouped into LUT with out node select_ln483)   --->   "%tmp_67 = call i16 @_ssdm_op_PartSelect.i16.i912.i32.i32(i912 %data_V_read_1, i32 816, i32 831)" [firmware/nnet_utils/nnet_code_gen.h:480]   --->   Operation 187 'partselect' 'tmp_67' <Predicate = true> <Delay = 0.00>
ST_2 : Operation 188 [1/1] (0.00ns) (grouped into LUT with out node select_ln483)   --->   "%select_ln479 = select i1 %icmp_ln479, i16 %tmp_67, i16 %select_ln475" [firmware/nnet_utils/nnet_code_gen.h:479]   --->   Operation 188 'select' 'select_ln479' <Predicate = true> <Delay = 0.00> <Core = "Sel">   --->   Core 26 'Sel' <Latency = 0> <II = 1> <Delay = 0.24> <FuncUnit> <Opcode : 'select'> <InPorts = 3> <OutPorts = 1>
ST_2 : Operation 189 [1/1] (0.61ns)   --->   "%icmp_ln483 = icmp eq i6 %partition_read, -12" [firmware/nnet_utils/nnet_code_gen.h:483]   --->   Operation 189 'icmp' 'icmp_ln483' <Predicate = true> <Delay = 0.61> <Core = "Cmp">   --->   Core 25 'Cmp' <Latency = 0> <II = 1> <Delay = 0.61> <FuncUnit> <Opcode : 'icmp'> <InPorts = 2> <OutPorts = 1>
ST_2 : Operation 190 [1/1] (0.00ns) (grouped into LUT with out node select_ln483)   --->   "%tmp_68 = call i16 @_ssdm_op_PartSelect.i16.i912.i32.i32(i912 %data_V_read_1, i32 832, i32 847)" [firmware/nnet_utils/nnet_code_gen.h:484]   --->   Operation 190 'partselect' 'tmp_68' <Predicate = true> <Delay = 0.00>
ST_2 : Operation 191 [1/1] (0.24ns) (out node of the LUT)   --->   "%select_ln483 = select i1 %icmp_ln483, i16 %tmp_68, i16 %select_ln479" [firmware/nnet_utils/nnet_code_gen.h:483]   --->   Operation 191 'select' 'select_ln483' <Predicate = true> <Delay = 0.24> <Core = "Sel">   --->   Core 26 'Sel' <Latency = 0> <II = 1> <Delay = 0.24> <FuncUnit> <Opcode : 'select'> <InPorts = 3> <OutPorts = 1>
ST_2 : Operation 192 [1/1] (0.61ns)   --->   "%icmp_ln487 = icmp eq i6 %partition_read, -11" [firmware/nnet_utils/nnet_code_gen.h:487]   --->   Operation 192 'icmp' 'icmp_ln487' <Predicate = true> <Delay = 0.61> <Core = "Cmp">   --->   Core 25 'Cmp' <Latency = 0> <II = 1> <Delay = 0.61> <FuncUnit> <Opcode : 'icmp'> <InPorts = 2> <OutPorts = 1>
ST_2 : Operation 193 [1/1] (0.00ns) (grouped into LUT with out node select_ln491)   --->   "%tmp_69 = call i16 @_ssdm_op_PartSelect.i16.i912.i32.i32(i912 %data_V_read_1, i32 848, i32 863)" [firmware/nnet_utils/nnet_code_gen.h:488]   --->   Operation 193 'partselect' 'tmp_69' <Predicate = true> <Delay = 0.00>
ST_2 : Operation 194 [1/1] (0.00ns) (grouped into LUT with out node select_ln491)   --->   "%select_ln487 = select i1 %icmp_ln487, i16 %tmp_69, i16 %select_ln483" [firmware/nnet_utils/nnet_code_gen.h:487]   --->   Operation 194 'select' 'select_ln487' <Predicate = true> <Delay = 0.00> <Core = "Sel">   --->   Core 26 'Sel' <Latency = 0> <II = 1> <Delay = 0.24> <FuncUnit> <Opcode : 'select'> <InPorts = 3> <OutPorts = 1>
ST_2 : Operation 195 [1/1] (0.61ns)   --->   "%icmp_ln491 = icmp eq i6 %partition_read, -10" [firmware/nnet_utils/nnet_code_gen.h:491]   --->   Operation 195 'icmp' 'icmp_ln491' <Predicate = true> <Delay = 0.61> <Core = "Cmp">   --->   Core 25 'Cmp' <Latency = 0> <II = 1> <Delay = 0.61> <FuncUnit> <Opcode : 'icmp'> <InPorts = 2> <OutPorts = 1>
ST_2 : Operation 196 [1/1] (0.00ns) (grouped into LUT with out node select_ln491)   --->   "%tmp_70 = call i16 @_ssdm_op_PartSelect.i16.i912.i32.i32(i912 %data_V_read_1, i32 864, i32 879)" [firmware/nnet_utils/nnet_code_gen.h:492]   --->   Operation 196 'partselect' 'tmp_70' <Predicate = true> <Delay = 0.00>
ST_2 : Operation 197 [1/1] (0.24ns) (out node of the LUT)   --->   "%select_ln491 = select i1 %icmp_ln491, i16 %tmp_70, i16 %select_ln487" [firmware/nnet_utils/nnet_code_gen.h:491]   --->   Operation 197 'select' 'select_ln491' <Predicate = true> <Delay = 0.24> <Core = "Sel">   --->   Core 26 'Sel' <Latency = 0> <II = 1> <Delay = 0.24> <FuncUnit> <Opcode : 'select'> <InPorts = 3> <OutPorts = 1>
ST_2 : Operation 198 [1/1] (0.61ns)   --->   "%icmp_ln495 = icmp eq i6 %partition_read, -9" [firmware/nnet_utils/nnet_code_gen.h:495]   --->   Operation 198 'icmp' 'icmp_ln495' <Predicate = true> <Delay = 0.61> <Core = "Cmp">   --->   Core 25 'Cmp' <Latency = 0> <II = 1> <Delay = 0.61> <FuncUnit> <Opcode : 'icmp'> <InPorts = 2> <OutPorts = 1>
ST_2 : Operation 199 [1/1] (0.00ns) (grouped into LUT with out node select_ln499)   --->   "%tmp_71 = call i16 @_ssdm_op_PartSelect.i16.i912.i32.i32(i912 %data_V_read_1, i32 880, i32 895)" [firmware/nnet_utils/nnet_code_gen.h:496]   --->   Operation 199 'partselect' 'tmp_71' <Predicate = true> <Delay = 0.00>
ST_2 : Operation 200 [1/1] (0.00ns) (grouped into LUT with out node select_ln499)   --->   "%select_ln495 = select i1 %icmp_ln495, i16 %tmp_71, i16 %select_ln491" [firmware/nnet_utils/nnet_code_gen.h:495]   --->   Operation 200 'select' 'select_ln495' <Predicate = true> <Delay = 0.00> <Core = "Sel">   --->   Core 26 'Sel' <Latency = 0> <II = 1> <Delay = 0.24> <FuncUnit> <Opcode : 'select'> <InPorts = 3> <OutPorts = 1>
ST_2 : Operation 201 [1/1] (0.61ns)   --->   "%icmp_ln499 = icmp eq i6 %partition_read, -8" [firmware/nnet_utils/nnet_code_gen.h:499]   --->   Operation 201 'icmp' 'icmp_ln499' <Predicate = true> <Delay = 0.61> <Core = "Cmp">   --->   Core 25 'Cmp' <Latency = 0> <II = 1> <Delay = 0.61> <FuncUnit> <Opcode : 'icmp'> <InPorts = 2> <OutPorts = 1>
ST_2 : Operation 202 [1/1] (0.00ns) (grouped into LUT with out node select_ln499)   --->   "%tmp_72 = call i16 @_ssdm_op_PartSelect.i16.i912.i32.i32(i912 %data_V_read_1, i32 896, i32 911)" [firmware/nnet_utils/nnet_code_gen.h:500]   --->   Operation 202 'partselect' 'tmp_72' <Predicate = true> <Delay = 0.00>
ST_2 : Operation 203 [1/1] (0.00ns) (grouped into LUT with out node select_ln503)   --->   "%or_ln499_26 = or i1 %or_ln499_25, %or_ln499_12" [firmware/nnet_utils/nnet_code_gen.h:499]   --->   Operation 203 'or' 'or_ln499_26' <Predicate = true> <Delay = 0.00> <Core = "LogicGate">   --->   Core 27 'LogicGate' <Latency = 0> <II = 1> <Delay = 0.12> <FuncUnit> <Opcode : 'and' 'or' 'xor'> <InPorts = 2> <OutPorts = 1>
ST_2 : Operation 204 [1/1] (0.00ns) (grouped into LUT with out node or_ln499_32)   --->   "%or_ln499_29 = or i1 %icmp_ln399, %icmp_ln403" [firmware/nnet_utils/nnet_code_gen.h:499]   --->   Operation 204 'or' 'or_ln499_29' <Predicate = true> <Delay = 0.00> <Core = "LogicGate">   --->   Core 27 'LogicGate' <Latency = 0> <II = 1> <Delay = 0.12> <FuncUnit> <Opcode : 'and' 'or' 'xor'> <InPorts = 2> <OutPorts = 1>
ST_2 : Operation 205 [1/1] (0.00ns) (grouped into LUT with out node or_ln499_32)   --->   "%or_ln499_30 = or i1 %icmp_ln407, %icmp_ln411" [firmware/nnet_utils/nnet_code_gen.h:499]   --->   Operation 205 'or' 'or_ln499_30' <Predicate = true> <Delay = 0.00> <Core = "LogicGate">   --->   Core 27 'LogicGate' <Latency = 0> <II = 1> <Delay = 0.12> <FuncUnit> <Opcode : 'and' 'or' 'xor'> <InPorts = 2> <OutPorts = 1>
ST_2 : Operation 206 [1/1] (0.00ns) (grouped into LUT with out node or_ln499_32)   --->   "%or_ln499_31 = or i1 %or_ln499_30, %or_ln499_29" [firmware/nnet_utils/nnet_code_gen.h:499]   --->   Operation 206 'or' 'or_ln499_31' <Predicate = true> <Delay = 0.00> <Core = "LogicGate">   --->   Core 27 'LogicGate' <Latency = 0> <II = 1> <Delay = 0.12> <FuncUnit> <Opcode : 'and' 'or' 'xor'> <InPorts = 2> <OutPorts = 1>
ST_2 : Operation 207 [1/1] (0.12ns) (out node of the LUT)   --->   "%or_ln499_32 = or i1 %or_ln499_31, %or_ln499_28" [firmware/nnet_utils/nnet_code_gen.h:499]   --->   Operation 207 'or' 'or_ln499_32' <Predicate = true> <Delay = 0.12> <Core = "LogicGate">   --->   Core 27 'LogicGate' <Latency = 0> <II = 1> <Delay = 0.12> <FuncUnit> <Opcode : 'and' 'or' 'xor'> <InPorts = 2> <OutPorts = 1>
ST_2 : Operation 208 [1/1] (0.00ns) (grouped into LUT with out node or_ln499_34)   --->   "%or_ln499_33 = or i1 %icmp_ln419, %icmp_ln423" [firmware/nnet_utils/nnet_code_gen.h:499]   --->   Operation 208 'or' 'or_ln499_33' <Predicate = true> <Delay = 0.00> <Core = "LogicGate">   --->   Core 27 'LogicGate' <Latency = 0> <II = 1> <Delay = 0.12> <FuncUnit> <Opcode : 'and' 'or' 'xor'> <InPorts = 2> <OutPorts = 1>
ST_2 : Operation 209 [1/1] (0.12ns) (out node of the LUT)   --->   "%or_ln499_34 = or i1 %or_ln499_33, %icmp_ln415" [firmware/nnet_utils/nnet_code_gen.h:499]   --->   Operation 209 'or' 'or_ln499_34' <Predicate = true> <Delay = 0.12> <Core = "LogicGate">   --->   Core 27 'LogicGate' <Latency = 0> <II = 1> <Delay = 0.12> <FuncUnit> <Opcode : 'and' 'or' 'xor'> <InPorts = 2> <OutPorts = 1>
ST_2 : Operation 210 [1/1] (0.00ns) (grouped into LUT with out node or_ln499_39)   --->   "%or_ln499_35 = or i1 %icmp_ln427, %icmp_ln431" [firmware/nnet_utils/nnet_code_gen.h:499]   --->   Operation 210 'or' 'or_ln499_35' <Predicate = true> <Delay = 0.00> <Core = "LogicGate">   --->   Core 27 'LogicGate' <Latency = 0> <II = 1> <Delay = 0.12> <FuncUnit> <Opcode : 'and' 'or' 'xor'> <InPorts = 2> <OutPorts = 1>
ST_2 : Operation 211 [1/1] (0.00ns) (grouped into LUT with out node or_ln499_39)   --->   "%or_ln499_36 = or i1 %icmp_ln435, %icmp_ln439" [firmware/nnet_utils/nnet_code_gen.h:499]   --->   Operation 211 'or' 'or_ln499_36' <Predicate = true> <Delay = 0.00> <Core = "LogicGate">   --->   Core 27 'LogicGate' <Latency = 0> <II = 1> <Delay = 0.12> <FuncUnit> <Opcode : 'and' 'or' 'xor'> <InPorts = 2> <OutPorts = 1>
ST_2 : Operation 212 [1/1] (0.00ns) (grouped into LUT with out node or_ln499_39)   --->   "%or_ln499_37 = or i1 %or_ln499_36, %or_ln499_35" [firmware/nnet_utils/nnet_code_gen.h:499]   --->   Operation 212 'or' 'or_ln499_37' <Predicate = true> <Delay = 0.00> <Core = "LogicGate">   --->   Core 27 'LogicGate' <Latency = 0> <II = 1> <Delay = 0.12> <FuncUnit> <Opcode : 'and' 'or' 'xor'> <InPorts = 2> <OutPorts = 1>
ST_2 : Operation 213 [1/1] (0.00ns) (grouped into LUT with out node or_ln499_39)   --->   "%or_ln499_38 = or i1 %or_ln499_37, %or_ln499_34" [firmware/nnet_utils/nnet_code_gen.h:499]   --->   Operation 213 'or' 'or_ln499_38' <Predicate = true> <Delay = 0.00> <Core = "LogicGate">   --->   Core 27 'LogicGate' <Latency = 0> <II = 1> <Delay = 0.12> <FuncUnit> <Opcode : 'and' 'or' 'xor'> <InPorts = 2> <OutPorts = 1>
ST_2 : Operation 214 [1/1] (0.12ns) (out node of the LUT)   --->   "%or_ln499_39 = or i1 %or_ln499_38, %or_ln499_32" [firmware/nnet_utils/nnet_code_gen.h:499]   --->   Operation 214 'or' 'or_ln499_39' <Predicate = true> <Delay = 0.12> <Core = "LogicGate">   --->   Core 27 'LogicGate' <Latency = 0> <II = 1> <Delay = 0.12> <FuncUnit> <Opcode : 'and' 'or' 'xor'> <InPorts = 2> <OutPorts = 1>
ST_2 : Operation 215 [1/1] (0.00ns) (grouped into LUT with out node or_ln499_41)   --->   "%or_ln499_40 = or i1 %icmp_ln447, %icmp_ln451" [firmware/nnet_utils/nnet_code_gen.h:499]   --->   Operation 215 'or' 'or_ln499_40' <Predicate = true> <Delay = 0.00> <Core = "LogicGate">   --->   Core 27 'LogicGate' <Latency = 0> <II = 1> <Delay = 0.12> <FuncUnit> <Opcode : 'and' 'or' 'xor'> <InPorts = 2> <OutPorts = 1>
ST_2 : Operation 216 [1/1] (0.12ns) (out node of the LUT)   --->   "%or_ln499_41 = or i1 %or_ln499_40, %icmp_ln443" [firmware/nnet_utils/nnet_code_gen.h:499]   --->   Operation 216 'or' 'or_ln499_41' <Predicate = true> <Delay = 0.12> <Core = "LogicGate">   --->   Core 27 'LogicGate' <Latency = 0> <II = 1> <Delay = 0.12> <FuncUnit> <Opcode : 'and' 'or' 'xor'> <InPorts = 2> <OutPorts = 1>
ST_2 : Operation 217 [1/1] (0.00ns) (grouped into LUT with out node or_ln499_45)   --->   "%or_ln499_42 = or i1 %icmp_ln455, %icmp_ln459" [firmware/nnet_utils/nnet_code_gen.h:499]   --->   Operation 217 'or' 'or_ln499_42' <Predicate = true> <Delay = 0.00> <Core = "LogicGate">   --->   Core 27 'LogicGate' <Latency = 0> <II = 1> <Delay = 0.12> <FuncUnit> <Opcode : 'and' 'or' 'xor'> <InPorts = 2> <OutPorts = 1>
ST_2 : Operation 218 [1/1] (0.00ns) (grouped into LUT with out node or_ln499_45)   --->   "%or_ln499_43 = or i1 %icmp_ln463, %icmp_ln467" [firmware/nnet_utils/nnet_code_gen.h:499]   --->   Operation 218 'or' 'or_ln499_43' <Predicate = true> <Delay = 0.00> <Core = "LogicGate">   --->   Core 27 'LogicGate' <Latency = 0> <II = 1> <Delay = 0.12> <FuncUnit> <Opcode : 'and' 'or' 'xor'> <InPorts = 2> <OutPorts = 1>
ST_2 : Operation 219 [1/1] (0.00ns) (grouped into LUT with out node or_ln499_45)   --->   "%or_ln499_44 = or i1 %or_ln499_43, %or_ln499_42" [firmware/nnet_utils/nnet_code_gen.h:499]   --->   Operation 219 'or' 'or_ln499_44' <Predicate = true> <Delay = 0.00> <Core = "LogicGate">   --->   Core 27 'LogicGate' <Latency = 0> <II = 1> <Delay = 0.12> <FuncUnit> <Opcode : 'and' 'or' 'xor'> <InPorts = 2> <OutPorts = 1>
ST_2 : Operation 220 [1/1] (0.12ns) (out node of the LUT)   --->   "%or_ln499_45 = or i1 %or_ln499_44, %or_ln499_41" [firmware/nnet_utils/nnet_code_gen.h:499]   --->   Operation 220 'or' 'or_ln499_45' <Predicate = true> <Delay = 0.12> <Core = "LogicGate">   --->   Core 27 'LogicGate' <Latency = 0> <II = 1> <Delay = 0.12> <FuncUnit> <Opcode : 'and' 'or' 'xor'> <InPorts = 2> <OutPorts = 1>
ST_2 : Operation 221 [1/1] (0.00ns) (grouped into LUT with out node or_ln499_48)   --->   "%or_ln499_46 = or i1 %icmp_ln471, %icmp_ln475" [firmware/nnet_utils/nnet_code_gen.h:499]   --->   Operation 221 'or' 'or_ln499_46' <Predicate = true> <Delay = 0.00> <Core = "LogicGate">   --->   Core 27 'LogicGate' <Latency = 0> <II = 1> <Delay = 0.12> <FuncUnit> <Opcode : 'and' 'or' 'xor'> <InPorts = 2> <OutPorts = 1>
ST_2 : Operation 222 [1/1] (0.00ns) (grouped into LUT with out node or_ln499_48)   --->   "%or_ln499_47 = or i1 %icmp_ln479, %icmp_ln483" [firmware/nnet_utils/nnet_code_gen.h:499]   --->   Operation 222 'or' 'or_ln499_47' <Predicate = true> <Delay = 0.00> <Core = "LogicGate">   --->   Core 27 'LogicGate' <Latency = 0> <II = 1> <Delay = 0.12> <FuncUnit> <Opcode : 'and' 'or' 'xor'> <InPorts = 2> <OutPorts = 1>
ST_2 : Operation 223 [1/1] (0.12ns) (out node of the LUT)   --->   "%or_ln499_48 = or i1 %or_ln499_47, %or_ln499_46" [firmware/nnet_utils/nnet_code_gen.h:499]   --->   Operation 223 'or' 'or_ln499_48' <Predicate = true> <Delay = 0.12> <Core = "LogicGate">   --->   Core 27 'LogicGate' <Latency = 0> <II = 1> <Delay = 0.12> <FuncUnit> <Opcode : 'and' 'or' 'xor'> <InPorts = 2> <OutPorts = 1>
ST_2 : Operation 224 [1/1] (0.00ns) (grouped into LUT with out node or_ln499_53)   --->   "%or_ln499_49 = or i1 %icmp_ln487, %icmp_ln491" [firmware/nnet_utils/nnet_code_gen.h:499]   --->   Operation 224 'or' 'or_ln499_49' <Predicate = true> <Delay = 0.00> <Core = "LogicGate">   --->   Core 27 'LogicGate' <Latency = 0> <II = 1> <Delay = 0.12> <FuncUnit> <Opcode : 'and' 'or' 'xor'> <InPorts = 2> <OutPorts = 1>
ST_2 : Operation 225 [1/1] (0.00ns) (grouped into LUT with out node or_ln499_53)   --->   "%or_ln499_50 = or i1 %icmp_ln495, %icmp_ln499" [firmware/nnet_utils/nnet_code_gen.h:499]   --->   Operation 225 'or' 'or_ln499_50' <Predicate = true> <Delay = 0.00> <Core = "LogicGate">   --->   Core 27 'LogicGate' <Latency = 0> <II = 1> <Delay = 0.12> <FuncUnit> <Opcode : 'and' 'or' 'xor'> <InPorts = 2> <OutPorts = 1>
ST_2 : Operation 226 [1/1] (0.00ns) (grouped into LUT with out node or_ln499_53)   --->   "%or_ln499_51 = or i1 %or_ln499_50, %or_ln499_49" [firmware/nnet_utils/nnet_code_gen.h:499]   --->   Operation 226 'or' 'or_ln499_51' <Predicate = true> <Delay = 0.00> <Core = "LogicGate">   --->   Core 27 'LogicGate' <Latency = 0> <II = 1> <Delay = 0.12> <FuncUnit> <Opcode : 'and' 'or' 'xor'> <InPorts = 2> <OutPorts = 1>
ST_2 : Operation 227 [1/1] (0.00ns) (grouped into LUT with out node or_ln499_53)   --->   "%or_ln499_52 = or i1 %or_ln499_51, %or_ln499_48" [firmware/nnet_utils/nnet_code_gen.h:499]   --->   Operation 227 'or' 'or_ln499_52' <Predicate = true> <Delay = 0.00> <Core = "LogicGate">   --->   Core 27 'LogicGate' <Latency = 0> <II = 1> <Delay = 0.12> <FuncUnit> <Opcode : 'and' 'or' 'xor'> <InPorts = 2> <OutPorts = 1>
ST_2 : Operation 228 [1/1] (0.12ns) (out node of the LUT)   --->   "%or_ln499_53 = or i1 %or_ln499_52, %or_ln499_45" [firmware/nnet_utils/nnet_code_gen.h:499]   --->   Operation 228 'or' 'or_ln499_53' <Predicate = true> <Delay = 0.12> <Core = "LogicGate">   --->   Core 27 'LogicGate' <Latency = 0> <II = 1> <Delay = 0.12> <FuncUnit> <Opcode : 'and' 'or' 'xor'> <InPorts = 2> <OutPorts = 1>
ST_2 : Operation 229 [1/1] (0.00ns) (grouped into LUT with out node select_ln503)   --->   "%or_ln499_54 = or i1 %or_ln499_53, %or_ln499_39" [firmware/nnet_utils/nnet_code_gen.h:499]   --->   Operation 229 'or' 'or_ln499_54' <Predicate = true> <Delay = 0.00> <Core = "LogicGate">   --->   Core 27 'LogicGate' <Latency = 0> <II = 1> <Delay = 0.12> <FuncUnit> <Opcode : 'and' 'or' 'xor'> <InPorts = 2> <OutPorts = 1>
ST_2 : Operation 230 [1/1] (0.00ns) (grouped into LUT with out node select_ln503)   --->   "%or_ln499_55 = or i1 %or_ln499_54, %or_ln499_26" [firmware/nnet_utils/nnet_code_gen.h:499]   --->   Operation 230 'or' 'or_ln499_55' <Predicate = true> <Delay = 0.00> <Core = "LogicGate">   --->   Core 27 'LogicGate' <Latency = 0> <II = 1> <Delay = 0.12> <FuncUnit> <Opcode : 'and' 'or' 'xor'> <InPorts = 2> <OutPorts = 1>
ST_2 : Operation 231 [1/1] (0.24ns) (out node of the LUT)   --->   "%select_ln499 = select i1 %icmp_ln499, i16 %tmp_72, i16 %select_ln495" [firmware/nnet_utils/nnet_code_gen.h:499]   --->   Operation 231 'select' 'select_ln499' <Predicate = true> <Delay = 0.24> <Core = "Sel">   --->   Core 26 'Sel' <Latency = 0> <II = 1> <Delay = 0.24> <FuncUnit> <Opcode : 'select'> <InPorts = 3> <OutPorts = 1>
ST_2 : Operation 232 [1/1] (0.24ns) (out node of the LUT)   --->   "%select_ln503 = select i1 %or_ln499_55, i16 %select_ln499, i16 %p_read" [firmware/nnet_utils/nnet_code_gen.h:503]   --->   Operation 232 'select' 'select_ln503' <Predicate = true> <Delay = 0.24> <Core = "Sel">   --->   Core 26 'Sel' <Latency = 0> <II = 1> <Delay = 0.24> <FuncUnit> <Opcode : 'select'> <InPorts = 3> <OutPorts = 1>
ST_2 : Operation 233 [1/1] (0.00ns)   --->   "ret i16 %select_ln503" [firmware/nnet_utils/nnet_code_gen.h:503]   --->   Operation 233 'ret' <Predicate = true> <Delay = 0.00>


============================================================
+ Verbose Summary: Timing violations
============================================================
Target clock period: 5ns, clock uncertainty: 0.625ns.

 <State 1>: 4.26ns
The critical path consists of the following:
	wire read on port 'partition' (firmware/nnet_utils/nnet_code_gen.h:271) [4]  (0 ns)
	'icmp' operation ('icmp_ln283', firmware/nnet_utils/nnet_code_gen.h:283) [12]  (0.619 ns)
	'select' operation ('select_ln283', firmware/nnet_utils/nnet_code_gen.h:283) [14]  (0.243 ns)
	'select' operation ('select_ln287', firmware/nnet_utils/nnet_code_gen.h:287) [17]  (0 ns)
	'select' operation ('select_ln291', firmware/nnet_utils/nnet_code_gen.h:291) [20]  (0.243 ns)
	'select' operation ('select_ln295', firmware/nnet_utils/nnet_code_gen.h:295) [23]  (0 ns)
	'select' operation ('select_ln299', firmware/nnet_utils/nnet_code_gen.h:299) [26]  (0.243 ns)
	'select' operation ('select_ln303', firmware/nnet_utils/nnet_code_gen.h:303) [29]  (0 ns)
	'select' operation ('select_ln307', firmware/nnet_utils/nnet_code_gen.h:307) [32]  (0.243 ns)
	'select' operation ('select_ln311', firmware/nnet_utils/nnet_code_gen.h:311) [35]  (0 ns)
	'select' operation ('select_ln315', firmware/nnet_utils/nnet_code_gen.h:315) [38]  (0.243 ns)
	'select' operation ('select_ln319', firmware/nnet_utils/nnet_code_gen.h:319) [41]  (0 ns)
	'select' operation ('select_ln323', firmware/nnet_utils/nnet_code_gen.h:323) [44]  (0.243 ns)
	'select' operation ('select_ln327', firmware/nnet_utils/nnet_code_gen.h:327) [47]  (0 ns)
	'select' operation ('select_ln331', firmware/nnet_utils/nnet_code_gen.h:331) [50]  (0.243 ns)
	'select' operation ('select_ln335', firmware/nnet_utils/nnet_code_gen.h:335) [53]  (0 ns)
	'select' operation ('select_ln339', firmware/nnet_utils/nnet_code_gen.h:339) [56]  (0.243 ns)
	'select' operation ('select_ln343', firmware/nnet_utils/nnet_code_gen.h:343) [59]  (0 ns)
	'select' operation ('select_ln347', firmware/nnet_utils/nnet_code_gen.h:347) [62]  (0.243 ns)
	'select' operation ('select_ln351', firmware/nnet_utils/nnet_code_gen.h:351) [65]  (0 ns)
	'select' operation ('select_ln355', firmware/nnet_utils/nnet_code_gen.h:355) [68]  (0.243 ns)
	'select' operation ('select_ln359', firmware/nnet_utils/nnet_code_gen.h:359) [71]  (0 ns)
	'select' operation ('select_ln363', firmware/nnet_utils/nnet_code_gen.h:363) [74]  (0.243 ns)
	'select' operation ('select_ln367', firmware/nnet_utils/nnet_code_gen.h:367) [77]  (0 ns)
	'select' operation ('select_ln371', firmware/nnet_utils/nnet_code_gen.h:371) [80]  (0.243 ns)
	'select' operation ('select_ln375', firmware/nnet_utils/nnet_code_gen.h:375) [83]  (0 ns)
	'select' operation ('select_ln379', firmware/nnet_utils/nnet_code_gen.h:379) [86]  (0.243 ns)
	'select' operation ('select_ln383', firmware/nnet_utils/nnet_code_gen.h:383) [89]  (0 ns)
	'select' operation ('select_ln387', firmware/nnet_utils/nnet_code_gen.h:387) [92]  (0.243 ns)
	'select' operation ('select_ln391', firmware/nnet_utils/nnet_code_gen.h:391) [95]  (0 ns)
	'select' operation ('select_ln395', firmware/nnet_utils/nnet_code_gen.h:395) [98]  (0.243 ns)

 <State 2>: 4.02ns
The critical path consists of the following:
	'icmp' operation ('icmp_ln399', firmware/nnet_utils/nnet_code_gen.h:399) [99]  (0.619 ns)
	'select' operation ('select_ln399', firmware/nnet_utils/nnet_code_gen.h:399) [101]  (0 ns)
	'select' operation ('select_ln403', firmware/nnet_utils/nnet_code_gen.h:403) [104]  (0.243 ns)
	'select' operation ('select_ln407', firmware/nnet_utils/nnet_code_gen.h:407) [107]  (0 ns)
	'select' operation ('select_ln411', firmware/nnet_utils/nnet_code_gen.h:411) [110]  (0.243 ns)
	'select' operation ('select_ln415', firmware/nnet_utils/nnet_code_gen.h:415) [113]  (0 ns)
	'select' operation ('select_ln419', firmware/nnet_utils/nnet_code_gen.h:419) [116]  (0.243 ns)
	'select' operation ('select_ln423', firmware/nnet_utils/nnet_code_gen.h:423) [119]  (0 ns)
	'select' operation ('select_ln427', firmware/nnet_utils/nnet_code_gen.h:427) [122]  (0.243 ns)
	'select' operation ('select_ln431', firmware/nnet_utils/nnet_code_gen.h:431) [125]  (0 ns)
	'select' operation ('select_ln435', firmware/nnet_utils/nnet_code_gen.h:435) [128]  (0.243 ns)
	'select' operation ('select_ln439', firmware/nnet_utils/nnet_code_gen.h:439) [131]  (0 ns)
	'select' operation ('select_ln443', firmware/nnet_utils/nnet_code_gen.h:443) [134]  (0.243 ns)
	'select' operation ('select_ln447', firmware/nnet_utils/nnet_code_gen.h:447) [137]  (0 ns)
	'select' operation ('select_ln451', firmware/nnet_utils/nnet_code_gen.h:451) [140]  (0.243 ns)
	'select' operation ('select_ln455', firmware/nnet_utils/nnet_code_gen.h:455) [143]  (0 ns)
	'select' operation ('select_ln459', firmware/nnet_utils/nnet_code_gen.h:459) [146]  (0.243 ns)
	'select' operation ('select_ln463', firmware/nnet_utils/nnet_code_gen.h:463) [149]  (0 ns)
	'select' operation ('select_ln467', firmware/nnet_utils/nnet_code_gen.h:467) [152]  (0.243 ns)
	'select' operation ('select_ln471', firmware/nnet_utils/nnet_code_gen.h:471) [155]  (0 ns)
	'select' operation ('select_ln475', firmware/nnet_utils/nnet_code_gen.h:475) [158]  (0.243 ns)
	'select' operation ('select_ln479', firmware/nnet_utils/nnet_code_gen.h:479) [161]  (0 ns)
	'select' operation ('select_ln483', firmware/nnet_utils/nnet_code_gen.h:483) [164]  (0.243 ns)
	'select' operation ('select_ln487', firmware/nnet_utils/nnet_code_gen.h:487) [167]  (0 ns)
	'select' operation ('select_ln491', firmware/nnet_utils/nnet_code_gen.h:491) [170]  (0.243 ns)
	'select' operation ('select_ln495', firmware/nnet_utils/nnet_code_gen.h:495) [173]  (0 ns)
	'select' operation ('select_ln499', firmware/nnet_utils/nnet_code_gen.h:499) [232]  (0.243 ns)
	'select' operation ('select_ln503', firmware/nnet_utils/nnet_code_gen.h:503) [233]  (0.243 ns)


============================================================
+ Verbose Summary: Binding
============================================================
N/A
* FSMD analyzer results:
  - Output states:
 - Input state : 
  - Chain level:
	State 1
	State 2


============================================================
+ Verbose Summary: Datapath Resource usage 
============================================================
N/A
