

================================================================
== Vivado HLS Report for 'pointwise_conv_2d_cl_ap_fixed_ap_fixed_16_6_5_3_0_config10_s'
================================================================
* Date:           Thu Oct 10 10:37:02 2024

* Version:        2019.1 (Build 2552052 on Fri May 24 15:28:33 MDT 2019)
* Project:        myproject_prj
* Solution:       solution1
* Product family: virtexuplus
* Target device:  xcvu9p-flga2577-2-e


================================================================
== Performance Estimates
================================================================
+ Timing (ns): 
    * Summary: 
    +--------+-------+----------+------------+
    |  Clock | Target| Estimated| Uncertainty|
    +--------+-------+----------+------------+
    |ap_clk  |   5.00|     4.263|        0.62|
    +--------+-------+----------+------------+

+ Latency (clock cycles): 
    * Summary: 
    +-----+-----+-----+-----+---------------------------------------------+
    |  Latency  |  Interval |                   Pipeline                  |
    | min | max | min | max |                     Type                    |
    +-----+-----+-----+-----+---------------------------------------------+
    |  117|  118|  114|  114| loop rewind(delay=0 initiation interval(s)) |
    +-----+-----+-----+-----+---------------------------------------------+

    + Detail: 
        * Instance: 
        N/A

        * Loop: 
        +-----------------+-----+-----+----------+-----------+-----------+------+----------+
        |                 |  Latency  | Iteration|  Initiation Interval  | Trip |          |
        |    Loop Name    | min | max |  Latency |  achieved |   target  | Count| Pipelined|
        +-----------------+-----+-----+----------+-----------+-----------+------+----------+
        |- PartitionLoop  |  117|  117|         6|          2|          1|    57|    yes   |
        +-----------------+-----+-----+----------+-----------+-----------+------+----------+

============================================================
+ Verbose Summary: Synthesis Manager
============================================================
InlineROM: 1
ExposeGlobal: 0
============================================================
+ Verbose Summary: CDFG Model
============================================================
IsTopModel: 0
ResetActiveHigh: 1
IsCombinational: 2
IsDatapathOnly: 0
HasWiredReturn: 1
HasMFsm: 0
HasVarLatency: 1
IsPipeline: 0
IsRtlPipelined: 0
IsInstanceOverlapped: 0
IsDontTouch: 0
HasImplIP: 0
IsGatedGlobalClock: 0

+ Individual pipeline summary: 
  * Pipeline-0: initiation interval (II) = 2, depth = 6


============================================================
+ Verbose Summary: Schedule
============================================================
* Number of FSM states : 7
* Pipeline : 1
  Pipeline-0 : II = 2, D = 6, States = { 2 3 4 5 6 7 }
* Dataflow Pipeline: 0

* FSM state transitions: 
1 --> 2 
2 --> 3 
3 --> 4 
4 --> 5 
5 --> 6 
6 --> 7 
7 --> 2 

* FSM state operations: 

State 1 <SV = 0> <Delay = 0.60>
ST_1 : Operation 8 [1/1] (0.00ns)   --->   "%res_6_V_0374 = alloca i16"   --->   Operation 8 'alloca' 'res_6_V_0374' <Predicate = true> <Delay = 0.00>
ST_1 : Operation 9 [1/1] (0.00ns)   --->   "%res_5_V_0368 = alloca i16"   --->   Operation 9 'alloca' 'res_5_V_0368' <Predicate = true> <Delay = 0.00>
ST_1 : Operation 10 [1/1] (0.00ns)   --->   "%res_7_V_03510 = alloca i16"   --->   Operation 10 'alloca' 'res_7_V_03510' <Predicate = true> <Delay = 0.00>
ST_1 : Operation 11 [1/1] (0.00ns)   --->   "%res_8_V_03416 = alloca i16"   --->   Operation 11 'alloca' 'res_8_V_03416' <Predicate = true> <Delay = 0.00>
ST_1 : Operation 12 [1/1] (0.00ns)   --->   "%res_4_V_03320 = alloca i16"   --->   Operation 12 'alloca' 'res_4_V_03320' <Predicate = true> <Delay = 0.00>
ST_1 : Operation 13 [1/1] (0.00ns)   --->   "%res_9_V_03222 = alloca i16"   --->   Operation 13 'alloca' 'res_9_V_03222' <Predicate = true> <Delay = 0.00>
ST_1 : Operation 14 [1/1] (0.00ns)   --->   "%res_10_V_03128 = alloca i16"   --->   Operation 14 'alloca' 'res_10_V_03128' <Predicate = true> <Delay = 0.00>
ST_1 : Operation 15 [1/1] (0.00ns)   --->   "%res_3_V_03032 = alloca i16"   --->   Operation 15 'alloca' 'res_3_V_03032' <Predicate = true> <Delay = 0.00>
ST_1 : Operation 16 [1/1] (0.00ns)   --->   "%res_11_V_02934 = alloca i16"   --->   Operation 16 'alloca' 'res_11_V_02934' <Predicate = true> <Delay = 0.00>
ST_1 : Operation 17 [1/1] (0.00ns)   --->   "%res_12_V_02840 = alloca i16"   --->   Operation 17 'alloca' 'res_12_V_02840' <Predicate = true> <Delay = 0.00>
ST_1 : Operation 18 [1/1] (0.00ns)   --->   "%res_2_V_02744 = alloca i16"   --->   Operation 18 'alloca' 'res_2_V_02744' <Predicate = true> <Delay = 0.00>
ST_1 : Operation 19 [1/1] (0.00ns)   --->   "%res_13_V_02646 = alloca i16"   --->   Operation 19 'alloca' 'res_13_V_02646' <Predicate = true> <Delay = 0.00>
ST_1 : Operation 20 [1/1] (0.00ns)   --->   "%res_14_V_02552 = alloca i16"   --->   Operation 20 'alloca' 'res_14_V_02552' <Predicate = true> <Delay = 0.00>
ST_1 : Operation 21 [1/1] (0.00ns)   --->   "%res_1_V_02456 = alloca i16"   --->   Operation 21 'alloca' 'res_1_V_02456' <Predicate = true> <Delay = 0.00>
ST_1 : Operation 22 [1/1] (0.00ns)   --->   "%res_15_V_02358 = alloca i16"   --->   Operation 22 'alloca' 'res_15_V_02358' <Predicate = true> <Delay = 0.00>
ST_1 : Operation 23 [1/1] (0.00ns)   --->   "%res_16_V_02264 = alloca i16"   --->   Operation 23 'alloca' 'res_16_V_02264' <Predicate = true> <Delay = 0.00>
ST_1 : Operation 24 [1/1] (0.00ns)   --->   "%res_0_V_02168 = alloca i16"   --->   Operation 24 'alloca' 'res_0_V_02168' <Predicate = true> <Delay = 0.00>
ST_1 : Operation 25 [1/1] (0.00ns)   --->   "%res_17_V_02070 = alloca i16"   --->   Operation 25 'alloca' 'res_17_V_02070' <Predicate = true> <Delay = 0.00>
ST_1 : Operation 26 [1/1] (0.00ns)   --->   "%res_18_V_01976 = alloca i16"   --->   Operation 26 'alloca' 'res_18_V_01976' <Predicate = true> <Delay = 0.00>
ST_1 : Operation 27 [1/1] (0.00ns)   --->   "%data_buf_V_0_0_06281_i77 = alloca i16"   --->   Operation 27 'alloca' 'data_buf_V_0_0_06281_i77' <Predicate = true> <Delay = 0.00>
ST_1 : Operation 28 [1/1] (0.00ns)   --->   "call void (...)* @_ssdm_op_SpecInterface(i912* %data_V, [8 x i8]* @ap_fifo_str, i32 0, i32 0, [1 x i8]* @p_str, i32 0, i32 0, [1 x i8]* @p_str, [1 x i8]* @p_str, [1 x i8]* @p_str, i32 2, i32 2, i32 16, i32 16, [1 x i8]* @p_str, [11 x i8]* @ScalarProp_str)"   --->   Operation 28 'specinterface' <Predicate = true> <Delay = 0.00>
ST_1 : Operation 29 [1/1] (0.60ns)   --->   "br label %rewind_header" [firmware/nnet_utils/nnet_conv2d_resource.h:36->firmware/nnet_utils/nnet_conv2d.h:69->firmware/myproject.cpp:8]   --->   Operation 29 'br' <Predicate = true> <Delay = 0.60>

State 2 <SV = 1> <Delay = 0.00>
ST_2 : Operation 30 [1/1] (0.00ns)   --->   "%do_init = phi i1 [ true, %entry ], [ false, %PartitionLoop_begin ], [ true, %.exit ]"   --->   Operation 30 'phi' 'do_init' <Predicate = true> <Delay = 0.00>

State 3 <SV = 2> <Delay = 1.45>
ST_3 : Operation 31 [1/1] (0.00ns)   --->   "%data_V_load_rewind = phi i912 [ undef, %entry ], [ %data_V_load_phi, %PartitionLoop_begin ], [ undef, %.exit ]" [firmware/nnet_utils/nnet_conv2d_resource.h:11->firmware/nnet_utils/nnet_conv2d.h:69]   --->   Operation 31 'phi' 'data_V_load_rewind' <Predicate = true> <Delay = 0.00>
ST_3 : Operation 32 [1/1] (0.00ns)   --->   "%i_part_0_i_i79 = phi i6 [ 0, %entry ], [ %i_part, %PartitionLoop_begin ], [ 0, %.exit ]"   --->   Operation 32 'phi' 'i_part_0_i_i79' <Predicate = true> <Delay = 0.00>
ST_3 : Operation 33 [1/1] (0.60ns)   --->   "br i1 %do_init, label %rewind_init, label %PartitionLoop_begin"   --->   Operation 33 'br' <Predicate = true> <Delay = 0.60>
ST_3 : Operation 34 [1/1] (1.45ns)   --->   "%data_V_read = call i912 @_ssdm_op_Read.ap_fifo.i912P(i912* %data_V)" [firmware/nnet_utils/nnet_conv2d_resource.h:11->firmware/nnet_utils/nnet_conv2d.h:69]   --->   Operation 34 'read' 'data_V_read' <Predicate = (do_init)> <Delay = 1.45> <Core = "FIFO_SRL">   --->   Core 36 'FIFO_SRL' <Latency = 0> <II = 1> <Delay = 1.45> <Storage> <Opcode : 'read' 'write' 'nbread' 'nbwrite'> <Ports = 0> <Width = 912> <Depth = 2> <FIFO>
ST_3 : Operation 35 [1/1] (0.60ns)   --->   "br label %PartitionLoop_begin" [firmware/nnet_utils/nnet_conv2d_resource.h:36->firmware/nnet_utils/nnet_conv2d.h:69->firmware/myproject.cpp:8]   --->   Operation 35 'br' <Predicate = (do_init)> <Delay = 0.60>
ST_3 : Operation 36 [1/1] (0.61ns)   --->   "%icmp_ln36 = icmp eq i6 %i_part_0_i_i79, -8" [firmware/nnet_utils/nnet_conv2d_resource.h:36->firmware/nnet_utils/nnet_conv2d.h:69->firmware/myproject.cpp:8]   --->   Operation 36 'icmp' 'icmp_ln36' <Predicate = true> <Delay = 0.61> <Core = "Cmp">   --->   Core 25 'Cmp' <Latency = 0> <II = 1> <Delay = 0.61> <FuncUnit> <Opcode : 'icmp'> <InPorts = 2> <OutPorts = 1>
ST_3 : Operation 37 [1/1] (0.00ns)   --->   "br i1 %icmp_ln36, label %.exit, label %rewind_header" [firmware/nnet_utils/nnet_conv2d_resource.h:36->firmware/nnet_utils/nnet_conv2d.h:69->firmware/myproject.cpp:8]   --->   Operation 37 'br' <Predicate = true> <Delay = 0.00>
ST_3 : Operation 38 [1/1] (0.00ns)   --->   "br label %rewind_header" [firmware/myproject.cpp:8]   --->   Operation 38 'br' <Predicate = (icmp_ln36)> <Delay = 0.00>

State 4 <SV = 3> <Delay = 4.26>
ST_4 : Operation 39 [1/1] (0.00ns)   --->   "%data_V_load_phi = phi i912 [ %data_V_read, %rewind_init ], [ %data_V_load_rewind, %rewind_header ]" [firmware/nnet_utils/nnet_conv2d_resource.h:11->firmware/nnet_utils/nnet_conv2d.h:69]   --->   Operation 39 'phi' 'data_V_load_phi' <Predicate = true> <Delay = 0.00>
ST_4 : Operation 40 [1/1] (0.00ns)   --->   "%data_buf_V_0_0_06281_i77_load = load i16* %data_buf_V_0_0_06281_i77"   --->   Operation 40 'load' 'data_buf_V_0_0_06281_i77_load' <Predicate = true> <Delay = 0.00>
ST_4 : Operation 41 [2/2] (4.26ns)   --->   "%data_buf_V_0_0_i = call fastcc i16 @fill_buffer.1(i912 %data_V_load_phi, i16 %data_buf_V_0_0_06281_i77_load, i6 %i_part_0_i_i79)" [firmware/nnet_utils/nnet_conv2d_resource.h:11->firmware/nnet_utils/nnet_conv2d.h:69]   --->   Operation 41 'call' 'data_buf_V_0_0_i' <Predicate = true> <Delay = 4.26> <CoreType = "Generic">   --->   Core 0 '' <Latency = 0> <II = 1> <Delay = 1.00> <Generic> <Opcode : >
ST_4 : Operation 42 [1/1] (0.43ns)   --->   "%i_part = add i6 %i_part_0_i_i79, 1" [firmware/nnet_utils/nnet_conv2d_resource.h:36->firmware/nnet_utils/nnet_conv2d.h:69->firmware/myproject.cpp:8]   --->   Operation 42 'add' 'i_part' <Predicate = true> <Delay = 0.43> <Core = "AddSub">   --->   Core 14 'AddSub' <Latency = 0> <II = 1> <Delay = 0.43> <FuncUnit> <Opcode : 'add' 'sub'> <InPorts = 2> <OutPorts = 1>

State 5 <SV = 4> <Delay = 4.02>
ST_5 : Operation 43 [1/2] (4.02ns)   --->   "%data_buf_V_0_0_i = call fastcc i16 @fill_buffer.1(i912 %data_V_load_phi, i16 %data_buf_V_0_0_06281_i77_load, i6 %i_part_0_i_i79)" [firmware/nnet_utils/nnet_conv2d_resource.h:11->firmware/nnet_utils/nnet_conv2d.h:69]   --->   Operation 43 'call' 'data_buf_V_0_0_i' <Predicate = true> <Delay = 4.02> <CoreType = "Generic">   --->   Core 0 '' <Latency = 0> <II = 1> <Delay = 1.00> <Generic> <Opcode : >
ST_5 : Operation 44 [1/1] (0.00ns)   --->   "store i16 %data_buf_V_0_0_i, i16* %data_buf_V_0_0_06281_i77" [firmware/nnet_utils/nnet_conv2d_resource.h:36->firmware/nnet_utils/nnet_conv2d.h:69->firmware/myproject.cpp:8]   --->   Operation 44 'store' <Predicate = true> <Delay = 0.00>

State 6 <SV = 5> <Delay = 2.53>
ST_6 : Operation 45 [1/1] (0.00ns)   --->   "%p_05_i_idx_i78 = phi i10 [ 0, %entry ], [ %add_ln96, %PartitionLoop_begin ], [ 0, %.exit ]" [firmware/nnet_utils/nnet_conv2d_resource.h:96->firmware/nnet_utils/nnet_conv2d.h:69->firmware/myproject.cpp:8]   --->   Operation 45 'phi' 'p_05_i_idx_i78' <Predicate = true> <Delay = 0.00>
ST_6 : Operation 46 [1/1] (0.00ns)   --->   "%sext_ln1118_5 = sext i16 %data_buf_V_0_0_i to i22" [firmware/nnet_utils/nnet_mult.h:73->firmware/nnet_utils/nnet_conv2d_resource.h:70->firmware/nnet_utils/nnet_conv2d.h:69->firmware/myproject.cpp:8]   --->   Operation 46 'sext' 'sext_ln1118_5' <Predicate = true> <Delay = 0.00>
ST_6 : Operation 47 [1/1] (0.00ns)   --->   "%sext_ln1118_6 = sext i16 %data_buf_V_0_0_i to i26" [firmware/nnet_utils/nnet_mult.h:73->firmware/nnet_utils/nnet_conv2d_resource.h:70->firmware/nnet_utils/nnet_conv2d.h:69->firmware/myproject.cpp:8]   --->   Operation 47 'sext' 'sext_ln1118_6' <Predicate = true> <Delay = 0.00>
ST_6 : Operation 48 [1/1] (2.53ns) (root node of the DSP)   --->   "%mul_ln1118 = mul i26 %sext_ln1118_6, -465" [firmware/nnet_utils/nnet_mult.h:73->firmware/nnet_utils/nnet_conv2d_resource.h:70->firmware/nnet_utils/nnet_conv2d.h:69->firmware/myproject.cpp:8]   --->   Operation 48 'mul' 'mul_ln1118' <Predicate = true> <Delay = 2.53> <Core = "DSP48">   --->   Core 88 'DSP48' <Latency = 0> <II = 1> <Delay = 2.53> <IPBlock> <Opcode : 'mul' 'add' 'sub' 'select'> <InPorts = 2> <OutPorts = 1> <Sync> <CReg>
ST_6 : Operation 49 [1/1] (0.00ns)   --->   "%trunc_ln = call i16 @_ssdm_op_PartSelect.i16.i26.i32.i32(i26 %mul_ln1118, i32 10, i32 25)" [firmware/nnet_utils/nnet_conv2d_resource.h:70->firmware/nnet_utils/nnet_conv2d.h:69->firmware/myproject.cpp:8]   --->   Operation 49 'partselect' 'trunc_ln' <Predicate = true> <Delay = 0.00>
ST_6 : Operation 50 [1/1] (2.53ns) (root node of the DSP)   --->   "%mul_ln1118_9 = mul i22 %sext_ln1118_5, 22" [firmware/nnet_utils/nnet_mult.h:73->firmware/nnet_utils/nnet_conv2d_resource.h:70->firmware/nnet_utils/nnet_conv2d.h:69->firmware/myproject.cpp:8]   --->   Operation 50 'mul' 'mul_ln1118_9' <Predicate = true> <Delay = 2.53> <Core = "DSP48">   --->   Core 88 'DSP48' <Latency = 0> <II = 1> <Delay = 2.53> <IPBlock> <Opcode : 'mul' 'add' 'sub' 'select'> <InPorts = 2> <OutPorts = 1> <Sync> <CReg>
ST_6 : Operation 51 [1/1] (0.00ns)   --->   "%trunc_ln708_s = call i12 @_ssdm_op_PartSelect.i12.i22.i32.i32(i22 %mul_ln1118_9, i32 10, i32 21)" [firmware/nnet_utils/nnet_conv2d_resource.h:70->firmware/nnet_utils/nnet_conv2d.h:69->firmware/myproject.cpp:8]   --->   Operation 51 'partselect' 'trunc_ln708_s' <Predicate = true> <Delay = 0.00>
ST_6 : Operation 52 [1/1] (2.53ns) (root node of the DSP)   --->   "%mul_ln1118_10 = mul i26 %sext_ln1118_6, -490" [firmware/nnet_utils/nnet_mult.h:73->firmware/nnet_utils/nnet_conv2d_resource.h:70->firmware/nnet_utils/nnet_conv2d.h:69->firmware/myproject.cpp:8]   --->   Operation 52 'mul' 'mul_ln1118_10' <Predicate = true> <Delay = 2.53> <Core = "DSP48">   --->   Core 88 'DSP48' <Latency = 0> <II = 1> <Delay = 2.53> <IPBlock> <Opcode : 'mul' 'add' 'sub' 'select'> <InPorts = 2> <OutPorts = 1> <Sync> <CReg>
ST_6 : Operation 53 [1/1] (0.00ns)   --->   "%acc_0_2_V = call i16 @_ssdm_op_PartSelect.i16.i26.i32.i32(i26 %mul_ln1118_10, i32 10, i32 25)" [firmware/nnet_utils/nnet_conv2d_resource.h:70->firmware/nnet_utils/nnet_conv2d.h:69->firmware/myproject.cpp:8]   --->   Operation 53 'partselect' 'acc_0_2_V' <Predicate = true> <Delay = 0.00>
ST_6 : Operation 54 [1/1] (2.53ns) (root node of the DSP)   --->   "%mul_ln1118_11 = mul i26 %sext_ln1118_6, 368" [firmware/nnet_utils/nnet_mult.h:73->firmware/nnet_utils/nnet_conv2d_resource.h:70->firmware/nnet_utils/nnet_conv2d.h:69->firmware/myproject.cpp:8]   --->   Operation 54 'mul' 'mul_ln1118_11' <Predicate = true> <Delay = 2.53> <Core = "DSP48">   --->   Core 88 'DSP48' <Latency = 0> <II = 1> <Delay = 2.53> <IPBlock> <Opcode : 'mul' 'add' 'sub' 'select'> <InPorts = 2> <OutPorts = 1> <Sync> <CReg>
ST_6 : Operation 55 [1/1] (0.00ns)   --->   "%acc_0_3_V = call i16 @_ssdm_op_PartSelect.i16.i26.i32.i32(i26 %mul_ln1118_11, i32 10, i32 25)" [firmware/nnet_utils/nnet_conv2d_resource.h:70->firmware/nnet_utils/nnet_conv2d.h:69->firmware/myproject.cpp:8]   --->   Operation 55 'partselect' 'acc_0_3_V' <Predicate = true> <Delay = 0.00>
ST_6 : Operation 56 [1/1] (2.53ns) (root node of the DSP)   --->   "%mul_ln1118_12 = mul i26 %sext_ln1118_6, 381" [firmware/nnet_utils/nnet_mult.h:73->firmware/nnet_utils/nnet_conv2d_resource.h:70->firmware/nnet_utils/nnet_conv2d.h:69->firmware/myproject.cpp:8]   --->   Operation 56 'mul' 'mul_ln1118_12' <Predicate = true> <Delay = 2.53> <Core = "DSP48">   --->   Core 88 'DSP48' <Latency = 0> <II = 1> <Delay = 2.53> <IPBlock> <Opcode : 'mul' 'add' 'sub' 'select'> <InPorts = 2> <OutPorts = 1> <Sync> <CReg>
ST_6 : Operation 57 [1/1] (0.00ns)   --->   "%acc_0_4_V = call i16 @_ssdm_op_PartSelect.i16.i26.i32.i32(i26 %mul_ln1118_12, i32 10, i32 25)" [firmware/nnet_utils/nnet_conv2d_resource.h:70->firmware/nnet_utils/nnet_conv2d.h:69->firmware/myproject.cpp:8]   --->   Operation 57 'partselect' 'acc_0_4_V' <Predicate = true> <Delay = 0.00>
ST_6 : Operation 58 [1/1] (0.54ns)   --->   "%add_ln96 = add i10 %p_05_i_idx_i78, 10" [firmware/nnet_utils/nnet_conv2d_resource.h:96->firmware/nnet_utils/nnet_conv2d.h:69->firmware/myproject.cpp:8]   --->   Operation 58 'add' 'add_ln96' <Predicate = true> <Delay = 0.54> <Core = "AddSub">   --->   Core 14 'AddSub' <Latency = 0> <II = 1> <Delay = 0.43> <FuncUnit> <Opcode : 'add' 'sub'> <InPorts = 2> <OutPorts = 1>
ST_6 : Operation 59 [1/1] (0.60ns)   --->   "%icmp_ln203_5 = icmp eq i10 %p_05_i_idx_i78, 0" [firmware/nnet_utils/nnet_conv2d_resource.h:98->firmware/nnet_utils/nnet_conv2d.h:69->firmware/myproject.cpp:8]   --->   Operation 59 'icmp' 'icmp_ln203_5' <Predicate = true> <Delay = 0.60> <Core = "Cmp">   --->   Core 25 'Cmp' <Latency = 0> <II = 1> <Delay = 0.61> <FuncUnit> <Opcode : 'icmp'> <InPorts = 2> <OutPorts = 1>
ST_6 : Operation 60 [1/1] (0.60ns)   --->   "%icmp_ln203_6 = icmp eq i10 %p_05_i_idx_i78, 10" [firmware/nnet_utils/nnet_conv2d_resource.h:98->firmware/nnet_utils/nnet_conv2d.h:69->firmware/myproject.cpp:8]   --->   Operation 60 'icmp' 'icmp_ln203_6' <Predicate = true> <Delay = 0.60> <Core = "Cmp">   --->   Core 25 'Cmp' <Latency = 0> <II = 1> <Delay = 0.61> <FuncUnit> <Opcode : 'icmp'> <InPorts = 2> <OutPorts = 1>
ST_6 : Operation 61 [1/1] (0.00ns)   --->   "%p_05_i_idx1_14_t_i = or i10 %p_05_i_idx_i78, 1" [firmware/nnet_utils/nnet_conv2d_resource.h:96->firmware/nnet_utils/nnet_conv2d.h:69->firmware/myproject.cpp:8]   --->   Operation 61 'or' 'p_05_i_idx1_14_t_i' <Predicate = true> <Delay = 0.00>
ST_6 : Operation 62 [1/1] (0.60ns)   --->   "%icmp_ln203 = icmp eq i10 %p_05_i_idx1_14_t_i, 1" [firmware/nnet_utils/nnet_conv2d_resource.h:98->firmware/nnet_utils/nnet_conv2d.h:69->firmware/myproject.cpp:8]   --->   Operation 62 'icmp' 'icmp_ln203' <Predicate = true> <Delay = 0.60> <Core = "Cmp">   --->   Core 25 'Cmp' <Latency = 0> <II = 1> <Delay = 0.61> <FuncUnit> <Opcode : 'icmp'> <InPorts = 2> <OutPorts = 1>
ST_6 : Operation 63 [1/1] (0.60ns)   --->   "%icmp_ln203_4 = icmp eq i10 %p_05_i_idx1_14_t_i, 11" [firmware/nnet_utils/nnet_conv2d_resource.h:98->firmware/nnet_utils/nnet_conv2d.h:69->firmware/myproject.cpp:8]   --->   Operation 63 'icmp' 'icmp_ln203_4' <Predicate = true> <Delay = 0.60> <Core = "Cmp">   --->   Core 25 'Cmp' <Latency = 0> <II = 1> <Delay = 0.61> <FuncUnit> <Opcode : 'icmp'> <InPorts = 2> <OutPorts = 1>

State 7 <SV = 6> <Delay = 2.77>
ST_7 : Operation 64 [1/1] (0.00ns)   --->   "%res_6_V_0374_load = load i16* %res_6_V_0374" [firmware/nnet_utils/nnet_conv2d_resource.h:98->firmware/nnet_utils/nnet_conv2d.h:69->firmware/myproject.cpp:8]   --->   Operation 64 'load' 'res_6_V_0374_load' <Predicate = true> <Delay = 0.00>
ST_7 : Operation 65 [1/1] (0.00ns)   --->   "%res_5_V_0368_load = load i16* %res_5_V_0368" [firmware/nnet_utils/nnet_conv2d_resource.h:98->firmware/nnet_utils/nnet_conv2d.h:69->firmware/myproject.cpp:8]   --->   Operation 65 'load' 'res_5_V_0368_load' <Predicate = true> <Delay = 0.00>
ST_7 : Operation 66 [1/1] (0.00ns)   --->   "%res_7_V_03510_load = load i16* %res_7_V_03510" [firmware/nnet_utils/nnet_conv2d_resource.h:98->firmware/nnet_utils/nnet_conv2d.h:69->firmware/myproject.cpp:8]   --->   Operation 66 'load' 'res_7_V_03510_load' <Predicate = true> <Delay = 0.00>
ST_7 : Operation 67 [1/1] (0.00ns)   --->   "%res_8_V_03416_load = load i16* %res_8_V_03416" [firmware/nnet_utils/nnet_conv2d_resource.h:98->firmware/nnet_utils/nnet_conv2d.h:69->firmware/myproject.cpp:8]   --->   Operation 67 'load' 'res_8_V_03416_load' <Predicate = true> <Delay = 0.00>
ST_7 : Operation 68 [1/1] (0.00ns)   --->   "%res_4_V_03320_load = load i16* %res_4_V_03320" [firmware/nnet_utils/nnet_conv2d_resource.h:98->firmware/nnet_utils/nnet_conv2d.h:69->firmware/myproject.cpp:8]   --->   Operation 68 'load' 'res_4_V_03320_load' <Predicate = true> <Delay = 0.00>
ST_7 : Operation 69 [1/1] (0.00ns)   --->   "%res_9_V_03222_load = load i16* %res_9_V_03222" [firmware/nnet_utils/nnet_conv2d_resource.h:98->firmware/nnet_utils/nnet_conv2d.h:69->firmware/myproject.cpp:8]   --->   Operation 69 'load' 'res_9_V_03222_load' <Predicate = true> <Delay = 0.00>
ST_7 : Operation 70 [1/1] (0.00ns)   --->   "%res_10_V_03128_load = load i16* %res_10_V_03128"   --->   Operation 70 'load' 'res_10_V_03128_load' <Predicate = (!icmp_ln203_6)> <Delay = 0.00>
ST_7 : Operation 71 [1/1] (0.00ns)   --->   "%res_3_V_03032_load = load i16* %res_3_V_03032" [firmware/nnet_utils/nnet_conv2d_resource.h:98->firmware/nnet_utils/nnet_conv2d.h:69->firmware/myproject.cpp:8]   --->   Operation 71 'load' 'res_3_V_03032_load' <Predicate = true> <Delay = 0.00>
ST_7 : Operation 72 [1/1] (0.00ns)   --->   "%res_11_V_02934_load = load i16* %res_11_V_02934"   --->   Operation 72 'load' 'res_11_V_02934_load' <Predicate = (!icmp_ln203_4)> <Delay = 0.00>
ST_7 : Operation 73 [1/1] (0.00ns)   --->   "%res_12_V_02840_load = load i16* %res_12_V_02840"   --->   Operation 73 'load' 'res_12_V_02840_load' <Predicate = (!icmp_ln203_6)> <Delay = 0.00>
ST_7 : Operation 74 [1/1] (0.00ns)   --->   "%res_2_V_02744_load = load i16* %res_2_V_02744" [firmware/nnet_utils/nnet_conv2d_resource.h:98->firmware/nnet_utils/nnet_conv2d.h:69->firmware/myproject.cpp:8]   --->   Operation 74 'load' 'res_2_V_02744_load' <Predicate = true> <Delay = 0.00>
ST_7 : Operation 75 [1/1] (0.00ns)   --->   "%res_13_V_02646_load = load i16* %res_13_V_02646"   --->   Operation 75 'load' 'res_13_V_02646_load' <Predicate = (!icmp_ln203_6)> <Delay = 0.00>
ST_7 : Operation 76 [1/1] (0.00ns)   --->   "%res_14_V_02552_load = load i16* %res_14_V_02552"   --->   Operation 76 'load' 'res_14_V_02552_load' <Predicate = (!icmp_ln203_6)> <Delay = 0.00>
ST_7 : Operation 77 [1/1] (0.00ns)   --->   "%res_1_V_02456_load = load i16* %res_1_V_02456" [firmware/nnet_utils/nnet_conv2d_resource.h:98->firmware/nnet_utils/nnet_conv2d.h:69->firmware/myproject.cpp:8]   --->   Operation 77 'load' 'res_1_V_02456_load' <Predicate = true> <Delay = 0.00>
ST_7 : Operation 78 [1/1] (0.00ns)   --->   "%res_15_V_02358_load = load i16* %res_15_V_02358"   --->   Operation 78 'load' 'res_15_V_02358_load' <Predicate = (!icmp_ln203_6)> <Delay = 0.00>
ST_7 : Operation 79 [1/1] (0.00ns)   --->   "%res_16_V_02264_load = load i16* %res_16_V_02264"   --->   Operation 79 'load' 'res_16_V_02264_load' <Predicate = (!icmp_ln203_6)> <Delay = 0.00>
ST_7 : Operation 80 [1/1] (0.00ns)   --->   "%res_0_V_02168_load = load i16* %res_0_V_02168"   --->   Operation 80 'load' 'res_0_V_02168_load' <Predicate = true> <Delay = 0.00>
ST_7 : Operation 81 [1/1] (0.00ns)   --->   "%res_17_V_02070_load = load i16* %res_17_V_02070"   --->   Operation 81 'load' 'res_17_V_02070_load' <Predicate = (!icmp_ln203_6)> <Delay = 0.00>
ST_7 : Operation 82 [1/1] (0.00ns)   --->   "%res_18_V_01976_load = load i16* %res_18_V_01976"   --->   Operation 82 'load' 'res_18_V_01976_load' <Predicate = (!icmp_ln203_6)> <Delay = 0.00>
ST_7 : Operation 83 [1/1] (0.00ns)   --->   "call void (...)* @_ssdm_op_SpecLoopName([14 x i8]* @p_str13) nounwind" [firmware/nnet_utils/nnet_conv2d_resource.h:36->firmware/nnet_utils/nnet_conv2d.h:69->firmware/myproject.cpp:8]   --->   Operation 83 'specloopname' <Predicate = true> <Delay = 0.00>
ST_7 : Operation 84 [1/1] (0.00ns)   --->   "%tmp_i = call i32 (...)* @_ssdm_op_SpecRegionBegin([14 x i8]* @p_str13)" [firmware/nnet_utils/nnet_conv2d_resource.h:36->firmware/nnet_utils/nnet_conv2d.h:69->firmware/myproject.cpp:8]   --->   Operation 84 'specregionbegin' 'tmp_i' <Predicate = true> <Delay = 0.00>
ST_7 : Operation 85 [1/1] (0.00ns)   --->   "call void (...)* @_ssdm_op_SpecLoopName([10 x i8]* @p_str16) nounwind" [firmware/nnet_utils/nnet_conv2d_resource.h:53->firmware/nnet_utils/nnet_conv2d.h:69->firmware/myproject.cpp:8]   --->   Operation 85 'specloopname' <Predicate = true> <Delay = 0.00>
ST_7 : Operation 86 [1/1] (0.00ns)   --->   "%tmp_7_i = call i32 (...)* @_ssdm_op_SpecRegionBegin([10 x i8]* @p_str16)" [firmware/nnet_utils/nnet_conv2d_resource.h:53->firmware/nnet_utils/nnet_conv2d.h:69->firmware/myproject.cpp:8]   --->   Operation 86 'specregionbegin' 'tmp_7_i' <Predicate = true> <Delay = 0.00>
ST_7 : Operation 87 [1/1] (0.00ns)   --->   "call void (...)* @_ssdm_op_SpecPipeline(i32 1, i32 1, i32 1, i32 0, [1 x i8]* @p_str7) nounwind" [firmware/nnet_utils/nnet_conv2d_resource.h:54->firmware/nnet_utils/nnet_conv2d.h:69->firmware/myproject.cpp:8]   --->   Operation 87 'specpipeline' <Predicate = true> <Delay = 0.00>
ST_7 : Operation 88 [1/1] (0.00ns)   --->   "%sext_ln1118 = sext i16 %data_buf_V_0_0_i to i25" [firmware/nnet_utils/nnet_mult.h:73->firmware/nnet_utils/nnet_conv2d_resource.h:70->firmware/nnet_utils/nnet_conv2d.h:69->firmware/myproject.cpp:8]   --->   Operation 88 'sext' 'sext_ln1118' <Predicate = true> <Delay = 0.00>
ST_7 : Operation 89 [1/1] (0.00ns)   --->   "%acc_0_1_V = sext i12 %trunc_ln708_s to i16" [firmware/nnet_utils/nnet_conv2d_resource.h:70->firmware/nnet_utils/nnet_conv2d.h:69->firmware/myproject.cpp:8]   --->   Operation 89 'sext' 'acc_0_1_V' <Predicate = true> <Delay = 0.00>
ST_7 : Operation 90 [1/1] (2.53ns) (root node of the DSP)   --->   "%mul_ln1118_13 = mul i26 %sext_ln1118_6, -597" [firmware/nnet_utils/nnet_mult.h:73->firmware/nnet_utils/nnet_conv2d_resource.h:70->firmware/nnet_utils/nnet_conv2d.h:69->firmware/myproject.cpp:8]   --->   Operation 90 'mul' 'mul_ln1118_13' <Predicate = true> <Delay = 2.53> <Core = "DSP48">   --->   Core 88 'DSP48' <Latency = 0> <II = 1> <Delay = 2.53> <IPBlock> <Opcode : 'mul' 'add' 'sub' 'select'> <InPorts = 2> <OutPorts = 1> <Sync> <CReg>
ST_7 : Operation 91 [1/1] (0.00ns)   --->   "%acc_0_5_V = call i16 @_ssdm_op_PartSelect.i16.i26.i32.i32(i26 %mul_ln1118_13, i32 10, i32 25)" [firmware/nnet_utils/nnet_conv2d_resource.h:70->firmware/nnet_utils/nnet_conv2d.h:69->firmware/myproject.cpp:8]   --->   Operation 91 'partselect' 'acc_0_5_V' <Predicate = true> <Delay = 0.00>
ST_7 : Operation 92 [1/1] (2.53ns) (root node of the DSP)   --->   "%mul_ln1118_14 = mul i25 %sext_ln1118, 221" [firmware/nnet_utils/nnet_mult.h:73->firmware/nnet_utils/nnet_conv2d_resource.h:70->firmware/nnet_utils/nnet_conv2d.h:69->firmware/myproject.cpp:8]   --->   Operation 92 'mul' 'mul_ln1118_14' <Predicate = true> <Delay = 2.53> <Core = "DSP48">   --->   Core 88 'DSP48' <Latency = 0> <II = 1> <Delay = 2.53> <IPBlock> <Opcode : 'mul' 'add' 'sub' 'select'> <InPorts = 2> <OutPorts = 1> <Sync> <CReg>
ST_7 : Operation 93 [1/1] (0.00ns)   --->   "%trunc_ln708_1 = call i15 @_ssdm_op_PartSelect.i15.i25.i32.i32(i25 %mul_ln1118_14, i32 10, i32 24)" [firmware/nnet_utils/nnet_conv2d_resource.h:70->firmware/nnet_utils/nnet_conv2d.h:69->firmware/myproject.cpp:8]   --->   Operation 93 'partselect' 'trunc_ln708_1' <Predicate = true> <Delay = 0.00>
ST_7 : Operation 94 [1/1] (0.00ns)   --->   "%acc_0_6_V = sext i15 %trunc_ln708_1 to i16" [firmware/nnet_utils/nnet_conv2d_resource.h:70->firmware/nnet_utils/nnet_conv2d.h:69->firmware/myproject.cpp:8]   --->   Operation 94 'sext' 'acc_0_6_V' <Predicate = true> <Delay = 0.00>
ST_7 : Operation 95 [1/1] (2.53ns) (root node of the DSP)   --->   "%mul_ln1118_15 = mul i26 %sext_ln1118_6, 424" [firmware/nnet_utils/nnet_mult.h:73->firmware/nnet_utils/nnet_conv2d_resource.h:70->firmware/nnet_utils/nnet_conv2d.h:69->firmware/myproject.cpp:8]   --->   Operation 95 'mul' 'mul_ln1118_15' <Predicate = true> <Delay = 2.53> <Core = "DSP48">   --->   Core 88 'DSP48' <Latency = 0> <II = 1> <Delay = 2.53> <IPBlock> <Opcode : 'mul' 'add' 'sub' 'select'> <InPorts = 2> <OutPorts = 1> <Sync> <CReg>
ST_7 : Operation 96 [1/1] (0.00ns)   --->   "%acc_0_7_V = call i16 @_ssdm_op_PartSelect.i16.i26.i32.i32(i26 %mul_ln1118_15, i32 10, i32 25)" [firmware/nnet_utils/nnet_conv2d_resource.h:70->firmware/nnet_utils/nnet_conv2d.h:69->firmware/myproject.cpp:8]   --->   Operation 96 'partselect' 'acc_0_7_V' <Predicate = true> <Delay = 0.00>
ST_7 : Operation 97 [1/1] (2.53ns) (root node of the DSP)   --->   "%mul_ln1118_16 = mul i26 %sext_ln1118_6, 395" [firmware/nnet_utils/nnet_mult.h:73->firmware/nnet_utils/nnet_conv2d_resource.h:70->firmware/nnet_utils/nnet_conv2d.h:69->firmware/myproject.cpp:8]   --->   Operation 97 'mul' 'mul_ln1118_16' <Predicate = true> <Delay = 2.53> <Core = "DSP48">   --->   Core 88 'DSP48' <Latency = 0> <II = 1> <Delay = 2.53> <IPBlock> <Opcode : 'mul' 'add' 'sub' 'select'> <InPorts = 2> <OutPorts = 1> <Sync> <CReg>
ST_7 : Operation 98 [1/1] (0.00ns)   --->   "%acc_0_8_V = call i16 @_ssdm_op_PartSelect.i16.i26.i32.i32(i26 %mul_ln1118_16, i32 10, i32 25)" [firmware/nnet_utils/nnet_conv2d_resource.h:70->firmware/nnet_utils/nnet_conv2d.h:69->firmware/myproject.cpp:8]   --->   Operation 98 'partselect' 'acc_0_8_V' <Predicate = true> <Delay = 0.00>
ST_7 : Operation 99 [1/1] (2.53ns) (root node of the DSP)   --->   "%mul_ln1118_17 = mul i26 %sext_ln1118_6, -699" [firmware/nnet_utils/nnet_mult.h:73->firmware/nnet_utils/nnet_conv2d_resource.h:70->firmware/nnet_utils/nnet_conv2d.h:69->firmware/myproject.cpp:8]   --->   Operation 99 'mul' 'mul_ln1118_17' <Predicate = (icmp_ln203_5 & !icmp_ln203_6)> <Delay = 2.53> <Core = "DSP48">   --->   Core 88 'DSP48' <Latency = 0> <II = 1> <Delay = 2.53> <IPBlock> <Opcode : 'mul' 'add' 'sub' 'select'> <InPorts = 2> <OutPorts = 1> <Sync> <CReg>
ST_7 : Operation 100 [1/1] (0.00ns) (grouped into LUT with out node res_9_V_1)   --->   "%acc_0_9_V = call i16 @_ssdm_op_PartSelect.i16.i26.i32.i32(i26 %mul_ln1118_17, i32 10, i32 25)" [firmware/nnet_utils/nnet_conv2d_resource.h:70->firmware/nnet_utils/nnet_conv2d.h:69->firmware/myproject.cpp:8]   --->   Operation 100 'partselect' 'acc_0_9_V' <Predicate = (icmp_ln203_5 & !icmp_ln203_6)> <Delay = 0.00>
ST_7 : Operation 101 [1/1] (0.00ns)   --->   "%empty = call i32 (...)* @_ssdm_op_SpecRegionEnd([10 x i8]* @p_str16, i32 %tmp_7_i)" [firmware/nnet_utils/nnet_conv2d_resource.h:89->firmware/nnet_utils/nnet_conv2d.h:69->firmware/myproject.cpp:8]   --->   Operation 101 'specregionend' 'empty' <Predicate = true> <Delay = 0.00>
ST_7 : Operation 102 [1/1] (0.00ns) (grouped into LUT with out node res_0_V_1)   --->   "%select_ln203_17 = select i1 %icmp_ln203_5, i16 %trunc_ln, i16 %res_0_V_02168_load" [firmware/nnet_utils/nnet_conv2d_resource.h:98->firmware/nnet_utils/nnet_conv2d.h:69->firmware/myproject.cpp:8]   --->   Operation 102 'select' 'select_ln203_17' <Predicate = (!icmp_ln203_6)> <Delay = 0.00> <Core = "Sel">   --->   Core 26 'Sel' <Latency = 0> <II = 1> <Delay = 0.24> <FuncUnit> <Opcode : 'select'> <InPorts = 3> <OutPorts = 1>
ST_7 : Operation 103 [1/1] (0.24ns) (out node of the LUT)   --->   "%res_0_V_1 = select i1 %icmp_ln203_6, i16 %res_0_V_02168_load, i16 %select_ln203_17" [firmware/nnet_utils/nnet_conv2d_resource.h:98->firmware/nnet_utils/nnet_conv2d.h:69->firmware/myproject.cpp:8]   --->   Operation 103 'select' 'res_0_V_1' <Predicate = true> <Delay = 0.24> <Core = "Sel">   --->   Core 26 'Sel' <Latency = 0> <II = 1> <Delay = 0.24> <FuncUnit> <Opcode : 'select'> <InPorts = 3> <OutPorts = 1>
ST_7 : Operation 104 [1/1] (0.24ns)   --->   "%res_10_V_1 = select i1 %icmp_ln203_6, i16 %trunc_ln, i16 %res_10_V_03128_load" [firmware/nnet_utils/nnet_conv2d_resource.h:98->firmware/nnet_utils/nnet_conv2d.h:69->firmware/myproject.cpp:8]   --->   Operation 104 'select' 'res_10_V_1' <Predicate = true> <Delay = 0.24> <Core = "Sel">   --->   Core 26 'Sel' <Latency = 0> <II = 1> <Delay = 0.24> <FuncUnit> <Opcode : 'select'> <InPorts = 3> <OutPorts = 1>
ST_7 : Operation 105 [1/1] (0.00ns) (grouped into LUT with out node res_1_V_1)   --->   "%select_ln203 = select i1 %icmp_ln203, i16 %acc_0_1_V, i16 %res_1_V_02456_load" [firmware/nnet_utils/nnet_conv2d_resource.h:98->firmware/nnet_utils/nnet_conv2d.h:69->firmware/myproject.cpp:8]   --->   Operation 105 'select' 'select_ln203' <Predicate = (!icmp_ln203_4)> <Delay = 0.00> <Core = "Sel">   --->   Core 26 'Sel' <Latency = 0> <II = 1> <Delay = 0.24> <FuncUnit> <Opcode : 'select'> <InPorts = 3> <OutPorts = 1>
ST_7 : Operation 106 [1/1] (0.24ns) (out node of the LUT)   --->   "%res_1_V_1 = select i1 %icmp_ln203_4, i16 %res_1_V_02456_load, i16 %select_ln203" [firmware/nnet_utils/nnet_conv2d_resource.h:98->firmware/nnet_utils/nnet_conv2d.h:69->firmware/myproject.cpp:8]   --->   Operation 106 'select' 'res_1_V_1' <Predicate = true> <Delay = 0.24> <Core = "Sel">   --->   Core 26 'Sel' <Latency = 0> <II = 1> <Delay = 0.24> <FuncUnit> <Opcode : 'select'> <InPorts = 3> <OutPorts = 1>
ST_7 : Operation 107 [1/1] (0.24ns)   --->   "%res_11_V_1 = select i1 %icmp_ln203_4, i16 %acc_0_1_V, i16 %res_11_V_02934_load" [firmware/nnet_utils/nnet_conv2d_resource.h:98->firmware/nnet_utils/nnet_conv2d.h:69->firmware/myproject.cpp:8]   --->   Operation 107 'select' 'res_11_V_1' <Predicate = true> <Delay = 0.24> <Core = "Sel">   --->   Core 26 'Sel' <Latency = 0> <II = 1> <Delay = 0.24> <FuncUnit> <Opcode : 'select'> <InPorts = 3> <OutPorts = 1>
ST_7 : Operation 108 [1/1] (0.24ns)   --->   "%res_18_V_1 = select i1 %icmp_ln203_6, i16 %acc_0_8_V, i16 %res_18_V_01976_load" [firmware/nnet_utils/nnet_conv2d_resource.h:98->firmware/nnet_utils/nnet_conv2d.h:69->firmware/myproject.cpp:8]   --->   Operation 108 'select' 'res_18_V_1' <Predicate = true> <Delay = 0.24> <Core = "Sel">   --->   Core 26 'Sel' <Latency = 0> <II = 1> <Delay = 0.24> <FuncUnit> <Opcode : 'select'> <InPorts = 3> <OutPorts = 1>
ST_7 : Operation 109 [1/1] (0.24ns)   --->   "%res_17_V_1 = select i1 %icmp_ln203_6, i16 %acc_0_7_V, i16 %res_17_V_02070_load" [firmware/nnet_utils/nnet_conv2d_resource.h:98->firmware/nnet_utils/nnet_conv2d.h:69->firmware/myproject.cpp:8]   --->   Operation 109 'select' 'res_17_V_1' <Predicate = true> <Delay = 0.24> <Core = "Sel">   --->   Core 26 'Sel' <Latency = 0> <II = 1> <Delay = 0.24> <FuncUnit> <Opcode : 'select'> <InPorts = 3> <OutPorts = 1>
ST_7 : Operation 110 [1/1] (0.24ns)   --->   "%res_16_V_1 = select i1 %icmp_ln203_6, i16 %acc_0_6_V, i16 %res_16_V_02264_load" [firmware/nnet_utils/nnet_conv2d_resource.h:98->firmware/nnet_utils/nnet_conv2d.h:69->firmware/myproject.cpp:8]   --->   Operation 110 'select' 'res_16_V_1' <Predicate = true> <Delay = 0.24> <Core = "Sel">   --->   Core 26 'Sel' <Latency = 0> <II = 1> <Delay = 0.24> <FuncUnit> <Opcode : 'select'> <InPorts = 3> <OutPorts = 1>
ST_7 : Operation 111 [1/1] (0.24ns)   --->   "%res_15_V_1 = select i1 %icmp_ln203_6, i16 %acc_0_5_V, i16 %res_15_V_02358_load" [firmware/nnet_utils/nnet_conv2d_resource.h:98->firmware/nnet_utils/nnet_conv2d.h:69->firmware/myproject.cpp:8]   --->   Operation 111 'select' 'res_15_V_1' <Predicate = true> <Delay = 0.24> <Core = "Sel">   --->   Core 26 'Sel' <Latency = 0> <II = 1> <Delay = 0.24> <FuncUnit> <Opcode : 'select'> <InPorts = 3> <OutPorts = 1>
ST_7 : Operation 112 [1/1] (0.24ns)   --->   "%res_14_V_1 = select i1 %icmp_ln203_6, i16 %acc_0_4_V, i16 %res_14_V_02552_load" [firmware/nnet_utils/nnet_conv2d_resource.h:98->firmware/nnet_utils/nnet_conv2d.h:69->firmware/myproject.cpp:8]   --->   Operation 112 'select' 'res_14_V_1' <Predicate = true> <Delay = 0.24> <Core = "Sel">   --->   Core 26 'Sel' <Latency = 0> <II = 1> <Delay = 0.24> <FuncUnit> <Opcode : 'select'> <InPorts = 3> <OutPorts = 1>
ST_7 : Operation 113 [1/1] (0.24ns)   --->   "%res_13_V_1 = select i1 %icmp_ln203_6, i16 %acc_0_3_V, i16 %res_13_V_02646_load" [firmware/nnet_utils/nnet_conv2d_resource.h:98->firmware/nnet_utils/nnet_conv2d.h:69->firmware/myproject.cpp:8]   --->   Operation 113 'select' 'res_13_V_1' <Predicate = true> <Delay = 0.24> <Core = "Sel">   --->   Core 26 'Sel' <Latency = 0> <II = 1> <Delay = 0.24> <FuncUnit> <Opcode : 'select'> <InPorts = 3> <OutPorts = 1>
ST_7 : Operation 114 [1/1] (0.00ns) (grouped into LUT with out node res_2_V_1)   --->   "%select_ln203_9 = select i1 %icmp_ln203_5, i16 %acc_0_2_V, i16 %res_2_V_02744_load" [firmware/nnet_utils/nnet_conv2d_resource.h:98->firmware/nnet_utils/nnet_conv2d.h:69->firmware/myproject.cpp:8]   --->   Operation 114 'select' 'select_ln203_9' <Predicate = (!icmp_ln203_6)> <Delay = 0.00> <Core = "Sel">   --->   Core 26 'Sel' <Latency = 0> <II = 1> <Delay = 0.24> <FuncUnit> <Opcode : 'select'> <InPorts = 3> <OutPorts = 1>
ST_7 : Operation 115 [1/1] (0.24ns) (out node of the LUT)   --->   "%res_2_V_1 = select i1 %icmp_ln203_6, i16 %res_2_V_02744_load, i16 %select_ln203_9" [firmware/nnet_utils/nnet_conv2d_resource.h:98->firmware/nnet_utils/nnet_conv2d.h:69->firmware/myproject.cpp:8]   --->   Operation 115 'select' 'res_2_V_1' <Predicate = true> <Delay = 0.24> <Core = "Sel">   --->   Core 26 'Sel' <Latency = 0> <II = 1> <Delay = 0.24> <FuncUnit> <Opcode : 'select'> <InPorts = 3> <OutPorts = 1>
ST_7 : Operation 116 [1/1] (0.24ns)   --->   "%res_12_V_1 = select i1 %icmp_ln203_6, i16 %acc_0_2_V, i16 %res_12_V_02840_load" [firmware/nnet_utils/nnet_conv2d_resource.h:98->firmware/nnet_utils/nnet_conv2d.h:69->firmware/myproject.cpp:8]   --->   Operation 116 'select' 'res_12_V_1' <Predicate = true> <Delay = 0.24> <Core = "Sel">   --->   Core 26 'Sel' <Latency = 0> <II = 1> <Delay = 0.24> <FuncUnit> <Opcode : 'select'> <InPorts = 3> <OutPorts = 1>
ST_7 : Operation 117 [1/1] (0.00ns) (grouped into LUT with out node res_3_V_1)   --->   "%select_ln203_10 = select i1 %icmp_ln203_5, i16 %acc_0_3_V, i16 %res_3_V_03032_load" [firmware/nnet_utils/nnet_conv2d_resource.h:98->firmware/nnet_utils/nnet_conv2d.h:69->firmware/myproject.cpp:8]   --->   Operation 117 'select' 'select_ln203_10' <Predicate = (!icmp_ln203_6)> <Delay = 0.00> <Core = "Sel">   --->   Core 26 'Sel' <Latency = 0> <II = 1> <Delay = 0.24> <FuncUnit> <Opcode : 'select'> <InPorts = 3> <OutPorts = 1>
ST_7 : Operation 118 [1/1] (0.24ns) (out node of the LUT)   --->   "%res_3_V_1 = select i1 %icmp_ln203_6, i16 %res_3_V_03032_load, i16 %select_ln203_10" [firmware/nnet_utils/nnet_conv2d_resource.h:98->firmware/nnet_utils/nnet_conv2d.h:69->firmware/myproject.cpp:8]   --->   Operation 118 'select' 'res_3_V_1' <Predicate = true> <Delay = 0.24> <Core = "Sel">   --->   Core 26 'Sel' <Latency = 0> <II = 1> <Delay = 0.24> <FuncUnit> <Opcode : 'select'> <InPorts = 3> <OutPorts = 1>
ST_7 : Operation 119 [1/1] (0.00ns) (grouped into LUT with out node res_9_V_1)   --->   "%select_ln203_11 = select i1 %icmp_ln203_5, i16 %acc_0_9_V, i16 %res_9_V_03222_load" [firmware/nnet_utils/nnet_conv2d_resource.h:98->firmware/nnet_utils/nnet_conv2d.h:69->firmware/myproject.cpp:8]   --->   Operation 119 'select' 'select_ln203_11' <Predicate = (!icmp_ln203_6)> <Delay = 0.00> <Core = "Sel">   --->   Core 26 'Sel' <Latency = 0> <II = 1> <Delay = 0.24> <FuncUnit> <Opcode : 'select'> <InPorts = 3> <OutPorts = 1>
ST_7 : Operation 120 [1/1] (0.24ns) (out node of the LUT)   --->   "%res_9_V_1 = select i1 %icmp_ln203_6, i16 %res_9_V_03222_load, i16 %select_ln203_11" [firmware/nnet_utils/nnet_conv2d_resource.h:98->firmware/nnet_utils/nnet_conv2d.h:69->firmware/myproject.cpp:8]   --->   Operation 120 'select' 'res_9_V_1' <Predicate = true> <Delay = 0.24> <Core = "Sel">   --->   Core 26 'Sel' <Latency = 0> <II = 1> <Delay = 0.24> <FuncUnit> <Opcode : 'select'> <InPorts = 3> <OutPorts = 1>
ST_7 : Operation 121 [1/1] (0.00ns) (grouped into LUT with out node res_4_V_1)   --->   "%select_ln203_12 = select i1 %icmp_ln203_5, i16 %acc_0_4_V, i16 %res_4_V_03320_load" [firmware/nnet_utils/nnet_conv2d_resource.h:98->firmware/nnet_utils/nnet_conv2d.h:69->firmware/myproject.cpp:8]   --->   Operation 121 'select' 'select_ln203_12' <Predicate = (!icmp_ln203_6)> <Delay = 0.00> <Core = "Sel">   --->   Core 26 'Sel' <Latency = 0> <II = 1> <Delay = 0.24> <FuncUnit> <Opcode : 'select'> <InPorts = 3> <OutPorts = 1>
ST_7 : Operation 122 [1/1] (0.24ns) (out node of the LUT)   --->   "%res_4_V_1 = select i1 %icmp_ln203_6, i16 %res_4_V_03320_load, i16 %select_ln203_12" [firmware/nnet_utils/nnet_conv2d_resource.h:98->firmware/nnet_utils/nnet_conv2d.h:69->firmware/myproject.cpp:8]   --->   Operation 122 'select' 'res_4_V_1' <Predicate = true> <Delay = 0.24> <Core = "Sel">   --->   Core 26 'Sel' <Latency = 0> <II = 1> <Delay = 0.24> <FuncUnit> <Opcode : 'select'> <InPorts = 3> <OutPorts = 1>
ST_7 : Operation 123 [1/1] (0.00ns) (grouped into LUT with out node res_8_V_1)   --->   "%select_ln203_13 = select i1 %icmp_ln203_5, i16 %acc_0_8_V, i16 %res_8_V_03416_load" [firmware/nnet_utils/nnet_conv2d_resource.h:98->firmware/nnet_utils/nnet_conv2d.h:69->firmware/myproject.cpp:8]   --->   Operation 123 'select' 'select_ln203_13' <Predicate = (!icmp_ln203_6)> <Delay = 0.00> <Core = "Sel">   --->   Core 26 'Sel' <Latency = 0> <II = 1> <Delay = 0.24> <FuncUnit> <Opcode : 'select'> <InPorts = 3> <OutPorts = 1>
ST_7 : Operation 124 [1/1] (0.24ns) (out node of the LUT)   --->   "%res_8_V_1 = select i1 %icmp_ln203_6, i16 %res_8_V_03416_load, i16 %select_ln203_13" [firmware/nnet_utils/nnet_conv2d_resource.h:98->firmware/nnet_utils/nnet_conv2d.h:69->firmware/myproject.cpp:8]   --->   Operation 124 'select' 'res_8_V_1' <Predicate = true> <Delay = 0.24> <Core = "Sel">   --->   Core 26 'Sel' <Latency = 0> <II = 1> <Delay = 0.24> <FuncUnit> <Opcode : 'select'> <InPorts = 3> <OutPorts = 1>
ST_7 : Operation 125 [1/1] (0.00ns) (grouped into LUT with out node res_7_V_1)   --->   "%select_ln203_14 = select i1 %icmp_ln203_5, i16 %acc_0_7_V, i16 %res_7_V_03510_load" [firmware/nnet_utils/nnet_conv2d_resource.h:98->firmware/nnet_utils/nnet_conv2d.h:69->firmware/myproject.cpp:8]   --->   Operation 125 'select' 'select_ln203_14' <Predicate = (!icmp_ln203_6)> <Delay = 0.00> <Core = "Sel">   --->   Core 26 'Sel' <Latency = 0> <II = 1> <Delay = 0.24> <FuncUnit> <Opcode : 'select'> <InPorts = 3> <OutPorts = 1>
ST_7 : Operation 126 [1/1] (0.24ns) (out node of the LUT)   --->   "%res_7_V_1 = select i1 %icmp_ln203_6, i16 %res_7_V_03510_load, i16 %select_ln203_14" [firmware/nnet_utils/nnet_conv2d_resource.h:98->firmware/nnet_utils/nnet_conv2d.h:69->firmware/myproject.cpp:8]   --->   Operation 126 'select' 'res_7_V_1' <Predicate = true> <Delay = 0.24> <Core = "Sel">   --->   Core 26 'Sel' <Latency = 0> <II = 1> <Delay = 0.24> <FuncUnit> <Opcode : 'select'> <InPorts = 3> <OutPorts = 1>
ST_7 : Operation 127 [1/1] (0.00ns) (grouped into LUT with out node res_5_V_1)   --->   "%select_ln203_15 = select i1 %icmp_ln203_5, i16 %acc_0_5_V, i16 %res_5_V_0368_load" [firmware/nnet_utils/nnet_conv2d_resource.h:98->firmware/nnet_utils/nnet_conv2d.h:69->firmware/myproject.cpp:8]   --->   Operation 127 'select' 'select_ln203_15' <Predicate = (!icmp_ln203_6)> <Delay = 0.00> <Core = "Sel">   --->   Core 26 'Sel' <Latency = 0> <II = 1> <Delay = 0.24> <FuncUnit> <Opcode : 'select'> <InPorts = 3> <OutPorts = 1>
ST_7 : Operation 128 [1/1] (0.24ns) (out node of the LUT)   --->   "%res_5_V_1 = select i1 %icmp_ln203_6, i16 %res_5_V_0368_load, i16 %select_ln203_15" [firmware/nnet_utils/nnet_conv2d_resource.h:98->firmware/nnet_utils/nnet_conv2d.h:69->firmware/myproject.cpp:8]   --->   Operation 128 'select' 'res_5_V_1' <Predicate = true> <Delay = 0.24> <Core = "Sel">   --->   Core 26 'Sel' <Latency = 0> <II = 1> <Delay = 0.24> <FuncUnit> <Opcode : 'select'> <InPorts = 3> <OutPorts = 1>
ST_7 : Operation 129 [1/1] (0.00ns) (grouped into LUT with out node res_6_V_1)   --->   "%select_ln203_16 = select i1 %icmp_ln203_5, i16 %acc_0_6_V, i16 %res_6_V_0374_load" [firmware/nnet_utils/nnet_conv2d_resource.h:98->firmware/nnet_utils/nnet_conv2d.h:69->firmware/myproject.cpp:8]   --->   Operation 129 'select' 'select_ln203_16' <Predicate = (!icmp_ln203_6)> <Delay = 0.00> <Core = "Sel">   --->   Core 26 'Sel' <Latency = 0> <II = 1> <Delay = 0.24> <FuncUnit> <Opcode : 'select'> <InPorts = 3> <OutPorts = 1>
ST_7 : Operation 130 [1/1] (0.24ns) (out node of the LUT)   --->   "%res_6_V_1 = select i1 %icmp_ln203_6, i16 %res_6_V_0374_load, i16 %select_ln203_16" [firmware/nnet_utils/nnet_conv2d_resource.h:98->firmware/nnet_utils/nnet_conv2d.h:69->firmware/myproject.cpp:8]   --->   Operation 130 'select' 'res_6_V_1' <Predicate = true> <Delay = 0.24> <Core = "Sel">   --->   Core 26 'Sel' <Latency = 0> <II = 1> <Delay = 0.24> <FuncUnit> <Opcode : 'select'> <InPorts = 3> <OutPorts = 1>
ST_7 : Operation 131 [1/1] (0.00ns)   --->   "%empty_16 = call i32 (...)* @_ssdm_op_SpecRegionEnd([14 x i8]* @p_str13, i32 %tmp_i)" [firmware/nnet_utils/nnet_conv2d_resource.h:101->firmware/nnet_utils/nnet_conv2d.h:69->firmware/myproject.cpp:8]   --->   Operation 131 'specregionend' 'empty_16' <Predicate = true> <Delay = 0.00>
ST_7 : Operation 132 [1/1] (0.00ns)   --->   "%empty_17 = call i32 (...)* @_ssdm_op_SpecLoopTripCount(i64 57, i64 57, i64 57)"   --->   Operation 132 'speclooptripcount' 'empty_17' <Predicate = true> <Delay = 0.00>
ST_7 : Operation 133 [1/1] (0.00ns)   --->   "store i16 %res_18_V_1, i16* %res_18_V_01976" [firmware/nnet_utils/nnet_conv2d_resource.h:36->firmware/nnet_utils/nnet_conv2d.h:69->firmware/myproject.cpp:8]   --->   Operation 133 'store' <Predicate = true> <Delay = 0.00>
ST_7 : Operation 134 [1/1] (0.00ns)   --->   "store i16 %res_17_V_1, i16* %res_17_V_02070" [firmware/nnet_utils/nnet_conv2d_resource.h:36->firmware/nnet_utils/nnet_conv2d.h:69->firmware/myproject.cpp:8]   --->   Operation 134 'store' <Predicate = true> <Delay = 0.00>
ST_7 : Operation 135 [1/1] (0.00ns)   --->   "store i16 %res_0_V_1, i16* %res_0_V_02168" [firmware/nnet_utils/nnet_conv2d_resource.h:36->firmware/nnet_utils/nnet_conv2d.h:69->firmware/myproject.cpp:8]   --->   Operation 135 'store' <Predicate = true> <Delay = 0.00>
ST_7 : Operation 136 [1/1] (0.00ns)   --->   "store i16 %res_16_V_1, i16* %res_16_V_02264" [firmware/nnet_utils/nnet_conv2d_resource.h:36->firmware/nnet_utils/nnet_conv2d.h:69->firmware/myproject.cpp:8]   --->   Operation 136 'store' <Predicate = true> <Delay = 0.00>
ST_7 : Operation 137 [1/1] (0.00ns)   --->   "store i16 %res_15_V_1, i16* %res_15_V_02358" [firmware/nnet_utils/nnet_conv2d_resource.h:36->firmware/nnet_utils/nnet_conv2d.h:69->firmware/myproject.cpp:8]   --->   Operation 137 'store' <Predicate = true> <Delay = 0.00>
ST_7 : Operation 138 [1/1] (0.00ns)   --->   "store i16 %res_1_V_1, i16* %res_1_V_02456" [firmware/nnet_utils/nnet_conv2d_resource.h:36->firmware/nnet_utils/nnet_conv2d.h:69->firmware/myproject.cpp:8]   --->   Operation 138 'store' <Predicate = true> <Delay = 0.00>
ST_7 : Operation 139 [1/1] (0.00ns)   --->   "store i16 %res_14_V_1, i16* %res_14_V_02552" [firmware/nnet_utils/nnet_conv2d_resource.h:36->firmware/nnet_utils/nnet_conv2d.h:69->firmware/myproject.cpp:8]   --->   Operation 139 'store' <Predicate = true> <Delay = 0.00>
ST_7 : Operation 140 [1/1] (0.00ns)   --->   "store i16 %res_13_V_1, i16* %res_13_V_02646" [firmware/nnet_utils/nnet_conv2d_resource.h:36->firmware/nnet_utils/nnet_conv2d.h:69->firmware/myproject.cpp:8]   --->   Operation 140 'store' <Predicate = true> <Delay = 0.00>
ST_7 : Operation 141 [1/1] (0.00ns)   --->   "store i16 %res_2_V_1, i16* %res_2_V_02744" [firmware/nnet_utils/nnet_conv2d_resource.h:36->firmware/nnet_utils/nnet_conv2d.h:69->firmware/myproject.cpp:8]   --->   Operation 141 'store' <Predicate = true> <Delay = 0.00>
ST_7 : Operation 142 [1/1] (0.00ns)   --->   "store i16 %res_12_V_1, i16* %res_12_V_02840" [firmware/nnet_utils/nnet_conv2d_resource.h:36->firmware/nnet_utils/nnet_conv2d.h:69->firmware/myproject.cpp:8]   --->   Operation 142 'store' <Predicate = true> <Delay = 0.00>
ST_7 : Operation 143 [1/1] (0.00ns)   --->   "store i16 %res_11_V_1, i16* %res_11_V_02934" [firmware/nnet_utils/nnet_conv2d_resource.h:36->firmware/nnet_utils/nnet_conv2d.h:69->firmware/myproject.cpp:8]   --->   Operation 143 'store' <Predicate = true> <Delay = 0.00>
ST_7 : Operation 144 [1/1] (0.00ns)   --->   "store i16 %res_3_V_1, i16* %res_3_V_03032" [firmware/nnet_utils/nnet_conv2d_resource.h:36->firmware/nnet_utils/nnet_conv2d.h:69->firmware/myproject.cpp:8]   --->   Operation 144 'store' <Predicate = true> <Delay = 0.00>
ST_7 : Operation 145 [1/1] (0.00ns)   --->   "store i16 %res_10_V_1, i16* %res_10_V_03128" [firmware/nnet_utils/nnet_conv2d_resource.h:36->firmware/nnet_utils/nnet_conv2d.h:69->firmware/myproject.cpp:8]   --->   Operation 145 'store' <Predicate = true> <Delay = 0.00>
ST_7 : Operation 146 [1/1] (0.00ns)   --->   "store i16 %res_9_V_1, i16* %res_9_V_03222" [firmware/nnet_utils/nnet_conv2d_resource.h:36->firmware/nnet_utils/nnet_conv2d.h:69->firmware/myproject.cpp:8]   --->   Operation 146 'store' <Predicate = true> <Delay = 0.00>
ST_7 : Operation 147 [1/1] (0.00ns)   --->   "store i16 %res_4_V_1, i16* %res_4_V_03320" [firmware/nnet_utils/nnet_conv2d_resource.h:36->firmware/nnet_utils/nnet_conv2d.h:69->firmware/myproject.cpp:8]   --->   Operation 147 'store' <Predicate = true> <Delay = 0.00>
ST_7 : Operation 148 [1/1] (0.00ns)   --->   "store i16 %res_8_V_1, i16* %res_8_V_03416" [firmware/nnet_utils/nnet_conv2d_resource.h:36->firmware/nnet_utils/nnet_conv2d.h:69->firmware/myproject.cpp:8]   --->   Operation 148 'store' <Predicate = true> <Delay = 0.00>
ST_7 : Operation 149 [1/1] (0.00ns)   --->   "store i16 %res_7_V_1, i16* %res_7_V_03510" [firmware/nnet_utils/nnet_conv2d_resource.h:36->firmware/nnet_utils/nnet_conv2d.h:69->firmware/myproject.cpp:8]   --->   Operation 149 'store' <Predicate = true> <Delay = 0.00>
ST_7 : Operation 150 [1/1] (0.00ns)   --->   "store i16 %res_5_V_1, i16* %res_5_V_0368" [firmware/nnet_utils/nnet_conv2d_resource.h:36->firmware/nnet_utils/nnet_conv2d.h:69->firmware/myproject.cpp:8]   --->   Operation 150 'store' <Predicate = true> <Delay = 0.00>
ST_7 : Operation 151 [1/1] (0.00ns)   --->   "store i16 %res_6_V_1, i16* %res_6_V_0374" [firmware/nnet_utils/nnet_conv2d_resource.h:36->firmware/nnet_utils/nnet_conv2d.h:69->firmware/myproject.cpp:8]   --->   Operation 151 'store' <Predicate = true> <Delay = 0.00>
ST_7 : Operation 152 [1/1] (0.00ns)   --->   "%mrv = insertvalue { i16, i16, i16, i16, i16, i16, i16, i16, i16, i16, i16, i16, i16, i16, i16, i16, i16, i16, i16 } undef, i16 %res_0_V_1, 0" [firmware/myproject.cpp:8]   --->   Operation 152 'insertvalue' 'mrv' <Predicate = (icmp_ln36)> <Delay = 0.00>
ST_7 : Operation 153 [1/1] (0.00ns)   --->   "%mrv_1 = insertvalue { i16, i16, i16, i16, i16, i16, i16, i16, i16, i16, i16, i16, i16, i16, i16, i16, i16, i16, i16 } %mrv, i16 %res_1_V_1, 1" [firmware/myproject.cpp:8]   --->   Operation 153 'insertvalue' 'mrv_1' <Predicate = (icmp_ln36)> <Delay = 0.00>
ST_7 : Operation 154 [1/1] (0.00ns)   --->   "%mrv_2 = insertvalue { i16, i16, i16, i16, i16, i16, i16, i16, i16, i16, i16, i16, i16, i16, i16, i16, i16, i16, i16 } %mrv_1, i16 %res_2_V_1, 2" [firmware/myproject.cpp:8]   --->   Operation 154 'insertvalue' 'mrv_2' <Predicate = (icmp_ln36)> <Delay = 0.00>
ST_7 : Operation 155 [1/1] (0.00ns)   --->   "%mrv_3 = insertvalue { i16, i16, i16, i16, i16, i16, i16, i16, i16, i16, i16, i16, i16, i16, i16, i16, i16, i16, i16 } %mrv_2, i16 %res_3_V_1, 3" [firmware/myproject.cpp:8]   --->   Operation 155 'insertvalue' 'mrv_3' <Predicate = (icmp_ln36)> <Delay = 0.00>
ST_7 : Operation 156 [1/1] (0.00ns)   --->   "%mrv_4 = insertvalue { i16, i16, i16, i16, i16, i16, i16, i16, i16, i16, i16, i16, i16, i16, i16, i16, i16, i16, i16 } %mrv_3, i16 %res_4_V_1, 4" [firmware/myproject.cpp:8]   --->   Operation 156 'insertvalue' 'mrv_4' <Predicate = (icmp_ln36)> <Delay = 0.00>
ST_7 : Operation 157 [1/1] (0.00ns)   --->   "%mrv_5 = insertvalue { i16, i16, i16, i16, i16, i16, i16, i16, i16, i16, i16, i16, i16, i16, i16, i16, i16, i16, i16 } %mrv_4, i16 %res_5_V_1, 5" [firmware/myproject.cpp:8]   --->   Operation 157 'insertvalue' 'mrv_5' <Predicate = (icmp_ln36)> <Delay = 0.00>
ST_7 : Operation 158 [1/1] (0.00ns)   --->   "%mrv_6 = insertvalue { i16, i16, i16, i16, i16, i16, i16, i16, i16, i16, i16, i16, i16, i16, i16, i16, i16, i16, i16 } %mrv_5, i16 %res_6_V_1, 6" [firmware/myproject.cpp:8]   --->   Operation 158 'insertvalue' 'mrv_6' <Predicate = (icmp_ln36)> <Delay = 0.00>
ST_7 : Operation 159 [1/1] (0.00ns)   --->   "%mrv_7 = insertvalue { i16, i16, i16, i16, i16, i16, i16, i16, i16, i16, i16, i16, i16, i16, i16, i16, i16, i16, i16 } %mrv_6, i16 %res_7_V_1, 7" [firmware/myproject.cpp:8]   --->   Operation 159 'insertvalue' 'mrv_7' <Predicate = (icmp_ln36)> <Delay = 0.00>
ST_7 : Operation 160 [1/1] (0.00ns)   --->   "%mrv_8 = insertvalue { i16, i16, i16, i16, i16, i16, i16, i16, i16, i16, i16, i16, i16, i16, i16, i16, i16, i16, i16 } %mrv_7, i16 %res_8_V_1, 8" [firmware/myproject.cpp:8]   --->   Operation 160 'insertvalue' 'mrv_8' <Predicate = (icmp_ln36)> <Delay = 0.00>
ST_7 : Operation 161 [1/1] (0.00ns)   --->   "%mrv_9 = insertvalue { i16, i16, i16, i16, i16, i16, i16, i16, i16, i16, i16, i16, i16, i16, i16, i16, i16, i16, i16 } %mrv_8, i16 %res_9_V_1, 9" [firmware/myproject.cpp:8]   --->   Operation 161 'insertvalue' 'mrv_9' <Predicate = (icmp_ln36)> <Delay = 0.00>
ST_7 : Operation 162 [1/1] (0.00ns)   --->   "%mrv_10 = insertvalue { i16, i16, i16, i16, i16, i16, i16, i16, i16, i16, i16, i16, i16, i16, i16, i16, i16, i16, i16 } %mrv_9, i16 %res_10_V_1, 10" [firmware/myproject.cpp:8]   --->   Operation 162 'insertvalue' 'mrv_10' <Predicate = (icmp_ln36)> <Delay = 0.00>
ST_7 : Operation 163 [1/1] (0.00ns)   --->   "%mrv_11 = insertvalue { i16, i16, i16, i16, i16, i16, i16, i16, i16, i16, i16, i16, i16, i16, i16, i16, i16, i16, i16 } %mrv_10, i16 %res_11_V_1, 11" [firmware/myproject.cpp:8]   --->   Operation 163 'insertvalue' 'mrv_11' <Predicate = (icmp_ln36)> <Delay = 0.00>
ST_7 : Operation 164 [1/1] (0.00ns)   --->   "%mrv_12 = insertvalue { i16, i16, i16, i16, i16, i16, i16, i16, i16, i16, i16, i16, i16, i16, i16, i16, i16, i16, i16 } %mrv_11, i16 %res_12_V_1, 12" [firmware/myproject.cpp:8]   --->   Operation 164 'insertvalue' 'mrv_12' <Predicate = (icmp_ln36)> <Delay = 0.00>
ST_7 : Operation 165 [1/1] (0.00ns)   --->   "%mrv_13 = insertvalue { i16, i16, i16, i16, i16, i16, i16, i16, i16, i16, i16, i16, i16, i16, i16, i16, i16, i16, i16 } %mrv_12, i16 %res_13_V_1, 13" [firmware/myproject.cpp:8]   --->   Operation 165 'insertvalue' 'mrv_13' <Predicate = (icmp_ln36)> <Delay = 0.00>
ST_7 : Operation 166 [1/1] (0.00ns)   --->   "%mrv_14 = insertvalue { i16, i16, i16, i16, i16, i16, i16, i16, i16, i16, i16, i16, i16, i16, i16, i16, i16, i16, i16 } %mrv_13, i16 %res_14_V_1, 14" [firmware/myproject.cpp:8]   --->   Operation 166 'insertvalue' 'mrv_14' <Predicate = (icmp_ln36)> <Delay = 0.00>
ST_7 : Operation 167 [1/1] (0.00ns)   --->   "%mrv_15 = insertvalue { i16, i16, i16, i16, i16, i16, i16, i16, i16, i16, i16, i16, i16, i16, i16, i16, i16, i16, i16 } %mrv_14, i16 %res_15_V_1, 15" [firmware/myproject.cpp:8]   --->   Operation 167 'insertvalue' 'mrv_15' <Predicate = (icmp_ln36)> <Delay = 0.00>
ST_7 : Operation 168 [1/1] (0.00ns)   --->   "%mrv_16 = insertvalue { i16, i16, i16, i16, i16, i16, i16, i16, i16, i16, i16, i16, i16, i16, i16, i16, i16, i16, i16 } %mrv_15, i16 %res_16_V_1, 16" [firmware/myproject.cpp:8]   --->   Operation 168 'insertvalue' 'mrv_16' <Predicate = (icmp_ln36)> <Delay = 0.00>
ST_7 : Operation 169 [1/1] (0.00ns)   --->   "%mrv_17 = insertvalue { i16, i16, i16, i16, i16, i16, i16, i16, i16, i16, i16, i16, i16, i16, i16, i16, i16, i16, i16 } %mrv_16, i16 %res_17_V_1, 17" [firmware/myproject.cpp:8]   --->   Operation 169 'insertvalue' 'mrv_17' <Predicate = (icmp_ln36)> <Delay = 0.00>
ST_7 : Operation 170 [1/1] (0.00ns)   --->   "%mrv_s = insertvalue { i16, i16, i16, i16, i16, i16, i16, i16, i16, i16, i16, i16, i16, i16, i16, i16, i16, i16, i16 } %mrv_17, i16 %res_18_V_1, 18" [firmware/myproject.cpp:8]   --->   Operation 170 'insertvalue' 'mrv_s' <Predicate = (icmp_ln36)> <Delay = 0.00>
ST_7 : Operation 171 [1/1] (0.00ns)   --->   "call void (...)* @_ssdm_op_Return({ i16, i16, i16, i16, i16, i16, i16, i16, i16, i16, i16, i16, i16, i16, i16, i16, i16, i16, i16 } %mrv_s)" [firmware/myproject.cpp:8]   --->   Operation 171 'return' <Predicate = (icmp_ln36)> <Delay = 0.00>


============================================================
+ Verbose Summary: Timing violations
============================================================
Target clock period: 5ns, clock uncertainty: 0.625ns.

 <State 1>: 0.603ns
The critical path consists of the following:
	multiplexor before 'phi' operation ('do_init') [25]  (0.603 ns)

 <State 2>: 0ns
The critical path consists of the following:

 <State 3>: 1.46ns
The critical path consists of the following:
	fifo read on port 'data_V' (firmware/nnet_utils/nnet_conv2d_resource.h:11->firmware/nnet_utils/nnet_conv2d.h:69) [31]  (1.46 ns)

 <State 4>: 4.26ns
The critical path consists of the following:
	'phi' operation ('data_V_load_phi', firmware/nnet_utils/nnet_conv2d_resource.h:11->firmware/nnet_utils/nnet_conv2d.h:69) with incoming values : ('data_V_read', firmware/nnet_utils/nnet_conv2d_resource.h:11->firmware/nnet_utils/nnet_conv2d.h:69) [34]  (0 ns)
	'call' operation ('data_buf_V_0_0_i', firmware/nnet_utils/nnet_conv2d_resource.h:11->firmware/nnet_utils/nnet_conv2d.h:69) to 'fill_buffer.1' [57]  (4.26 ns)

 <State 5>: 4.02ns
The critical path consists of the following:
	'call' operation ('data_buf_V_0_0_i', firmware/nnet_utils/nnet_conv2d_resource.h:11->firmware/nnet_utils/nnet_conv2d.h:69) to 'fill_buffer.1' [57]  (4.02 ns)

 <State 6>: 2.53ns
The critical path consists of the following:
	'mul' operation of DSP[66] ('mul_ln1118_9', firmware/nnet_utils/nnet_mult.h:73->firmware/nnet_utils/nnet_conv2d_resource.h:70->firmware/nnet_utils/nnet_conv2d.h:69->firmware/myproject.cpp:8) [66]  (2.53 ns)

 <State 7>: 2.78ns
The critical path consists of the following:
	'mul' operation of DSP[77] ('mul_ln1118_14', firmware/nnet_utils/nnet_mult.h:73->firmware/nnet_utils/nnet_conv2d_resource.h:70->firmware/nnet_utils/nnet_conv2d.h:69->firmware/myproject.cpp:8) [77]  (2.53 ns)
	'select' operation ('select_ln203_16', firmware/nnet_utils/nnet_conv2d_resource.h:98->firmware/nnet_utils/nnet_conv2d.h:69->firmware/myproject.cpp:8) [121]  (0 ns)
	'select' operation ('res[6].V', firmware/nnet_utils/nnet_conv2d_resource.h:98->firmware/nnet_utils/nnet_conv2d.h:69->firmware/myproject.cpp:8) [122]  (0.243 ns)
	'insertvalue' operation ('mrv_6', firmware/myproject.cpp:8) [154]  (0 ns)


============================================================
+ Verbose Summary: Binding
============================================================
N/A
* FSMD analyzer results:
  - Output states:
 - Input state : 
  - Chain level:
	State 1
	State 2
	State 3
	State 4
	State 5
	State 6
	State 7


============================================================
+ Verbose Summary: Datapath Resource usage 
============================================================
N/A
